Component: Arm Compiler for Embedded 6.24 Tool: armlink [5f371500]

==============================================================================

Section Cross References

    startup_stm32f103xb.o(STACK) refers (Special) to heapauxi.o(.text) for __use_two_region_memory
    startup_stm32f103xb.o(HEAP) refers (Special) to heapauxi.o(.text) for __use_two_region_memory
    startup_stm32f103xb.o(RESET) refers (Special) to heapauxi.o(.text) for __use_two_region_memory
    startup_stm32f103xb.o(RESET) refers to startup_stm32f103xb.o(STACK) for __initial_sp
    startup_stm32f103xb.o(RESET) refers to startup_stm32f103xb.o(.text) for Reset_Handler
    startup_stm32f103xb.o(RESET) refers to stm32f1xx_it.o(.text.NMI_Handler) for NMI_Handler
    startup_stm32f103xb.o(RESET) refers to stm32f1xx_it.o(.text.HardFault_Handler) for HardFault_Handler
    startup_stm32f103xb.o(RESET) refers to stm32f1xx_it.o(.text.MemManage_Handler) for MemManage_Handler
    startup_stm32f103xb.o(RESET) refers to stm32f1xx_it.o(.text.BusFault_Handler) for BusFault_Handler
    startup_stm32f103xb.o(RESET) refers to stm32f1xx_it.o(.text.UsageFault_Handler) for UsageFault_Handler
    startup_stm32f103xb.o(RESET) refers to stm32f1xx_it.o(.text.SVC_Handler) for SVC_Handler
    startup_stm32f103xb.o(RESET) refers to stm32f1xx_it.o(.text.DebugMon_Handler) for DebugMon_Handler
    startup_stm32f103xb.o(RESET) refers to stm32f1xx_it.o(.text.PendSV_Handler) for PendSV_Handler
    startup_stm32f103xb.o(RESET) refers to stm32f1xx_it.o(.text.SysTick_Handler) for SysTick_Handler
    startup_stm32f103xb.o(RESET) refers to stm32f1xx_it.o(.text.EXTI0_IRQHandler) for EXTI0_IRQHandler
    startup_stm32f103xb.o(RESET) refers to stm32f1xx_it.o(.text.EXTI1_IRQHandler) for EXTI1_IRQHandler
    startup_stm32f103xb.o(RESET) refers to stm32f1xx_it.o(.text.DMA1_Channel4_IRQHandler) for DMA1_Channel4_IRQHandler
    startup_stm32f103xb.o(RESET) refers to stm32f1xx_it.o(.text.DMA1_Channel5_IRQHandler) for DMA1_Channel5_IRQHandler
    startup_stm32f103xb.o(RESET) refers to stm32f1xx_it.o(.text.USART1_IRQHandler) for USART1_IRQHandler
    startup_stm32f103xb.o(RESET) refers to stm32f1xx_it.o(.text.EXTI15_10_IRQHandler) for EXTI15_10_IRQHandler
    startup_stm32f103xb.o(.text) refers (Special) to heapauxi.o(.text) for __use_two_region_memory
    startup_stm32f103xb.o(.text) refers to system_stm32f1xx.o(.text.SystemInit) for SystemInit
    startup_stm32f103xb.o(.text) refers to __main.o(!!!main) for __main
    startup_stm32f103xb.o(.text) refers to startup_stm32f103xb.o(HEAP) for Heap_Mem
    startup_stm32f103xb.o(.text) refers to startup_stm32f103xb.o(STACK) for Stack_Mem
    main.o(.text.main) refers to stm32f1xx_hal.o(.text.HAL_Init) for HAL_Init
    main.o(.text.main) refers to stm32f1xx_hal_rcc.o(.text.HAL_RCC_OscConfig) for HAL_RCC_OscConfig
    main.o(.text.main) refers to stm32f1xx_hal_rcc.o(.text.HAL_RCC_ClockConfig) for HAL_RCC_ClockConfig
    main.o(.text.main) refers to stm32f1xx_hal_gpio.o(.text.HAL_GPIO_WritePin) for HAL_GPIO_WritePin
    main.o(.text.main) refers to stm32f1xx_hal_gpio.o(.text.HAL_GPIO_Init) for HAL_GPIO_Init
    main.o(.text.main) refers to stm32f1xx_hal_cortex.o(.text.HAL_NVIC_SetPriority) for HAL_NVIC_SetPriority
    main.o(.text.main) refers to stm32f1xx_hal_cortex.o(.text.HAL_NVIC_EnableIRQ) for HAL_NVIC_EnableIRQ
    main.o(.text.main) refers to main.o(.bss.htim3) for htim3
    main.o(.text.main) refers to stm32f1xx_hal_tim.o(.text.HAL_TIM_PWM_Init) for HAL_TIM_PWM_Init
    main.o(.text.main) refers to stm32f1xx_hal_tim_ex.o(.text.HAL_TIMEx_MasterConfigSynchronization) for HAL_TIMEx_MasterConfigSynchronization
    main.o(.text.main) refers to stm32f1xx_hal_tim.o(.text.HAL_TIM_PWM_ConfigChannel) for HAL_TIM_PWM_ConfigChannel
    main.o(.text.main) refers to stm32f1xx_hal_msp.o(.text.HAL_TIM_MspPostInit) for HAL_TIM_MspPostInit
    main.o(.text.main) refers to main.o(.bss..L_MergedGlobals) for .L_MergedGlobals
    main.o(.text.main) refers to stm32f1xx_hal_tim.o(.text.HAL_TIM_Base_Init) for HAL_TIM_Base_Init
    main.o(.text.main) refers to stm32f1xx_hal_tim.o(.text.HAL_TIM_ConfigClockSource) for HAL_TIM_ConfigClockSource
    main.o(.text.main) refers to main.o(.bss.huart1) for huart1
    main.o(.text.main) refers to stm32f1xx_hal_uart.o(.text.HAL_UART_Init) for HAL_UART_Init
    main.o(.text.main) refers to motor.o(.text.Motor_Init) for Motor_Init
    main.o(.text.main) refers to line_sensor.o(.text.Line_Init) for Line_Init
    main.o(.text.main) refers to ultrasonic.o(.text.Ultra_Init) for Ultra_Init
    main.o(.text.main) refers to uart.o(.text.UART_DMA_Init) for UART_DMA_Init
    main.o(.text.main) refers to uart.o(.bss..L_MergedGlobals) for data_ready_flag
    main.o(.text.main) refers to uart.o(.bss.main_buffer) for main_buffer
    main.o(.text.main) refers to motor.o(.text.Motor_Stop) for Motor_Stop
    main.o(.text.main) refers to message.o(.text.CMD_Process) for CMD_Process
[...]
    stm32f1xx_hal_tim.c                      0x00000000   Number         0  stm32f1xx_hal_tim.o ABSOLUTE
    stm32f1xx_hal_tim_ex.c                   0x00000000   Number         0  stm32f1xx_hal_tim_ex.o ABSOLUTE
    stm32f1xx_hal_uart.c                     0x00000000   Number         0  stm32f1xx_hal_uart.o ABSOLUTE
    stm32f1xx_it.c                           0x00000000   Number         0  stm32f1xx_it.o ABSOLUTE
    system_stm32f1xx.c                       0x00000000   Number         0  system_stm32f1xx.o ABSOLUTE
    uart.c                                   0x00000000   Number         0  uart.o ABSOLUTE
    ultrasonic.c                             0x00000000   Number         0  ultrasonic.o ABSOLUTE
    RESET                                    0x08000000   Section      236  startup_stm32f103xb.o(RESET)
    !!!main                                  0x080000ec   Section        8  __main.o(!!!main)
    !!!scatter                               0x080000f4   Section       92  __scatter.o(!!!scatter)
    !!handler_copy                           0x08000150   Section       26  __scatter_copy.o(!!handler_copy)
    !!handler_null                           0x0800016c   Section        2  __scatter.o(!!handler_null)
    !!handler_zi                             0x08000170   Section       28  __scatter_zi.o(!!handler_zi)
    .ARM.Collect$$_printf_percent$$00000000  0x0800018c   Section        0  _printf_percent.o(.ARM.Collect$$_printf_percent$$00000000)
    .ARM.Collect$$_printf_percent$$00000009  0x0800018c   Section        6  _printf_d.o(.ARM.Collect$$_printf_percent$$00000009)
    .ARM.Collect$$_printf_percent$$00000017  0x08000192   Section        4  _printf_percent_end.o(.ARM.Collect$$_printf_percent$$00000017)
    .ARM.Collect$$libinit$$00000000          0x08000196   Section        2  libinit.o(.ARM.Collect$$libinit$$00000000)
    .ARM.Collect$$libinit$$00000002          0x08000198   Section        0  libinit2.o(.ARM.Collect$$libinit$$00000002)
    .ARM.Collect$$libinit$$00000004          0x08000198   Section        0  libinit2.o(.ARM.Collect$$libinit$$00000004)
    .ARM.Collect$$libinit$$00000006          0x08000198   Section        0  libinit2.o(.ARM.Collect$$libinit$$00000006)
    .ARM.Collect$$libinit$$0000000C          0x08000198   Section        0  libinit2.o(.ARM.Collect$$libinit$$0000000C)
    .ARM.Collect$$libinit$$0000000E          0x08000198   Section        0  libinit2.o(.ARM.Collect$$libinit$$0000000E)
    .ARM.Collect$$libinit$$00000010          0x08000198   Section        0  libinit2.o(.ARM.Collect$$libinit$$00000010)
    .ARM.Collect$$libinit$$00000011          0x08000198   Section        6  libinit2.o(.ARM.Collect$$libinit$$00000011)
    .ARM.Collect$$libinit$$00000013          0x0800019e   Section        0  libinit2.o(.ARM.Collect$$libinit$$00000013)
    .ARM.Collect$$libinit$$00000014          0x0800019e   Section       12  libinit2.o(.ARM.Collect$$libinit$$00000014)
    .ARM.Collect$$libinit$$00000015          0x080001aa   Section        0  libinit2.o(.ARM.Collect$$libinit$$00000015)
    .ARM.Collect$$libinit$$00000017          0x080001aa   Section        0  libinit2.o(.ARM.Collect$$libinit$$00000017)
    .ARM.Collect$$libinit$$00000019          0x080001aa   Section        0  libinit2.o(.ARM.Collect$$libinit$$00000019)
    .ARM.Collect$$libinit$$0000001B          0x080001aa   Section        0  libinit2.o(.ARM.Collect$$libinit$$0000001B)
    .ARM.Collect$$libinit$$0000001D          0x080001aa   Section        0  libinit2.o(.ARM.Collect$$libinit$$0000001D)
    .ARM.Collect$$libinit$$0000001F          0x080001aa   Section        0  libinit2.o(.ARM.Collect$$libinit$$0000001F)
    .ARM.Collect$$libinit$$00000021          0x080001aa   Section        0  libinit2.o(.ARM.Collect$$libinit$$00000021)
    .ARM.Collect$$libinit$$00000023          0x080001aa   Section        0  libinit2.o(.ARM.Collect$$libinit$$00000023)
    .ARM.Collect$$libinit$$00000025          0x080001aa   Section        0  libinit2.o(.ARM.Collect$$libinit$$00000025)
    .ARM.Collect$$libinit$$00000027          0x080001aa   Section        0  libinit2.o(.ARM.Collect$$libinit$$00000027)
    .ARM.Collect$$libinit$$0000002E          0x080001aa   Section        0  libinit2.o(.ARM.Collect$$libinit$$0000002E)
    .ARM.Collect$$libinit$$00000030          0x080001aa   Section        0  libinit2.o(.ARM.Collect$$libinit$$00000030)
    .ARM.Collect$$libinit$$00000032          0x080001aa   Section        0  libinit2.o(.ARM.Collect$$libinit$$00000032)
    .ARM.Collect$$libinit$$00000034          0x080001aa   Section        0  libinit2.o(.ARM.Collect$$libinit$$00000034)
    .ARM.Collect$$libinit$$00000035          0x080001aa   Section        2  libinit2.o(.ARM.Collect$$libinit$$00000035)
    .ARM.Collect$$libshutdown$$00000000      0x080001ac   Section        2  libshutdown.o(.ARM.Collect$$libshutdown$$00000000)
    .ARM.Collect$$libshutdown$$00000002      0x080001ae   Section        0  libshutdown2.o(.ARM.Collect$$libshutdown$$00000002)
    .ARM.Collect$$libshutdown$$00000004      0x080001ae   Section        0  libshutdown2.o(.ARM.Collect$$libshutdown$$00000004)
    .ARM.Collect$$libshutdown$$00000007      0x080001ae   Section        0  libshutdown2.o(.ARM.Collect$$libshutdown$$00000007)
    .ARM.Collect$$libshutdown$$0000000A      0x080001ae   Section        0  libshutdown2.o(.ARM.Collect$$libshutdown$$0000000A)
    .ARM.Collect$$libshutdown$$0000000C      0x080001ae   Section        0  libshutdown2.o(.ARM.Collect$$libshutdown$$0000000C)
    .ARM.Collect$$libshutdown$$0000000F      0x080001ae   Section        0  libshutdown2.o(.ARM.Collect$$libshutdown$$0000000F)
    .ARM.Collect$$libshutdown$$00000010      0x080001ae   Section        2  libshutdown2.o(.ARM.Collect$$libshutdown$$00000010)
    .ARM.Collect$$rtentry$$00000000          0x080001b0   Section        0  __rtentry.o(.ARM.Collect$$rtentry$$00000000)
    .ARM.Collect$$rtentry$$00000002          0x080001b0   Section        0  __rtentry2.o(.ARM.Collect$$rtentry$$00000002)
    .ARM.Collect$$rtentry$$00000004          0x080001b0   Section        6  __rtentry4.o(.ARM.Collect$$rtentry$$00000004)
    .ARM.Collect$$rtentry$$00000009          0x080001b6   Section        0  __rtentry2.o(.ARM.Collect$$rtentry$$00000009)
    .ARM.Collect$$rtentry$$0000000A          0x080001b6   Section        4  __rtentry2.o(.ARM.Collect$$rtentry$$0000000A)
    .ARM.Collect$$rtentry$$0000000C          0x080001ba   Section        0  __rtentry2.o(.ARM.Collect$$rtentry$$0000000C)
    .ARM.Collect$$rtentry$$0000000D          0x080001ba   Section        8  __rtentry2.o(.ARM.Collect$$rtentry$$0000000D)
    .ARM.Collect$$rtexit$$00000000           0x080001c2   Section        2  rtexit.o(.ARM.Collect$$rtexit$$00000000)
    .ARM.Collect$$rtexit$$00000002           0x080001c4   Section        0  rtexit2.o(.ARM.Collect$$rtexit$$00000002)
    .ARM.Collect$$rtexit$$00000003           0x080001c4   Section        4  rtexit2.o(.ARM.Collect$$rtexit$$00000003)
    .ARM.Collect$$rtexit$$00000004           0x080001c8   Section        6  rtexit2.o(.ARM.Collect$$rtexit$$00000004)
    .text                                    0x080001d0   Section       64  startup_stm32f103xb.o(.text)
    .text                                    0x08000210   Section        0  noretval__2snprintf.o(.text)
    .text                                    0x08000250   Section        0  __printf.o(.text)
    .text                                    0x080002b8   Section        0  _printf_dec.o(.text)
    .text                                    0x08000330   Section        0  atoi.o(.text)
    .text                                    0x0800034a   Section        0  strstr.o(.text)
    .text                                    0x0800036e   Section        0  strlen.o(.text)
    .text                                    0x080003ac   Section      138  rt_memcpy_v6.o(.text)
    .text                                    0x08000436   Section      100  rt_memcpy_w.o(.text)
    .text                                    0x0800049a   Section        0  heapauxi.o(.text)
    .text                                    0x080004a0   Section        8  rt_errno_addr_intlibspace.o(.text)
    .text                                    0x080004a8   Section        0  _printf_intcommon.o(.text)
    _printf_input_char                       0x0800055d   Thumb Code    10  _printf_char_common.o(.text)
    .text                                    0x0800055c   Section        0  _printf_char_common.o(.text)
    .text                                    0x0800058c   Section        0  _snputc.o(.text)
    .text                                    0x0800059c   Section        0  strtol.o(.text)
    .text                                    0x0800060c   Section        8  libspace.o(.text)
    .text                                    0x08000614   Section       16  rt_ctype_table.o(.text)
    .text                                    0x08000624   Section        0  _strtoul.o(.text)
    .text                                    0x080006c2   Section       74  sys_stackheap_outer.o(.text)
    .text                                    0x0800070c   Section        8  rt_locale_intlibspace.o(.text)
    .text                                    0x08000714   Section        0  _chval.o(.text)
    .text                                    0x08000730   Section        0  exit.o(.text)
    .text                                    0x08000744   Section      128  strcmpv7m.o(.text)
    .text                                    0x080007c4   Section        0  sys_exit.o(.text)
    .text                                    0x080007d0   Section        2  use_no_semi.o(.text)
    .text                                    0x080007d2   Section        0  indicate_semi.o(.text)
    [Anonymous Symbol]                       0x080007d4   Section        0  stm32f1xx_it.o(.text.BusFault_Handler)
    [Anonymous Symbol]                       0x080007d8   Section        0  message.o(.text.CMD_Process)
    [Anonymous Symbol]                       0x08000a50   Section        0  stm32f1xx_it.o(.text.DMA1_Channel4_IRQHandler)
    [Anonymous Symbol]                       0x08000a5c   Section        0  stm32f1xx_it.o(.text.DMA1_Channel5_IRQHandler)
    [Anonymous Symbol]                       0x08000a68   Section        0  stm32f1xx_it.o(.text.DebugMon_Handler)
    Drive                                    0x08000a6d   Thumb Code    32  robot_control.o(.text.Drive)
    [Anonymous Symbol]                       0x08000a6c   Section        0  robot_control.o(.text.Drive)
    [Anonymous Symbol]                       0x08000a8c   Section        0  stm32f1xx_it.o(.text.EXTI0_IRQHandler)
    [Anonymous Symbol]                       0x08000a94   Section        0  stm32f1xx_it.o(.text.EXTI15_10_IRQHandler)
    [Anonymous Symbol]                       0x08000aac   Section        0  stm32f1xx_it.o(.text.EXTI1_IRQHandler)
    [Anonymous Symbol]                       0x08000ab4   Section        0  main.o(.text.Error_Handler)
    [Anonymous Symbol]                       0x08000ac0   Section        0  fuzzy.o(.text.Fuzzy_Control)
    [Anonymous Symbol]                       0x080011b8   Section        0  stm32f1xx_hal_dma.o(.text.HAL_DMA_Abort)
    [Anonymous Symbol]                       0x08001200   Section        0  stm32f1xx_hal_dma.o(.text.HAL_DMA_Abort_IT)
    [Anonymous Symbol]                       0x080012b8   Section        0  stm32f1xx_hal_dma.o(.text.HAL_DMA_IRQHandler)
    [Anonymous Symbol]                       0x08001458   Section        0  stm32f1xx_hal_dma.o(.text.HAL_DMA_Init)
    [Anonymous Symbol]                       0x080014dc   Section        0  stm32f1xx_hal_dma.o(.text.HAL_DMA_Start_IT)
    [Anonymous Symbol]                       0x0800157c   Section        0  stm32f1xx_hal.o(.text.HAL_Delay)
    [Anonymous Symbol]                       0x080015a4   Section        0  line_sensor.o(.text.HAL_GPIO_EXTI_Callback)
    [Anonymous Symbol]                       0x08001618   Section        0  stm32f1xx_hal_gpio.o(.text.HAL_GPIO_EXTI_IRQHandler)
    [Anonymous Symbol]                       0x08001630   Section        0  stm32f1xx_hal_gpio.o(.text.HAL_GPIO_Init)
    [Anonymous Symbol]                       0x08001840   Section        0  stm32f1xx_hal_gpio.o(.text.HAL_GPIO_ReadPin)
    [Anonymous Symbol]                       0x0800184c   Section        0  stm32f1xx_hal_gpio.o(.text.HAL_GPIO_WritePin)
    [Anonymous Symbol]                       0x08001858   Section        0  stm32f1xx_hal.o(.text.HAL_GetTick)
    [Anonymous Symbol]                       0x08001864   Section        0  stm32f1xx_hal.o(.text.HAL_IncTick)
    [Anonymous Symbol]                       0x08001880   Section        0  stm32f1xx_hal.o(.text.HAL_Init)
    [Anonymous Symbol]                       0x080018a8   Section        0  stm32f1xx_hal.o(.text.HAL_InitTick)
    [Anonymous Symbol]                       0x080018f0   Section        0  stm32f1xx_hal_msp.o(.text.HAL_MspInit)
    [Anonymous Symbol]                       0x08001934   Section        0  stm32f1xx_hal_cortex.o(.text.HAL_NVIC_EnableIRQ)
    [Anonymous Symbol]                       0x08001958   Section        0  stm32f1xx_hal_cortex.o(.text.HAL_NVIC_SetPriority)
    [Anonymous Symbol]                       0x080019b0   Section        0  stm32f1xx_hal_cortex.o(.text.HAL_NVIC_SetPriorityGrouping)
    [Anonymous Symbol]                       0x080019d0   Section        0  stm32f1xx_hal_rcc.o(.text.HAL_RCC_ClockConfig)
    [Anonymous Symbol]                       0x08001b8c   Section        0  stm32f1xx_hal_rcc.o(.text.HAL_RCC_GetPCLK1Freq)
    [Anonymous Symbol]                       0x08001bb4   Section        0  stm32f1xx_hal_rcc.o(.text.HAL_RCC_GetPCLK2Freq)
    [Anonymous Symbol]                       0x08001bdc   Section        0  stm32f1xx_hal_rcc.o(.text.HAL_RCC_OscConfig)
    [Anonymous Symbol]                       0x08001fdc   Section        0  stm32f1xx_hal_cortex.o(.text.HAL_SYSTICK_Config)
    [Anonymous Symbol]                       0x08002008   Section        0  stm32f1xx_hal_tim_ex.o(.text.HAL_TIMEx_MasterConfigSynchronization)
    [Anonymous Symbol]                       0x08002088   Section        0  stm32f1xx_hal_tim.o(.text.HAL_TIM_Base_Init)
    [Anonymous Symbol]                       0x08002184   Section        0  stm32f1xx_hal_msp.o(.text.HAL_TIM_Base_MspInit)
    [Anonymous Symbol]                       0x080021b0   Section        0  stm32f1xx_hal_tim.o(.text.HAL_TIM_Base_Start)
    [Anonymous Symbol]                       0x08002218   Section        0  stm32f1xx_hal_tim.o(.text.HAL_TIM_ConfigClockSource)
    [Anonymous Symbol]                       0x080023b8   Section        0  stm32f1xx_hal_msp.o(.text.HAL_TIM_MspPostInit)
    [Anonymous Symbol]                       0x08002410   Section        0  stm32f1xx_hal_tim.o(.text.HAL_TIM_PWM_ConfigChannel)
    [Anonymous Symbol]                       0x08002614   Section        0  stm32f1xx_hal_tim.o(.text.HAL_TIM_PWM_Init)
    [Anonymous Symbol]                       0x08002710   Section        0  stm32f1xx_hal_msp.o(.text.HAL_TIM_PWM_MspInit)
    [Anonymous Symbol]                       0x08002740   Section        0  stm32f1xx_hal_tim.o(.text.HAL_TIM_PWM_Start)
    [Anonymous Symbol]                       0x0800281c   Section        0  stm32f1xx_hal_uart.o(.text.HAL_UARTEx_ReceiveToIdle_DMA)
    [Anonymous Symbol]                       0x08002a00   Section        0  uart.o(.text.HAL_UARTEx_RxEventCallback)
    [Anonymous Symbol]                       0x08002a6c   Section        0  uart.o(.text.HAL_UART_ErrorCallback)
    [Anonymous Symbol]                       0x08002aac   Section        0  stm32f1xx_hal_uart.o(.text.HAL_UART_IRQHandler)
    [Anonymous Symbol]                       0x0800301c   Section        0  stm32f1xx_hal_uart.o(.text.HAL_UART_Init)
    [Anonymous Symbol]                       0x08003100   Section        0  stm32f1xx_hal_msp.o(.text.HAL_UART_MspInit)
    [Anonymous Symbol]                       0x08003200   Section        0  stm32f1xx_hal_uart.o(.text.HAL_UART_RxCpltCallback)
    [Anonymous Symbol]                       0x08003204   Section        0  stm32f1xx_hal_uart.o(.text.HAL_UART_RxHalfCpltCallback)
    [Anonymous Symbol]                       0x08003208   Section        0  stm32f1xx_hal_uart.o(.text.HAL_UART_Transmit)
    [Anonymous Symbol]                       0x0800339c   Section        0  stm32f1xx_hal_uart.o(.text.HAL_UART_TxCpltCallback)
    [Anonymous Symbol]                       0x080033a0   Section        0  stm32f1xx_it.o(.text.HardFault_Handler)
    [Anonymous Symbol]                       0x080033a4   Section        0  line_sensor.o(.text.Line_Init)
    [Anonymous Symbol]                       0x08003424   Section        0  line_sensor.o(.text.Line_Read)
    [Anonymous Symbol]                       0x08003490   Section        0  message.o(.text.MSG_SendRobotState)
    [Anonymous Symbol]                       0x080034ec   Section        0  stm32f1xx_it.o(.text.MemManage_Handler)
    [Anonymous Symbol]                       0x080034f0   Section        0  motor.o(.text.Motor_Init)
    [Anonymous Symbol]                       0x08003548   Section        0  motor.o(.text.Motor_Set)
    [Anonymous Symbol]                       0x080035cc   Section        0  motor.o(.text.Motor_Stop)
    [Anonymous Symbol]                       0x08003614   Section        0  stm32f1xx_it.o(.text.NMI_Handler)
    [Anonymous Symbol]                       0x08003618   Section        0  stm32f1xx_it.o(.text.PendSV_Handler)
    [Anonymous Symbol]                       0x0800361c   Section        0  robot_control.o(.text.Robot_ResetState)
    [Anonymous Symbol]                       0x08003650   Section        0  robot_control.o(.text.Robot_Run)
    [Anonymous Symbol]                       0x08003a10   Section        0  stm32f1xx_it.o(.text.SVC_Handler)
    [Anonymous Symbol]                       0x08003a14   Section        0  stm32f1xx_it.o(.text.SysTick_Handler)
    [Anonymous Symbol]                       0x08003a18   Section        0  system_stm32f1xx.o(.text.SystemInit)
    UART_DMAAbortOnError                     0x08003a1d   Thumb Code    12  stm32f1xx_hal_uart.o(.text.UART_DMAAbortOnError)
    [Anonymous Symbol]                       0x08003a1c   Section        0  stm32f1xx_hal_uart.o(.text.UART_DMAAbortOnError)
    UART_DMAError                            0x08003a29   Thumb Code   380  stm32f1xx_hal_uart.o(.text.UART_DMAError)
    [Anonymous Symbol]                       0x08003a28   Section        0  stm32f1xx_hal_uart.o(.text.UART_DMAError)
    UART_DMAReceiveCplt                      0x08003ba5   Thumb Code   350  stm32f1xx_hal_uart.o(.text.UART_DMAReceiveCplt)
    [Anonymous Symbol]                       0x08003ba4   Section        0  stm32f1xx_hal_uart.o(.text.UART_DMAReceiveCplt)
    UART_DMARxHalfCplt                       0x08003d05   Thumb Code    24  stm32f1xx_hal_uart.o(.text.UART_DMARxHalfCplt)
    [Anonymous Symbol]                       0x08003d04   Section        0  stm32f1xx_hal_uart.o(.text.UART_DMARxHalfCplt)
    [Anonymous Symbol]                       0x08003d1c   Section        0  uart.o(.text.UART_DMA_Init)
    [Anonymous Symbol]                       0x08003d5c   Section        0  uart.o(.text.UART_DMA_SendString)
    UART_Receive_IT                          0x08003d7d   Thumb Code   254  stm32f1xx_hal_uart.o(.text.UART_Receive_IT)
    [Anonymous Symbol]                       0x08003d7c   Section        0  stm32f1xx_hal_uart.o(.text.UART_Receive_IT)
    [Anonymous Symbol]                       0x08003e7c   Section        0  stm32f1xx_it.o(.text.USART1_IRQHandler)
    [Anonymous Symbol]                       0x08003e88   Section        0  ultrasonic.o(.text.Ultra_Init)
    [Anonymous Symbol]                       0x08003e94   Section        0  ultrasonic.o(.text.Ultra_Read)
    [Anonymous Symbol]                       0x08003f5c   Section        0  ultrasonic.o(.text.Ultra_ReadAll)
    [Anonymous Symbol]                       0x08003fa8   Section        0  stm32f1xx_it.o(.text.UsageFault_Handler)
    [Anonymous Symbol]                       0x08003fac   Section        0  main.o(.text.main)
    locale$$code                             0x080042e4   Section       44  lc_ctype_c.o(locale$$code)
    x$fpl$d2f                                0x08004310   Section       98  d2f.o(x$fpl$d2f)
    x$fpl$dfltu                              0x08004372   Section       38  dflt_clz.o(x$fpl$dfltu)
    x$fpl$dmul                               0x08004398   Section      340  dmul.o(x$fpl$dmul)
    x$fpl$dnaninf                            0x080044ec   Section      156  dnaninf.o(x$fpl$dnaninf)
    x$fpl$dretinf                            0x08004588   Section       12  dretinf.o(x$fpl$dretinf)
    x$fpl$fadd                               0x08004594   Section      196  faddsub_clz.o(x$fpl$fadd)
    _fadd1                                   0x080045a3   Thumb Code     0  faddsub_clz.o(x$fpl$fadd)
    x$fpl$fcmp                               0x08004658   Section       84  fcmp.o(x$fpl$fcmp)
    x$fpl$fcmpinf                            0x080046ac   Section       24  fcmpi.o(x$fpl$fcmpinf)
    _fdiv1                                   0x080046c5   Thumb Code     0  fdiv.o(x$fpl$fdiv)
    x$fpl$fdiv                               0x080046c4   Section      388  fdiv.o(x$fpl$fdiv)
    x$fpl$feqf                               0x08004848   Section      104  feqf.o(x$fpl$feqf)
    x$fpl$ffix                               0x080048b0   Section       54  ffix.o(x$fpl$ffix)
    x$fpl$fflt                               0x080048e8   Section       48  fflt_clz.o(x$fpl$fflt)
    x$fpl$fgeqf                              0x08004918   Section      104  fgeqf.o(x$fpl$fgeqf)
    x$fpl$fleqf                              0x08004980   Section      104  fleqf.o(x$fpl$fleqf)
    x$fpl$fmul                               0x080049e8   Section      258  fmul.o(x$fpl$fmul)
    x$fpl$fnaninf                            0x08004aea   Section      140  fnaninf.o(x$fpl$fnaninf)
    x$fpl$fretinf                            0x08004b76   Section       10  fretinf.o(x$fpl$fretinf)
    x$fpl$fsub                               0x08004b80   Section      234  faddsub_clz.o(x$fpl$fsub)
    _fsub1                                   0x08004b8f   Thumb Code     0  faddsub_clz.o(x$fpl$fsub)
    x$fpl$usenofp                            0x08004c6a   Section        0  usenofp.o(x$fpl$usenofp)
    HAL_RCC_GetSysClockFreq.aPredivFactorTable 0x08004c82   Data           2  stm32f1xx_hal_rcc.o(.rodata.HAL_RCC_GetSysClockFreq.aPredivFactorTable)
    [Anonymous Symbol]                       0x08004c82   Section        0  stm32f1xx_hal_rcc.o(.rodata.HAL_RCC_GetSysClockFreq.aPredivFactorTable)
    HAL_RCC_GetSysClockFreq.aPLLMULFactorTable 0x08004c84   Data          16  stm32f1xx_hal_rcc.o(.rodata.cst16)
    [Anonymous Symbol]                       0x08004c84   Section        0  stm32f1xx_hal_rcc.o(.rodata.cst16)
    .L.str.13                                0x08004c94   Data           5  message.o(.rodata.str1.1)
    [Anonymous Symbol]                       0x08004c94   Section        0  message.o(.rodata.str1.1)
    .L.str.14                                0x08004c99   Data           5  message.o(.rodata.str1.1)
    .L.str.12                                0x08004c9e   Data           5  message.o(.rodata.str1.1)
    locale$$data                             0x08004cc4   Section      272  lc_ctype_c.o(locale$$data)
    __lcctype_c_name                         0x08004cc8   Data           2  lc_ctype_c.o(locale$$data)
    __lcctype_c_start                        0x08004cd0   Data           0  lc_ctype_c.o(locale$$data)
    __lcctype_c_end                          0x08004dd4   Data           0  lc_ctype_c.o(locale$$data)
    .L_MergedGlobals                         0x20000000   Data           8  stm32f1xx_hal.o(.data..L_MergedGlobals)
    [Anonymous Symbol]                       0x20000000   Section        0  stm32f1xx_hal.o(.data..L_MergedGlobals)
    speed                                    0x2000000c   Data           4  message.o(.data.speed)
    [Anonymous Symbol]                       0x2000000c   Section        0  message.o(.data.speed)
    .bss                                     0x20000010   Section       96  libspace.o(.bss)
    .L_MergedGlobals                         0x20000070   Data          80  main.o(.bss..L_MergedGlobals)
    [Anonymous Symbol]                       0x20000070   Section        0  main.o(.bss..L_MergedGlobals)
    .L_MergedGlobals                         0x200000c0   Data           8  line_sensor.o(.bss..L_MergedGlobals)
    [Anonymous Symbol]                       0x200000c0   Section        0  line_sensor.o(.bss..L_MergedGlobals)
    .L_MergedGlobals                         0x200000c8   Data           4  uart.o(.bss..L_MergedGlobals)
    [Anonymous Symbol]                       0x200000c8   Section        0  uart.o(.bss..L_MergedGlobals)
    .L_MergedGlobals                         0x200000cc   Data          12  robot_control.o(.bss..L_MergedGlobals)
    current_state                            0x200000cc   Data           1  robot_control.o(.bss..L_MergedGlobals)
    [Anonymous Symbol]                       0x200000cc   Section        0  robot_control.o(.bss..L_MergedGlobals)
    escape_mask                              0x200000cd   Data           1  robot_control.o(.bss..L_MergedGlobals)
    state_start_time                         0x200000d0   Data           4  robot_control.o(.bss..L_MergedGlobals)
    last_seen_time                           0x200000d4   Data           4  robot_control.o(.bss..L_MergedGlobals)
    MSG_SendRobotState.last_send_time        0x200000d8   Data           4  message.o(.bss.MSG_SendRobotState.last_send_time)
    [Anonymous Symbol]                       0x200000d8   Section        0  message.o(.bss.MSG_SendRobotState.last_send_time)
    Heap_Mem                                 0x200003f8   Data         512  startup_stm32f103xb.o(HEAP)
    HEAP                                     0x200003f8   Section      512  startup_stm32f103xb.o(HEAP)
    Stack_Mem                                0x200005f8   Data        1024  startup_stm32f103xb.o(STACK)
    STACK                                    0x200005f8   Section     1024  startup_stm32f103xb.o(STACK)
    __initial_sp                             0x200009f8   Data           0  startup_stm32f103xb.o(STACK)

    Global Symbols

    Symbol Name                              Value     Ov Type        Size  Object(Section)

    BuildAttributes$$THM_ISAv4$P$D$K$B$S$PE$A:L22UL41UL21$X:L11$S22US41US21$IEEE1$IW$~IW$USESV6$~STKCKD$USESV7$~SHL$OTIME$ROPI$EBA8$UX$STANDARDLIB$REQ8$PRES8$EABIv2 0x00000000   Number         0  anon$$obj.o ABSOLUTE
    __fp_init_empty                          0x00000000   Number         0  fpinit_empty.o ABSOLUTE
    __ARM_exceptions_init                     - Undefined Weak Reference
    __alloca_initialize                       - Undefined Weak Reference
    __arm_preinit_                            - Undefined Weak Reference
    __arm_relocate_pie_                       - Undefined Weak Reference
    __cpp_initialize__aeabi_                  - Undefined Weak Reference
    __cxa_finalize                            - Undefined Weak Reference
    __sigvec_lookup                           - Undefined Weak Reference
    _atexit_init                              - Undefined Weak Reference
    _call_atexit_fns                          - Undefined Weak Reference
    _clock_init                               - Undefined Weak Reference
    _fp_trap_init                             - Undefined Weak Reference
    _fp_trap_shutdown                         - Undefined Weak Reference
    _get_lc_collate                           - Undefined Weak Reference
    _get_lc_monetary                          - Undefined Weak Reference
    _get_lc_numeric                           - Undefined Weak Reference
    _get_lc_time                              - Undefined Weak Reference
    _getenv_init                              - Undefined Weak Reference
    _handle_redirection                       - Undefined Weak Reference
    _init_alloc                               - Undefined Weak Reference
    _init_user_alloc                          - Undefined Weak Reference
    _initio                                   - Undefined Weak Reference
    _printf_post_padding                      - Undefined Weak Reference
    _printf_pre_padding                       - Undefined Weak Reference
    _printf_truncate_signed                   - Undefined Weak Reference
    _printf_truncate_unsigned                 - Undefined Weak Reference
    _rand_init                                - Undefined Weak Reference
    _signal_finish                            - Undefined Weak Reference
    _signal_init                              - Undefined Weak Reference
    _terminate_alloc                          - Undefined Weak Reference
    _terminate_user_alloc                     - Undefined Weak Reference
    _terminateio                              - Undefined Weak Reference
    __Vectors_Size                           0x000000ec   Number         0  startup_stm32f103xb.o ABSOLUTE
    __Vectors                                0x08000000   Data           4  startup_stm32f103xb.o(RESET)
    __Vectors_End                            0x080000ec   Data           0  startup_stm32f103xb.o(RESET)
    __main                                   0x080000ed   Thumb Code     8  __main.o(!!!main)
    __scatterload                            0x080000f5   Thumb Code     0  __scatter.o(!!!scatter)
    __scatterload_rt2                        0x080000f5   Thumb Code    84  __scatter.o(!!!scatter)
    __scatterload_rt2_thumb_only             0x080000f5   Thumb Code     0  __scatter.o(!!!scatter)
    __scatterload_loop                       0x080000ff   Thumb Code     0  __scatter.o(!!!scatter)
    __scatterload_copy                       0x08000151   Thumb Code    26  __scatter_copy.o(!!handler_copy)
    __scatterload_null                       0x0800016d   Thumb Code     2  __scatter.o(!!handler_null)
    __scatterload_zeroinit                   0x08000171   Thumb Code    28  __scatter_zi.o(!!handler_zi)
    _printf_d                                0x0800018d   Thumb Code     0  _printf_d.o(.ARM.Collect$$_printf_percent$$00000009)
    _printf_percent                          0x0800018d   Thumb Code     0  _printf_percent.o(.ARM.Collect$$_printf_percent$$00000000)
    _printf_percent_end                      0x08000193   Thumb Code     0  _printf_percent_end.o(.ARM.Collect$$_printf_percent$$00000017)
    __rt_lib_init                            0x08000197   Thumb Code     0  libinit.o(.ARM.Collect$$libinit$$00000000)
    __rt_lib_init_fp_1                       0x08000199   Thumb Code     0  libinit2.o(.ARM.Collect$$libinit$$00000002)
    __rt_lib_init_heap_1                     0x08000199   Thumb Code     0  libinit2.o(.ARM.Collect$$libinit$$0000000C)
    __rt_lib_init_lc_common                  0x08000199   Thumb Code     0  libinit2.o(.ARM.Collect$$libinit$$00000011)
    __rt_lib_init_preinit_1                  0x08000199   Thumb Code     0  libinit2.o(.ARM.Collect$$libinit$$00000006)
    __rt_lib_init_rand_1                     0x08000199   Thumb Code     0  libinit2.o(.ARM.Collect$$libinit$$00000010)
    __rt_lib_init_relocate_pie_1             0x08000199   Thumb Code     0  libinit2.o(.ARM.Collect$$libinit$$00000004)
    __rt_lib_init_user_alloc_1               0x08000199   Thumb Code     0  libinit2.o(.ARM.Collect$$libinit$$0000000E)
    __rt_lib_init_lc_collate_1               0x0800019f   Thumb Code     0  libinit2.o(.ARM.Collect$$libinit$$00000013)
    __rt_lib_init_lc_ctype_2                 0x0800019f   Thumb Code     0  libinit2.o(.ARM.Collect$$libinit$$00000014)
    __rt_lib_init_alloca_1                   0x080001ab   Thumb Code     0  libinit2.o(.ARM.Collect$$libinit$$00000030)
    __rt_lib_init_argv_1                     0x080001ab   Thumb Code     0  libinit2.o(.ARM.Collect$$libinit$$0000002E)
    __rt_lib_init_atexit_1                   0x080001ab   Thumb Code     0  libinit2.o(.ARM.Collect$$libinit$$0000001D)
    __rt_lib_init_clock_1                    0x080001ab   Thumb Code     0  libinit2.o(.ARM.Collect$$libinit$$00000023)
    __rt_lib_init_cpp_1                      0x080001ab   Thumb Code     0  libinit2.o(.ARM.Collect$$libinit$$00000034)
    __rt_lib_init_exceptions_1               0x080001ab   Thumb Code     0  libinit2.o(.ARM.Collect$$libinit$$00000032)
    __rt_lib_init_fp_trap_1                  0x080001ab   Thumb Code     0  libinit2.o(.ARM.Collect$$libinit$$00000021)
    __rt_lib_init_getenv_1                   0x080001ab   Thumb Code     0  libinit2.o(.ARM.Collect$$libinit$$00000025)
    __rt_lib_init_lc_ctype_1                 0x080001ab   Thumb Code     0  libinit2.o(.ARM.Collect$$libinit$$00000015)
    __rt_lib_init_lc_monetary_1              0x080001ab   Thumb Code     0  libinit2.o(.ARM.Collect$$libinit$$00000017)
    __rt_lib_init_lc_numeric_1               0x080001ab   Thumb Code     0  libinit2.o(.ARM.Collect$$libinit$$00000019)
    __rt_lib_init_lc_time_1                  0x080001ab   Thumb Code     0  libinit2.o(.ARM.Collect$$libinit$$0000001B)
    __rt_lib_init_return                     0x080001ab   Thumb Code     0  libinit2.o(.ARM.Collect$$libinit$$00000035)
    __rt_lib_init_signal_1                   0x080001ab   Thumb Code     0  libinit2.o(.ARM.Collect$$libinit$$0000001F)
    __rt_lib_init_stdio_1                    0x080001ab   Thumb Code     0  libinit2.o(.ARM.Collect$$libinit$$00000027)
    __rt_lib_shutdown                        0x080001ad   Thumb Code     0  libshutdown.o(.ARM.Collect$$libshutdown$$00000000)
    __rt_lib_shutdown_cpp_1                  0x080001af   Thumb Code     0  libshutdown2.o(.ARM.Collect$$libshutdown$$00000002)
    __rt_lib_shutdown_fp_trap_1              0x080001af   Thumb Code     0  libshutdown2.o(.ARM.Collect$$libshutdown$$00000007)
    __rt_lib_shutdown_heap_1                 0x080001af   Thumb Code     0  libshutdown2.o(.ARM.Collect$$libshutdown$$0000000F)
    __rt_lib_shutdown_return                 0x080001af   Thumb Code     0  libshutdown2.o(.ARM.Collect$$libshutdown$$00000010)
    __rt_lib_shutdown_signal_1               0x080001af   Thumb Code     0  libshutdown2.o(.ARM.Collect$$libshutdown$$0000000A)
    __rt_lib_shutdown_stdio_1                0x080001af   Thumb Code     0  libshutdown2.o(.ARM.Collect$$libshutdown$$00000004)
    __rt_lib_shutdown_user_alloc_1           0x080001af   Thumb Code     0  libshutdown2.o(.ARM.Collect$$libshutdown$$0000000C)
    __rt_entry                               0x080001b1   Thumb Code     0  __rtentry.o(.ARM.Collect$$rtentry$$00000000)
    __rt_entry_presh_1                       0x080001b1   Thumb Code     0  __rtentry2.o(.ARM.Collect$$rtentry$$00000002)
    __rt_entry_sh                            0x080001b1   Thumb Code     0  __rtentry4.o(.ARM.Collect$$rtentry$$00000004)
    __rt_entry_li                            0x080001b7   Thumb Code     0  __rtentry2.o(.ARM.Collect$$rtentry$$0000000A)
    __rt_entry_postsh_1                      0x080001b7   Thumb Code     0  __rtentry2.o(.ARM.Collect$$rtentry$$00000009)
    __rt_entry_main                          0x080001bb   Thumb Code     0  __rtentry2.o(.ARM.Collect$$rtentry$$0000000D)
    __rt_entry_postli_1                      0x080001bb   Thumb Code     0  __rtentry2.o(.ARM.Collect$$rtentry$$0000000C)
    __rt_exit                                0x080001c3   Thumb Code     0  rtexit.o(.ARM.Collect$$rtexit$$00000000)
    __rt_exit_ls                             0x080001c5   Thumb Code     0  rtexit2.o(.ARM.Collect$$rtexit$$00000003)
    __rt_exit_prels_1                        0x080001c5   Thumb Code     0  rtexit2.o(.ARM.Collect$$rtexit$$00000002)
    __rt_exit_exit                           0x080001c9   Thumb Code     0  rtexit2.o(.ARM.Collect$$rtexit$$00000004)
    Reset_Handler                            0x080001d1   Thumb Code     8  startup_stm32f103xb.o(.text)
    ADC1_2_IRQHandler                        0x080001eb   Thumb Code     0  startup_stm32f103xb.o(.text)
    CAN1_RX1_IRQHandler                      0x080001eb   Thumb Code     0  startup_stm32f103xb.o(.text)
    CAN1_SCE_IRQHandler                      0x080001eb   Thumb Code     0  startup_stm32f103xb.o(.text)
    DMA1_Channel1_IRQHandler                 0x080001eb   Thumb Code     0  startup_stm32f103xb.o(.text)
    DMA1_Channel2_IRQHandler                 0x080001eb   Thumb Code     0  startup_stm32f103xb.o(.text)
    DMA1_Channel3_IRQHandler                 0x080001eb   Thumb Code     0  startup_stm32f103xb.o(.text)
    DMA1_Channel6_IRQHandler                 0x080001eb   Thumb Code     0  startup_stm32f103xb.o(.text)
    DMA1_Channel7_IRQHandler                 0x080001eb   Thumb Code     0  startup_stm32f103xb.o(.text)
    EXTI2_IRQHandler                         0x080001eb   Thumb Code     0  startup_stm32f103xb.o(.text)
    EXTI3_IRQHandler                         0x080001eb   Thumb Code     0  startup_stm32f103xb.o(.text)
    EXTI4_IRQHandler                         0x080001eb   Thumb Code     0  startup_stm32f103xb.o(.text)
    EXTI9_5_IRQHandler                       0x080001eb   Thumb Code     0  startup_stm32f103xb.o(.text)
    FLASH_IRQHandler                         0x080001eb   Thumb Code     0  startup_stm32f103xb.o(.text)
    I2C1_ER_IRQHandler                       0x080001eb   Thumb Code     0  startup_stm32f103xb.o(.text)
    I2C1_EV_IRQHandler                       0x080001eb   Thumb Code     0  startup_stm32f103xb.o(.text)
    I2C2_ER_IRQHandler                       0x080001eb   Thumb Code     0  startup_stm32f103xb.o(.text)
    I2C2_EV_IRQHandler                       0x080001eb   Thumb Code     0  startup_stm32f103xb.o(.text)
    PVD_IRQHandler                           0x080001eb   Thumb Code     0  startup_stm32f103xb.o(.text)
    RCC_IRQHandler                           0x080001eb   Thumb Code     0  startup_stm32f103xb.o(.text)
    RTC_Alarm_IRQHandler                     0x080001eb   Thumb Code     0  startup_stm32f103xb.o(.text)
    RTC_IRQHandler                           0x080001eb   Thumb Code     0  startup_stm32f103xb.o(.text)
    SPI1_IRQHandler                          0x080001eb   Thumb Code     0  startup_stm32f103xb.o(.text)
    SPI2_IRQHandler                          0x080001eb   Thumb Code     0  startup_stm32f103xb.o(.text)
    TAMPER_IRQHandler                        0x080001eb   Thumb Code     0  startup_stm32f103xb.o(.text)
    TIM1_BRK_IRQHandler                      0x080001eb   Thumb Code     0  startup_stm32f103xb.o(.text)
    TIM1_CC_IRQHandler                       0x080001eb   Thumb Code     0  startup_stm32f103xb.o(.text)
    TIM1_TRG_COM_IRQHandler                  0x080001eb   Thumb Code     0  startup_stm32f103xb.o(.text)
    TIM1_UP_IRQHandler                       0x080001eb   Thumb Code     0  startup_stm32f103xb.o(.text)
    TIM2_IRQHandler                          0x080001eb   Thumb Code     0  startup_stm32f103xb.o(.text)
    TIM3_IRQHandler                          0x080001eb   Thumb Code     0  startup_stm32f103xb.o(.text)
    TIM4_IRQHandler                          0x080001eb   Thumb Code     0  startup_stm32f103xb.o(.text)
    USART2_IRQHandler                        0x080001eb   Thumb Code     0  startup_stm32f103xb.o(.text)
    USART3_IRQHandler                        0x080001eb   Thumb Code     0  startup_stm32f103xb.o(.text)
    USBWakeUp_IRQHandler                     0x080001eb   Thumb Code     0  startup_stm32f103xb.o(.text)
    USB_HP_CAN1_TX_IRQHandler                0x080001eb   Thumb Code     0  startup_stm32f103xb.o(.text)
    USB_LP_CAN1_RX0_IRQHandler               0x080001eb   Thumb Code     0  startup_stm32f103xb.o(.text)
    WWDG_IRQHandler                          0x080001eb   Thumb Code     0  startup_stm32f103xb.o(.text)
    __user_initial_stackheap                 0x080001ed   Thumb Code     0  startup_stm32f103xb.o(.text)
    __2snprintf                              0x08000211   Thumb Code    58  noretval__2snprintf.o(.text)
    __printf                                 0x08000251   Thumb Code   104  __printf.o(.text)
    _printf_int_dec                          0x080002b9   Thumb Code   104  _printf_dec.o(.text)
    atoi                                     0x08000331   Thumb Code    26  atoi.o(.text)
    strstr                                   0x0800034b   Thumb Code    36  strstr.o(.text)
    strlen                                   0x0800036f   Thumb Code    62  strlen.o(.text)
    __aeabi_memcpy                           0x080003ad   Thumb Code     0  rt_memcpy_v6.o(.text)
    __rt_memcpy                              0x080003ad   Thumb Code   138  rt_memcpy_v6.o(.text)
    _memcpy_lastbytes                        0x08000413   Thumb Code     0  rt_memcpy_v6.o(.text)
    __aeabi_memcpy4                          0x08000437   Thumb Code     0  rt_memcpy_w.o(.text)
    __aeabi_memcpy8                          0x08000437   Thumb Code     0  rt_memcpy_w.o(.text)
    __rt_memcpy_w                            0x08000437   Thumb Code   100  rt_memcpy_w.o(.text)
    _memcpy_lastbytes_aligned                0x0800047f   Thumb Code     0  rt_memcpy_w.o(.text)
    __use_two_region_memory                  0x0800049b   Thumb Code     2  heapauxi.o(.text)
    __rt_heap_escrow$2region                 0x0800049d   Thumb Code     2  heapauxi.o(.text)
    __rt_heap_expand$2region                 0x0800049f   Thumb Code     2  heapauxi.o(.text)
    __aeabi_errno_addr                       0x080004a1   Thumb Code     8  rt_errno_addr_intlibspace.o(.text)
    __errno$intlibspace                      0x080004a1   Thumb Code     0  rt_errno_addr_intlibspace.o(.text)
    __rt_errno_addr$intlibspace              0x080004a1   Thumb Code     0  rt_errno_addr_intlibspace.o(.text)
    _printf_int_common                       0x080004a9   Thumb Code   178  _printf_intcommon.o(.text)
    _printf_char_common                      0x08000567   Thumb Code    32  _printf_char_common.o(.text)
    _snputc                                  0x0800058d   Thumb Code    16  _snputc.o(.text)
    strtol                                   0x0800059d   Thumb Code   112  strtol.o(.text)
    __user_libspace                          0x0800060d   Thumb Code     8  libspace.o(.text)
    __user_perproc_libspace                  0x0800060d   Thumb Code     0  libspace.o(.text)
    __user_perthread_libspace                0x0800060d   Thumb Code     0  libspace.o(.text)
    __rt_ctype_table                         0x08000615   Thumb Code    16  rt_ctype_table.o(.text)
    _strtoul                                 0x08000625   Thumb Code   158  _strtoul.o(.text)
    __user_setup_stackheap                   0x080006c3   Thumb Code    74  sys_stackheap_outer.o(.text)
    __rt_locale                              0x0800070d   Thumb Code     8  rt_locale_intlibspace.o(.text)
    _chval                                   0x08000715   Thumb Code    28  _chval.o(.text)
    exit                                     0x08000731   Thumb Code    18  exit.o(.text)
    strcmp                                   0x08000745   Thumb Code   128  strcmpv7m.o(.text)
    _sys_exit                                0x080007c5   Thumb Code     8  sys_exit.o(.text)
    __I$use$semihosting                      0x080007d1   Thumb Code     0  use_no_semi.o(.text)
    __use_no_semihosting_swi                 0x080007d1   Thumb Code     2  use_no_semi.o(.text)
    __semihosting_library_function           0x080007d3   Thumb Code     0  indicate_semi.o(.text)
    BusFault_Handler                         0x080007d5   Thumb Code     2  stm32f1xx_it.o(.text.BusFault_Handler)
    CMD_Process                              0x080007d9   Thumb Code   456  message.o(.text.CMD_Process)
    DMA1_Channel4_IRQHandler                 0x08000a51   Thumb Code    12  stm32f1xx_it.o(.text.DMA1_Channel4_IRQHandler)
    DMA1_Channel5_IRQHandler                 0x08000a5d   Thumb Code    12  stm32f1xx_it.o(.text.DMA1_Channel5_IRQHandler)
    DebugMon_Handler                         0x08000a69   Thumb Code     2  stm32f1xx_it.o(.text.DebugMon_Handler)
    EXTI0_IRQHandler                         0x08000a8d   Thumb Code     6  stm32f1xx_it.o(.text.EXTI0_IRQHandler)
    EXTI15_10_IRQHandler                     0x08000a95   Thumb Code    22  stm32f1xx_it.o(.text.EXTI15_10_IRQHandler)
    EXTI1_IRQHandler                         0x08000aad   Thumb Code     6  stm32f1xx_it.o(.text.EXTI1_IRQHandler)
    Error_Handler                            0x08000ab5   Thumb Code    10  main.o(.text.Error_Handler)
    Fuzzy_Control                            0x08000ac1   Thumb Code  1782  fuzzy.o(.text.Fuzzy_Control)
    HAL_DMA_Abort                            0x080011b9   Thumb Code    70  stm32f1xx_hal_dma.o(.text.HAL_DMA_Abort)
    HAL_DMA_Abort_IT                         0x08001201   Thumb Code   182  stm32f1xx_hal_dma.o(.text.HAL_DMA_Abort_IT)
    HAL_DMA_IRQHandler                       0x080012b9   Thumb Code   416  stm32f1xx_hal_dma.o(.text.HAL_DMA_IRQHandler)
    HAL_DMA_Init                             0x08001459   Thumb Code   132  stm32f1xx_hal_dma.o(.text.HAL_DMA_Init)
    HAL_DMA_Start_IT                         0x080014dd   Thumb Code   160  stm32f1xx_hal_dma.o(.text.HAL_DMA_Start_IT)
    HAL_Delay                                0x0800157d   Thumb Code    40  stm32f1xx_hal.o(.text.HAL_Delay)
    HAL_GPIO_EXTI_Callback                   0x080015a5   Thumb Code   114  line_sensor.o(.text.HAL_GPIO_EXTI_Callback)
    HAL_GPIO_EXTI_IRQHandler                 0x08001619   Thumb Code    22  stm32f1xx_hal_gpio.o(.text.HAL_GPIO_EXTI_IRQHandler)
    HAL_GPIO_Init                            0x08001631   Thumb Code   526  stm32f1xx_hal_gpio.o(.text.HAL_GPIO_Init)
    HAL_GPIO_ReadPin                         0x08001841   Thumb Code    10  stm32f1xx_hal_gpio.o(.text.HAL_GPIO_ReadPin)
    HAL_GPIO_WritePin                        0x0800184d   Thumb Code    10  stm32f1xx_hal_gpio.o(.text.HAL_GPIO_WritePin)
    HAL_GetTick                              0x08001859   Thumb Code    12  stm32f1xx_hal.o(.text.HAL_GetTick)
    HAL_IncTick                              0x08001865   Thumb Code    26  stm32f1xx_hal.o(.text.HAL_IncTick)
    HAL_Init                                 0x08001881   Thumb Code    38  stm32f1xx_hal.o(.text.HAL_Init)
    HAL_InitTick                             0x080018a9   Thumb Code    72  stm32f1xx_hal.o(.text.HAL_InitTick)
    HAL_MspInit                              0x080018f1   Thumb Code    66  stm32f1xx_hal_msp.o(.text.HAL_MspInit)
    HAL_NVIC_EnableIRQ                       0x08001935   Thumb Code    34  stm32f1xx_hal_cortex.o(.text.HAL_NVIC_EnableIRQ)
    HAL_NVIC_SetPriority                     0x08001959   Thumb Code    86  stm32f1xx_hal_cortex.o(.text.HAL_NVIC_SetPriority)
    HAL_NVIC_SetPriorityGrouping             0x080019b1   Thumb Code    32  stm32f1xx_hal_cortex.o(.text.HAL_NVIC_SetPriorityGrouping)
    HAL_RCC_ClockConfig                      0x080019d1   Thumb Code   442  stm32f1xx_hal_rcc.o(.text.HAL_RCC_ClockConfig)
    HAL_RCC_GetPCLK1Freq                     0x08001b8d   Thumb Code    38  stm32f1xx_hal_rcc.o(.text.HAL_RCC_GetPCLK1Freq)
    HAL_RCC_GetPCLK2Freq                     0x08001bb5   Thumb Code    38  stm32f1xx_hal_rcc.o(.text.HAL_RCC_GetPCLK2Freq)
    HAL_RCC_OscConfig                        0x08001bdd   Thumb Code  1024  stm32f1xx_hal_rcc.o(.text.HAL_RCC_OscConfig)
    HAL_SYSTICK_Config                       0x08001fdd   Thumb Code    44  stm32f1xx_hal_cortex.o(.text.HAL_SYSTICK_Config)
    HAL_TIMEx_MasterConfigSynchronization    0x08002009   Thumb Code   126  stm32f1xx_hal_tim_ex.o(.text.HAL_TIMEx_MasterConfigSynchronization)
    HAL_TIM_Base_Init                        0x08002089   Thumb Code   250  stm32f1xx_hal_tim.o(.text.HAL_TIM_Base_Init)
    HAL_TIM_Base_MspInit                     0x08002185   Thumb Code    42  stm32f1xx_hal_msp.o(.text.HAL_TIM_Base_MspInit)
    HAL_TIM_Base_Start                       0x080021b1   Thumb Code   102  stm32f1xx_hal_tim.o(.text.HAL_TIM_Base_Start)
    HAL_TIM_ConfigClockSource                0x08002219   Thumb Code   416  stm32f1xx_hal_tim.o(.text.HAL_TIM_ConfigClockSource)
    HAL_TIM_MspPostInit                      0x080023b9   Thumb Code    86  stm32f1xx_hal_msp.o(.text.HAL_TIM_MspPostInit)
    HAL_TIM_PWM_ConfigChannel                0x08002411   Thumb Code   516  stm32f1xx_hal_tim.o(.text.HAL_TIM_PWM_ConfigChannel)
    HAL_TIM_PWM_Init                         0x08002615   Thumb Code   250  stm32f1xx_hal_tim.o(.text.HAL_TIM_PWM_Init)
    HAL_TIM_PWM_MspInit                      0x08002711   Thumb Code    48  stm32f1xx_hal_msp.o(.text.HAL_TIM_PWM_MspInit)
    HAL_TIM_PWM_Start                        0x08002741   Thumb Code   218  stm32f1xx_hal_tim.o(.text.HAL_TIM_PWM_Start)
    HAL_UARTEx_ReceiveToIdle_DMA             0x0800281d   Thumb Code   484  stm32f1xx_hal_uart.o(.text.HAL_UARTEx_ReceiveToIdle_DMA)
    HAL_UARTEx_RxEventCallback               0x08002a01   Thumb Code   108  uart.o(.text.HAL_UARTEx_RxEventCallback)
    HAL_UART_ErrorCallback                   0x08002a6d   Thumb Code    62  uart.o(.text.HAL_UART_ErrorCallback)
    HAL_UART_IRQHandler                      0x08002aad   Thumb Code  1392  stm32f1xx_hal_uart.o(.text.HAL_UART_IRQHandler)
    HAL_UART_Init                            0x0800301d   Thumb Code   226  stm32f1xx_hal_uart.o(.text.HAL_UART_Init)
    HAL_UART_MspInit                         0x08003101   Thumb Code   256  stm32f1xx_hal_msp.o(.text.HAL_UART_MspInit)
    HAL_UART_RxCpltCallback                  0x08003201   Thumb Code     2  stm32f1xx_hal_uart.o(.text.HAL_UART_RxCpltCallback)
    HAL_UART_RxHalfCpltCallback              0x08003205   Thumb Code     2  stm32f1xx_hal_uart.o(.text.HAL_UART_RxHalfCpltCallback)
    HAL_UART_Transmit                        0x08003209   Thumb Code   402  stm32f1xx_hal_uart.o(.text.HAL_UART_Transmit)
    HAL_UART_TxCpltCallback                  0x0800339d   Thumb Code     2  stm32f1xx_hal_uart.o(.text.HAL_UART_TxCpltCallback)
    HardFault_Handler                        0x080033a1   Thumb Code     2  stm32f1xx_it.o(.text.HardFault_Handler)
    Line_Init                                0x080033a5   Thumb Code   128  line_sensor.o(.text.Line_Init)
    Line_Read                                0x08003425   Thumb Code   106  line_sensor.o(.text.Line_Read)
    MSG_SendRobotState                       0x08003491   Thumb Code    72  message.o(.text.MSG_SendRobotState)
    MemManage_Handler                        0x080034ed   Thumb Code     2  stm32f1xx_it.o(.text.MemManage_Handler)
    Motor_Init                               0x080034f1   Thumb Code    86  motor.o(.text.Motor_Init)
    Motor_Set                                0x08003549   Thumb Code   130  motor.o(.text.Motor_Set)
    Motor_Stop                               0x080035cd   Thumb Code    70  motor.o(.text.Motor_Stop)
    NMI_Handler                              0x08003615   Thumb Code     2  stm32f1xx_it.o(.text.NMI_Handler)
    PendSV_Handler                           0x08003619   Thumb Code     2  stm32f1xx_it.o(.text.PendSV_Handler)
    Robot_ResetState                         0x0800361d   Thumb Code    52  robot_control.o(.text.Robot_ResetState)
    Robot_Run                                0x08003651   Thumb Code   960  robot_control.o(.text.Robot_Run)
    SVC_Handler                              0x08003a11   Thumb Code     2  stm32f1xx_it.o(.text.SVC_Handler)
    SysTick_Handler                          0x08003a15   Thumb Code     4  stm32f1xx_it.o(.text.SysTick_Handler)
    SystemInit                               0x08003a19   Thumb Code     2  system_stm32f1xx.o(.text.SystemInit)
    UART_DMA_Init                            0x08003d1d   Thumb Code    62  uart.o(.text.UART_DMA_Init)
    UART_DMA_SendString                      0x08003d5d   Thumb Code    30  uart.o(.text.UART_DMA_SendString)
    USART1_IRQHandler                        0x08003e7d   Thumb Code    12  stm32f1xx_it.o(.text.USART1_IRQHandler)
    Ultra_Init                               0x08003e89   Thumb Code    12  ultrasonic.o(.text.Ultra_Init)
    Ultra_Read                               0x08003e95   Thumb Code   200  ultrasonic.o(.text.Ultra_Read)
    Ultra_ReadAll                            0x08003f5d   Thumb Code    74  ultrasonic.o(.text.Ultra_ReadAll)
    UsageFault_Handler                       0x08003fa9   Thumb Code     2  stm32f1xx_it.o(.text.UsageFault_Handler)
    main                                     0x08003fad   Thumb Code   822  main.o(.text.main)
    _get_lc_ctype                            0x080042e5   Thumb Code    44  lc_ctype_c.o(locale$$code)
    __aeabi_d2f                              0x08004311   Thumb Code     0  d2f.o(x$fpl$d2f)
    _d2f                                     0x08004311   Thumb Code    98  d2f.o(x$fpl$d2f)
    __aeabi_ui2d                             0x08004373   Thumb Code     0  dflt_clz.o(x$fpl$dfltu)
    _dfltu                                   0x08004373   Thumb Code    38  dflt_clz.o(x$fpl$dfltu)
    __aeabi_dmul                             0x08004399   Thumb Code     0  dmul.o(x$fpl$dmul)
    _dmul                                    0x08004399   Thumb Code   332  dmul.o(x$fpl$dmul)
    __fpl_dnaninf                            0x080044ed   Thumb Code   156  dnaninf.o(x$fpl$dnaninf)
    __fpl_dretinf                            0x08004589   Thumb Code    12  dretinf.o(x$fpl$dretinf)
    __aeabi_fadd                             0x08004595   Thumb Code     0  faddsub_clz.o(x$fpl$fadd)
    _fadd                                    0x08004595   Thumb Code   196  faddsub_clz.o(x$fpl$fadd)
    __aeabi_fcmpeq                           0x08004659   Thumb Code     0  fcmp.o(x$fpl$fcmp)
    _feq                                     0x08004659   Thumb Code    14  fcmp.o(x$fpl$fcmp)
    _fneq                                    0x08004667   Thumb Code    14  fcmp.o(x$fpl$fcmp)
    __aeabi_fcmpgt                           0x08004675   Thumb Code     0  fcmp.o(x$fpl$fcmp)
    _fgr                                     0x08004675   Thumb Code    14  fcmp.o(x$fpl$fcmp)
    __aeabi_fcmpge                           0x08004683   Thumb Code     0  fcmp.o(x$fpl$fcmp)
    _fgeq                                    0x08004683   Thumb Code    14  fcmp.o(x$fpl$fcmp)
    __aeabi_fcmple                           0x08004691   Thumb Code     0  fcmp.o(x$fpl$fcmp)
    _fleq                                    0x08004691   Thumb Code    14  fcmp.o(x$fpl$fcmp)
    __aeabi_fcmplt                           0x0800469f   Thumb Code     0  fcmp.o(x$fpl$fcmp)
    _fls                                     0x0800469f   Thumb Code    14  fcmp.o(x$fpl$fcmp)
    __fpl_fcmp_Inf                           0x080046ad   Thumb Code    24  fcmpi.o(x$fpl$fcmpinf)
    __aeabi_fdiv                             0x080046c5   Thumb Code     0  fdiv.o(x$fpl$fdiv)
    _fdiv                                    0x080046c5   Thumb Code   384  fdiv.o(x$fpl$fdiv)
    __aeabi_cfcmpeq                          0x08004849   Thumb Code     0  feqf.o(x$fpl$feqf)
    _fcmpeq                                  0x08004849   Thumb Code   104  feqf.o(x$fpl$feqf)
    __aeabi_f2iz                             0x080048b1   Thumb Code     0  ffix.o(x$fpl$ffix)
    _ffix                                    0x080048b1   Thumb Code    54  ffix.o(x$fpl$ffix)
    __aeabi_i2f                              0x080048e9   Thumb Code     0  fflt_clz.o(x$fpl$fflt)
    _fflt                                    0x080048e9   Thumb Code    48  fflt_clz.o(x$fpl$fflt)
    _fcmpge                                  0x08004919   Thumb Code   104  fgeqf.o(x$fpl$fgeqf)
    __aeabi_cfcmple                          0x08004981   Thumb Code     0  fleqf.o(x$fpl$fleqf)
    _fcmple                                  0x08004981   Thumb Code   104  fleqf.o(x$fpl$fleqf)
    __fpl_fcmple_InfNaN                      0x080049d3   Thumb Code     0  fleqf.o(x$fpl$fleqf)
    __aeabi_fmul                             0x080049e9   Thumb Code     0  fmul.o(x$fpl$fmul)
    _fmul                                    0x080049e9   Thumb Code   258  fmul.o(x$fpl$fmul)
    __fpl_fnaninf                            0x08004aeb   Thumb Code   140  fnaninf.o(x$fpl$fnaninf)
    __fpl_fretinf                            0x08004b77   Thumb Code    10  fretinf.o(x$fpl$fretinf)
    __aeabi_fsub                             0x08004b81   Thumb Code     0  faddsub_clz.o(x$fpl$fsub)
    _fsub                                    0x08004b81   Thumb Code   234  faddsub_clz.o(x$fpl$fsub)
    AHBPrescTable                            0x08004c6a   Data          16  system_stm32f1xx.o(.rodata.AHBPrescTable)
    __I$use$fp                               0x08004c6a   Number         0  usenofp.o(x$fpl$usenofp)
    APBPrescTable                            0x08004c7a   Data           8  system_stm32f1xx.o(.rodata.APBPrescTable)
    Region$$Table$$Base                      0x08004ca4   Number         0  anon$$obj.o(Region$$Table)
    Region$$Table$$Limit                     0x08004cc4   Number         0  anon$$obj.o(Region$$Table)
    __ctype                                  0x08004cd1   Data           0  lc_ctype_c.o(locale$$data)
    uwTickFreq                               0x20000000   Data           1  stm32f1xx_hal.o(.data..L_MergedGlobals)
    uwTickPrio                               0x20000004   Data           4  stm32f1xx_hal.o(.data..L_MergedGlobals)
    SystemCoreClock                          0x20000008   Data           4  system_stm32f1xx.o(.data.SystemCoreClock)
    __libspace_start                         0x20000010   Data          96  libspace.o(.bss)
    __temporary_stack_top$libspace           0x20000070   Data           0  libspace.o(.bss)
    robot_mode                               0x20000070   Data           1  main.o(.bss..L_MergedGlobals)
    speed_multiplier                         0x20000074   Data           4  main.o(.bss..L_MergedGlobals)
    htim2                                    0x20000078   Data          72  main.o(.bss..L_MergedGlobals)
    line_flag                                0x200000c0   Data           1  line_sensor.o(.bss..L_MergedGlobals)
    line_dir                                 0x200000c1   Data           1  line_sensor.o(.bss..L_MergedGlobals)
    line_time                                0x200000c4   Data           4  line_sensor.o(.bss..L_MergedGlobals)
    data_ready_flag                          0x200000c8   Data           1  uart.o(.bss..L_MergedGlobals)
    rx_data_len                              0x200000ca   Data           2  uart.o(.bss..L_MergedGlobals)
    hdma_usart1_rx                           0x200000dc   Data          68  main.o(.bss.hdma_usart1_rx)
    hdma_usart1_tx                           0x20000120   Data          68  main.o(.bss.hdma_usart1_tx)
    htim3                                    0x20000164   Data          72  main.o(.bss.htim3)
    huart1                                   0x200001ac   Data          72  main.o(.bss.huart1)
    main_buffer                              0x200001f4   Data         256  uart.o(.bss.main_buffer)
    rx_buffer                                0x200002f4   Data         256  uart.o(.bss.rx_buffer)
    uwTick                                   0x200003f4   Data           4  stm32f1xx_hal.o(.bss.uwTick)



==============================================================================

Memory Map of the image

  Image Entry point : 0x080000ed

  Load Region LR_IROM1 (Base: 0x08000000, Size: 0x00004de8, Max: 0x00010000, ABSOLUTE)

    Execution Region ER_IROM1 (Exec base: 0x08000000, Load base: 0x08000000, Size: 0x00004dd4, Max: 0x00010000, ABSOLUTE)

    Exec Addr    Load Addr    Size         Type   Attr      Idx    E Section Name        Object

    0x08000000   0x08000000   0x000000ec   Data   RO            3    RESET               startup_stm32f103xb.o
    0x080000ec   0x080000ec   0x00000008   Code   RO         1066  * !!!main             c_w.l(__main.o)
    0x080000f4   0x080000f4   0x0000005c   Code   RO         1314    !!!scatter          c_w.l(__scatter.o)
    0x08000150   0x08000150   0x0000001a   Code   RO         1318    !!handler_copy      c_w.l(__scatter_copy.o)
    0x0800016a   0x0800016a   0x00000002   PAD
    0x0800016c   0x0800016c   0x00000002   Code   RO         1315    !!handler_null      c_w.l(__scatter.o)
    0x0800016e   0x0800016e   0x00000002   PAD
    0x08000170   0x08000170   0x0000001c   Code   RO         1320    !!handler_zi        c_w.l(__scatter_zi.o)
    0x0800018c   0x0800018c   0x00000000   Code   RO         1053    .ARM.Collect$$_printf_percent$$00000000  c_w.l(_printf_percent.o)
    0x0800018c   0x0800018c   0x00000006   Code   RO         1052    .ARM.Collect$$_printf_percent$$00000009  c_w.l(_printf_d.o)
    0x08000192   0x08000192   0x00000004   Code   RO         1114    .ARM.Collect$$_printf_percent$$00000017  c_w.l(_printf_percent_end.o)
    0x08000196   0x08000196   0x00000002   Code   RO         1177    .ARM.Collect$$libinit$$00000000  c_w.l(libinit.o)
    0x08000198   0x08000198   0x00000000   Code   RO         1183    .ARM.Collect$$libinit$$00000002  c_w.l(libinit2.o)
    0x08000198   0x08000198   0x00000000   Code   RO         1185    .ARM.Collect$$libinit$$00000004  c_w.l(libinit2.o)
    0x08000198   0x08000198   0x00000000   Code   RO         1187    .ARM.Collect$$libinit$$00000006  c_w.l(libinit2.o)
    0x08000198   0x08000198   0x00000000   Code   RO         1190    .ARM.Collect$$libinit$$0000000C  c_w.l(libinit2.o)
    0x08000198   0x08000198   0x00000000   Code   RO         1192    .ARM.Collect$$libinit$$0000000E  c_w.l(libinit2.o)
    0x08000198   0x08000198   0x00000000   Code   RO         1194    .ARM.Collect$$libinit$$00000010  c_w.l(libinit2.o)
    0x08000198   0x08000198   0x00000006   Code   RO         1195    .ARM.Collect$$libinit$$00000011  c_w.l(libinit2.o)
    0x0800019e   0x0800019e   0x00000000   Code   RO         1197    .ARM.Collect$$libinit$$00000013  c_w.l(libinit2.o)
    0x0800019e   0x0800019e   0x0000000c   Code   RO         1198    .ARM.Collect$$libinit$$00000014  c_w.l(libinit2.o)
    0x080001aa   0x080001aa   0x00000000   Code   RO         1199    .ARM.Collect$$libinit$$00000015  c_w.l(libinit2.o)
    0x080001aa   0x080001aa   0x00000000   Code   RO         1201    .ARM.Collect$$libinit$$00000017  c_w.l(libinit2.o)
    0x080001aa   0x080001aa   0x00000000   Code   RO         1203    .ARM.Collect$$libinit$$00000019  c_w.l(libinit2.o)
    0x080001aa   0x080001aa   0x00000000   Code   RO         1205    .ARM.Collect$$libinit$$0000001B  c_w.l(libinit2.o)
    0x080001aa   0x080001aa   0x00000000   Code   RO         1207    .ARM.Collect$$libinit$$0000001D  c_w.l(libinit2.o)
    0x080001aa   0x080001aa   0x00000000   Code   RO         1209    .ARM.Collect$$libinit$$0000001F  c_w.l(libinit2.o)
    0x080001aa   0x080001aa   0x00000000   Code   RO         1211    .ARM.Collect$$libinit$$00000021  c_w.l(libinit2.o)
    0x080001aa   0x080001aa   0x00000000   Code   RO         1213    .ARM.Collect$$libinit$$00000023  c_w.l(libinit2.o)
    0x080001aa   0x080001aa   0x00000000   Code   RO         1215    .ARM.Collect$$libinit$$00000025  c_w.l(libinit2.o)
    0x080001aa   0x080001aa   0x00000000   Code   RO         1217    .ARM.Collect$$libinit$$00000027  c_w.l(libinit2.o)
    0x080001aa   0x080001aa   0x00000000   Code   RO         1221    .ARM.Collect$$libinit$$0000002E  c_w.l(libinit2.o)
    0x080001aa   0x080001aa   0x00000000   Code   RO         1223    .ARM.Collect$$libinit$$00000030  c_w.l(libinit2.o)
    0x080001aa   0x080001aa   0x00000000   Code   RO         1225    .ARM.Collect$$libinit$$00000032  c_w.l(libinit2.o)
    0x080001aa   0x080001aa   0x00000000   Code   RO         1227    .ARM.Collect$$libinit$$00000034  c_w.l(libinit2.o)
    0x080001aa   0x080001aa   0x00000002   Code   RO         1228    .ARM.Collect$$libinit$$00000035  c_w.l(libinit2.o)
    0x080001ac   0x080001ac   0x00000002   Code   RO         1250    .ARM.Collect$$libshutdown$$00000000  c_w.l(libshutdown.o)
    0x080001ae   0x080001ae   0x00000000   Code   RO         1265    .ARM.Collect$$libshutdown$$00000002  c_w.l(libshutdown2.o)
    0x080001ae   0x080001ae   0x00000000   Code   RO         1267    .ARM.Collect$$libshutdown$$00000004  c_w.l(libshutdown2.o)
    0x080001ae   0x080001ae   0x00000000   Code   RO         1270    .ARM.Collect$$libshutdown$$00000007  c_w.l(libshutdown2.o)
    0x080001ae   0x080001ae   0x00000000   Code   RO         1273    .ARM.Collect$$libshutdown$$0000000A  c_w.l(libshutdown2.o)
    0x080001ae   0x080001ae   0x00000000   Code   RO         1275    .ARM.Collect$$libshutdown$$0000000C  c_w.l(libshutdown2.o)
    0x080001ae   0x080001ae   0x00000000   Code   RO         1278    .ARM.Collect$$libshutdown$$0000000F  c_w.l(libshutdown2.o)
    0x080001ae   0x080001ae   0x00000002   Code   RO         1279    .ARM.Collect$$libshutdown$$00000010  c_w.l(libshutdown2.o)
    0x080001b0   0x080001b0   0x00000000   Code   RO         1102    .ARM.Collect$$rtentry$$00000000  c_w.l(__rtentry.o)
    0x080001b0   0x080001b0   0x00000000   Code   RO         1136    .ARM.Collect$$rtentry$$00000002  c_w.l(__rtentry2.o)
    0x080001b0   0x080001b0   0x00000006   Code   RO         1148    .ARM.Collect$$rtentry$$00000004  c_w.l(__rtentry4.o)
    0x080001b6   0x080001b6   0x00000000   Code   RO         1138    .ARM.Collect$$rtentry$$00000009  c_w.l(__rtentry2.o)
    0x080001b6   0x080001b6   0x00000004   Code   RO         1139    .ARM.Collect$$rtentry$$0000000A  c_w.l(__rtentry2.o)
    0x080001ba   0x080001ba   0x00000000   Code   RO         1141    .ARM.Collect$$rtentry$$0000000C  c_w.l(__rtentry2.o)
    0x080001ba   0x080001ba   0x00000008   Code   RO         1142    .ARM.Collect$$rtentry$$0000000D  c_w.l(__rtentry2.o)
    0x080001c2   0x080001c2   0x00000002   Code   RO         1178    .ARM.Collect$$rtexit$$00000000  c_w.l(rtexit.o)
    0x080001c4   0x080001c4   0x00000000   Code   RO         1230    .ARM.Collect$$rtexit$$00000002  c_w.l(rtexit2.o)
    0x080001c4   0x080001c4   0x00000004   Code   RO         1231    .ARM.Collect$$rtexit$$00000003  c_w.l(rtexit2.o)
    0x080001c8   0x080001c8   0x00000006   Code   RO         1232    .ARM.Collect$$rtexit$$00000004  c_w.l(rtexit2.o)
    0x080001ce   0x080001ce   0x00000002   PAD
    0x080001d0   0x080001d0   0x00000040   Code   RO            4    .text               startup_stm32f103xb.o
    0x08000210   0x08000210   0x00000040   Code   RO         1026    .text               c_w.l(noretval__2snprintf.o)
    0x08000250   0x08000250   0x00000068   Code   RO         1028    .text               c_w.l(__printf.o)
    0x080002b8   0x080002b8   0x00000078   Code   RO         1030    .text               c_w.l(_printf_dec.o)
    0x08000330   0x08000330   0x0000001a   Code   RO         1054    .text               c_w.l(atoi.o)
    0x0800034a   0x0800034a   0x00000024   Code   RO         1056    .text               c_w.l(strstr.o)
    0x0800036e   0x0800036e   0x0000003e   Code   RO         1058    .text               c_w.l(strlen.o)
    0x080003ac   0x080003ac   0x0000008a   Code   RO         1060    .text               c_w.l(rt_memcpy_v6.o)
    0x08000436   0x08000436   0x00000064   Code   RO         1062    .text               c_w.l(rt_memcpy_w.o)
    0x0800049a   0x0800049a   0x00000006   Code   RO         1064    .text               c_w.l(heapauxi.o)
    0x080004a0   0x080004a0   0x00000008   Code   RO         1106    .text               c_w.l(rt_errno_addr_intlibspace.o)
    0x080004a8   0x080004a8   0x000000b2   Code   RO         1108    .text               c_w.l(_printf_intcommon.o)
    0x0800055a   0x0800055a   0x00000002   PAD
    0x0800055c   0x0800055c   0x00000030   Code   RO         1110    .text               c_w.l(_printf_char_common.o)
    0x0800058c   0x0800058c   0x00000010   Code   RO         1112    .text               c_w.l(_snputc.o)
    0x0800059c   0x0800059c   0x00000070   Code   RO         1115    .text               c_w.l(strtol.o)
    0x0800060c   0x0800060c   0x00000008   Code   RO         1132    .text               c_w.l(libspace.o)
    0x08000614   0x08000614   0x00000010   Code   RO         1150    .text               c_w.l(rt_ctype_table.o)
    0x08000624   0x08000624   0x0000009e   Code   RO         1154    .text               c_w.l(_strtoul.o)
    0x080006c2   0x080006c2   0x0000004a   Code   RO         1158    .text               c_w.l(sys_stackheap_outer.o)
    0x0800070c   0x0800070c   0x00000008   Code   RO         1163    .text               c_w.l(rt_locale_intlibspace.o)
    0x08000714   0x08000714   0x0000001c   Code   RO         1165    .text               c_w.l(_chval.o)
    0x08000730   0x08000730   0x00000012   Code   RO         1170    .text               c_w.l(exit.o)
    0x08000742   0x08000742   0x00000002   PAD
    0x08000744   0x08000744   0x00000080   Code   RO         1180    .text               c_w.l(strcmpv7m.o)
    0x080007c4   0x080007c4   0x0000000c   Code   RO         1240    .text               c_w.l(sys_exit.o)
    0x080007d0   0x080007d0   0x00000002   Code   RO         1255    .text               c_w.l(use_no_semi.o)
    0x080007d2   0x080007d2   0x00000000   Code   RO         1257    .text               c_w.l(indicate_semi.o)
    0x080007d2   0x080007d2   0x00000002   PAD
    0x080007d4   0x080007d4   0x00000002   Code   RO           37    .text.BusFault_Handler  stm32f1xx_it.o
    0x080007d6   0x080007d6   0x00000002   PAD
    0x080007d8   0x080007d8   0x00000278   Code   RO          998    .text.CMD_Process   message.o
    0x08000a50   0x08000a50   0x0000000c   Code   RO           53    .text.DMA1_Channel4_IRQHandler  stm32f1xx_it.o
    0x08000a5c   0x08000a5c   0x0000000c   Code   RO           55    .text.DMA1_Channel5_IRQHandler  stm32f1xx_it.o
    0x08000a68   0x08000a68   0x00000002   Code   RO           43    .text.DebugMon_Handler  stm32f1xx_it.o
    0x08000a6a   0x08000a6a   0x00000002   PAD
    0x08000a6c   0x08000a6c   0x00000020   Code   RO          987    .text.Drive         robot_control.o
    0x08000a8c   0x08000a8c   0x00000006   Code   RO           49    .text.EXTI0_IRQHandler  stm32f1xx_it.o
    0x08000a92   0x08000a92   0x00000002   PAD
    0x08000a94   0x08000a94   0x00000016   Code   RO           59    .text.EXTI15_10_IRQHandler  stm32f1xx_it.o
    0x08000aaa   0x08000aaa   0x00000002   PAD
    0x08000aac   0x08000aac   0x00000006   Code   RO           51    .text.EXTI1_IRQHandler  stm32f1xx_it.o
    0x08000ab2   0x08000ab2   0x00000002   PAD
    0x08000ab4   0x08000ab4   0x0000000a   Code   RO           15    .text.Error_Handler  main.o
    0x08000abe   0x08000abe   0x00000002   PAD
    0x08000ac0   0x08000ac0   0x000006f6   Code   RO          952    .text.Fuzzy_Control  fuzzy.o
    0x080011b6   0x080011b6   0x00000002   PAD
    0x080011b8   0x080011b8   0x00000046   Code   RO          569    .text.HAL_DMA_Abort  stm32f1xx_hal_dma.o
    0x080011fe   0x080011fe   0x00000002   PAD
    0x08001200   0x08001200   0x000000b6   Code   RO          571    .text.HAL_DMA_Abort_IT  stm32f1xx_hal_dma.o
    0x080012b6   0x080012b6   0x00000002   PAD
    0x080012b8   0x080012b8   0x000001a0   Code   RO          575    .text.HAL_DMA_IRQHandler  stm32f1xx_hal_dma.o
    0x08001458   0x08001458   0x00000084   Code   RO          561    .text.HAL_DMA_Init  stm32f1xx_hal_dma.o
    0x080014dc   0x080014dc   0x000000a0   Code   RO          567    .text.HAL_DMA_Start_IT  stm32f1xx_hal_dma.o
    0x0800157c   0x0800157c   0x00000028   Code   RO          445    .text.HAL_Delay     stm32f1xx_hal.o
    0x080015a4   0x080015a4   0x00000072   Code   RO          925    .text.HAL_GPIO_EXTI_Callback  line_sensor.o
    0x08001616   0x08001616   0x00000002   PAD
    0x08001618   0x08001618   0x00000016   Code   RO          549    .text.HAL_GPIO_EXTI_IRQHandler  stm32f1xx_hal_gpio.o
    0x0800162e   0x0800162e   0x00000002   PAD
    0x08001630   0x08001630   0x0000020e   Code   RO          537    .text.HAL_GPIO_Init  stm32f1xx_hal_gpio.o
    0x0800183e   0x0800183e   0x00000002   PAD
    0x08001840   0x08001840   0x0000000a   Code   RO          541    .text.HAL_GPIO_ReadPin  stm32f1xx_hal_gpio.o
    0x0800184a   0x0800184a   0x00000002   PAD
    0x0800184c   0x0800184c   0x0000000a   Code   RO          543    .text.HAL_GPIO_WritePin  stm32f1xx_hal_gpio.o
    0x08001856   0x08001856   0x00000002   PAD
    0x08001858   0x08001858   0x0000000c   Code   RO          437    .text.HAL_GetTick   stm32f1xx_hal.o
    0x08001864   0x08001864   0x0000001a   Code   RO          435    .text.HAL_IncTick   stm32f1xx_hal.o
    0x0800187e   0x0800187e   0x00000002   PAD
    0x08001880   0x08001880   0x00000026   Code   RO          425    .text.HAL_Init      stm32f1xx_hal.o
    0x080018a6   0x080018a6   0x00000002   PAD
    0x080018a8   0x080018a8   0x00000048   Code   RO          427    .text.HAL_InitTick  stm32f1xx_hal.o
    0x080018f0   0x080018f0   0x00000042   Code   RO           68    .text.HAL_MspInit   stm32f1xx_hal_msp.o
    0x08001932   0x08001932   0x00000002   PAD
    0x08001934   0x08001934   0x00000022   Code   RO          597    .text.HAL_NVIC_EnableIRQ  stm32f1xx_hal_cortex.o
    0x08001956   0x08001956   0x00000002   PAD
    0x08001958   0x08001958   0x00000056   Code   RO          595    .text.HAL_NVIC_SetPriority  stm32f1xx_hal_cortex.o
    0x080019ae   0x080019ae   0x00000002   PAD
    0x080019b0   0x080019b0   0x00000020   Code   RO          593    .text.HAL_NVIC_SetPriorityGrouping  stm32f1xx_hal_cortex.o
    0x080019d0   0x080019d0   0x000001ba   Code   RO          489    .text.HAL_RCC_ClockConfig  stm32f1xx_hal_rcc.o
    0x08001b8a   0x08001b8a   0x00000002   PAD
    0x08001b8c   0x08001b8c   0x00000026   Code   RO          501    .text.HAL_RCC_GetPCLK1Freq  stm32f1xx_hal_rcc.o
    0x08001bb2   0x08001bb2   0x00000002   PAD
    0x08001bb4   0x08001bb4   0x00000026   Code   RO          503    .text.HAL_RCC_GetPCLK2Freq  stm32f1xx_hal_rcc.o
    0x08001bda   0x08001bda   0x00000002   PAD
    0x08001bdc   0x08001bdc   0x00000400   Code   RO          487    .text.HAL_RCC_OscConfig  stm32f1xx_hal_rcc.o
    0x08001fdc   0x08001fdc   0x0000002c   Code   RO          605    .text.HAL_SYSTICK_Config  stm32f1xx_hal_cortex.o
    0x08002008   0x08002008   0x0000007e   Code   RO          401    .text.HAL_TIMEx_MasterConfigSynchronization  stm32f1xx_hal_tim_ex.o
    0x08002086   0x08002086   0x00000002   PAD
    0x08002088   0x08002088   0x000000fa   Code   RO          106    .text.HAL_TIM_Base_Init  stm32f1xx_hal_tim.o
    0x08002182   0x08002182   0x00000002   PAD
    0x08002184   0x08002184   0x0000002a   Code   RO           70    .text.HAL_TIM_Base_MspInit  stm32f1xx_hal_msp.o
    0x080021ae   0x080021ae   0x00000002   PAD
    0x080021b0   0x080021b0   0x00000066   Code   RO          116    .text.HAL_TIM_Base_Start  stm32f1xx_hal_tim.o
    0x08002216   0x08002216   0x00000002   PAD
    0x08002218   0x08002218   0x000001a0   Code   RO          286    .text.HAL_TIM_ConfigClockSource  stm32f1xx_hal_tim.o
    0x080023b8   0x080023b8   0x00000056   Code   RO           74    .text.HAL_TIM_MspPostInit  stm32f1xx_hal_msp.o
    0x0800240e   0x0800240e   0x00000002   PAD
    0x08002410   0x08002410   0x00000204   Code   RO          260    .text.HAL_TIM_PWM_ConfigChannel  stm32f1xx_hal_tim.o
    0x08002614   0x08002614   0x000000fa   Code   RO          160    .text.HAL_TIM_PWM_Init  stm32f1xx_hal_tim.o
    0x0800270e   0x0800270e   0x00000002   PAD
    0x08002710   0x08002710   0x00000030   Code   RO           72    .text.HAL_TIM_PWM_MspInit  stm32f1xx_hal_msp.o
    0x08002740   0x08002740   0x000000da   Code   RO          168    .text.HAL_TIM_PWM_Start  stm32f1xx_hal_tim.o
    0x0800281a   0x0800281a   0x00000002   PAD
    0x0800281c   0x0800281c   0x000001e4   Code   RO          804    .text.HAL_UARTEx_ReceiveToIdle_DMA  stm32f1xx_hal_uart.o
    0x08002a00   0x08002a00   0x0000006c   Code   RO          964    .text.HAL_UARTEx_RxEventCallback  uart.o
    0x08002a6c   0x08002a6c   0x0000003e   Code   RO          970    .text.HAL_UART_ErrorCallback  uart.o
    0x08002aaa   0x08002aaa   0x00000002   PAD
    0x08002aac   0x08002aac   0x00000570   Code   RO          834    .text.HAL_UART_IRQHandler  stm32f1xx_hal_uart.o
    0x0800301c   0x0800301c   0x000000e2   Code   RO          758    .text.HAL_UART_Init  stm32f1xx_hal_uart.o
    0x080030fe   0x080030fe   0x00000002   PAD
    0x08003100   0x08003100   0x00000100   Code   RO           80    .text.HAL_UART_MspInit  stm32f1xx_hal_msp.o
    0x08003200   0x08003200   0x00000002   Code   RO          848    .text.HAL_UART_RxCpltCallback  stm32f1xx_hal_uart.o
    0x08003202   0x08003202   0x00000002   PAD
    0x08003204   0x08003204   0x00000002   Code   RO          850    .text.HAL_UART_RxHalfCpltCallback  stm32f1xx_hal_uart.o
    0x08003206   0x08003206   0x00000002   PAD
    0x08003208   0x08003208   0x00000192   Code   RO          772    .text.HAL_UART_Transmit  stm32f1xx_hal_uart.o
    0x0800339a   0x0800339a   0x00000002   PAD
    0x0800339c   0x0800339c   0x00000002   Code   RO          844    .text.HAL_UART_TxCpltCallback  stm32f1xx_hal_uart.o
    0x0800339e   0x0800339e   0x00000002   PAD
    0x080033a0   0x080033a0   0x00000002   Code   RO           33    .text.HardFault_Handler  stm32f1xx_it.o
    0x080033a2   0x080033a2   0x00000002   PAD
    0x080033a4   0x080033a4   0x00000080   Code   RO          923    .text.Line_Init     line_sensor.o
    0x08003424   0x08003424   0x0000006a   Code   RO          927    .text.Line_Read     line_sensor.o
    0x0800348e   0x0800348e   0x00000002   PAD
    0x08003490   0x08003490   0x0000005c   Code   RO         1010    .text.MSG_SendRobotState  message.o
    0x080034ec   0x080034ec   0x00000002   Code   RO           35    .text.MemManage_Handler  stm32f1xx_it.o
    0x080034ee   0x080034ee   0x00000002   PAD
    0x080034f0   0x080034f0   0x00000056   Code   RO          893    .text.Motor_Init    motor.o
    0x08003546   0x08003546   0x00000002   PAD
    0x08003548   0x08003548   0x00000082   Code   RO          913    .text.Motor_Set     motor.o
    0x080035ca   0x080035ca   0x00000002   PAD
    0x080035cc   0x080035cc   0x00000046   Code   RO          895    .text.Motor_Stop    motor.o
    0x08003612   0x08003612   0x00000002   PAD
    0x08003614   0x08003614   0x00000002   Code   RO           31    .text.NMI_Handler   stm32f1xx_it.o
    0x08003616   0x08003616   0x00000002   PAD
    0x08003618   0x08003618   0x00000002   Code   RO           45    .text.PendSV_Handler  stm32f1xx_it.o
    0x0800361a   0x0800361a   0x00000002   PAD
    0x0800361c   0x0800361c   0x00000034   Code   RO          983    .text.Robot_ResetState  robot_control.o
    0x08003650   0x08003650   0x000003c0   Code   RO          985    .text.Robot_Run     robot_control.o
    0x08003a10   0x08003a10   0x00000002   Code   RO           41    .text.SVC_Handler   stm32f1xx_it.o
    0x08003a12   0x08003a12   0x00000002   PAD
    0x08003a14   0x08003a14   0x00000004   Code   RO           47    .text.SysTick_Handler  stm32f1xx_it.o
    0x08003a18   0x08003a18   0x00000002   Code   RO          878    .text.SystemInit    system_stm32f1xx.o
    0x08003a1a   0x08003a1a   0x00000002   PAD
    0x08003a1c   0x08003a1c   0x0000000c   Code   RO          838    .text.UART_DMAAbortOnError  stm32f1xx_hal_uart.o
    0x08003a28   0x08003a28   0x0000017c   Code   RO          788    .text.UART_DMAError  stm32f1xx_hal_uart.o
    0x08003ba4   0x08003ba4   0x0000015e   Code   RO          866    .text.UART_DMAReceiveCplt  stm32f1xx_hal_uart.o
    0x08003d02   0x08003d02   0x00000002   PAD
    0x08003d04   0x08003d04   0x00000018   Code   RO          868    .text.UART_DMARxHalfCplt  stm32f1xx_hal_uart.o
    0x08003d1c   0x08003d1c   0x0000003e   Code   RO          962    .text.UART_DMA_Init  uart.o
    0x08003d5a   0x08003d5a   0x00000002   PAD
    0x08003d5c   0x08003d5c   0x0000001e   Code   RO          966    .text.UART_DMA_SendString  uart.o
    0x08003d7a   0x08003d7a   0x00000002   PAD
    0x08003d7c   0x08003d7c   0x000000fe   Code   RO          836    .text.UART_Receive_IT  stm32f1xx_hal_uart.o
    0x08003e7a   0x08003e7a   0x00000002   PAD
    0x08003e7c   0x08003e7c   0x0000000c   Code   RO           57    .text.USART1_IRQHandler  stm32f1xx_it.o
    0x08003e88   0x08003e88   0x0000000c   Code   RO          938    .text.Ultra_Init    ultrasonic.o
    0x08003e94   0x08003e94   0x000000c8   Code   RO          940    .text.Ultra_Read    ultrasonic.o
    0x08003f5c   0x08003f5c   0x0000004a   Code   RO          942    .text.Ultra_ReadAll  ultrasonic.o
    0x08003fa6   0x08003fa6   0x00000002   PAD
    0x08003fa8   0x08003fa8   0x00000002   Code   RO           39    .text.UsageFault_Handler  stm32f1xx_it.o
    0x08003faa   0x08003faa   0x00000002   PAD
    0x08003fac   0x08003fac   0x00000336   Code   RO           11    .text.main          main.o
    0x080042e2   0x080042e2   0x00000002   PAD
    0x080042e4   0x080042e4   0x0000002c   Code   RO         1168    locale$$code        c_w.l(lc_ctype_c.o)
    0x08004310   0x08004310   0x00000062   Code   RO         1068    x$fpl$d2f           fz_ws.l(d2f.o)
    0x08004372   0x08004372   0x00000026   Code   RO         1070    x$fpl$dfltu         fz_ws.l(dflt_clz.o)
    0x08004398   0x08004398   0x00000154   Code   RO         1076    x$fpl$dmul          fz_ws.l(dmul.o)
    0x080044ec   0x080044ec   0x0000009c   Code   RO         1117    x$fpl$dnaninf       fz_ws.l(dnaninf.o)
    0x08004588   0x08004588   0x0000000c   Code   RO         1119    x$fpl$dretinf       fz_ws.l(dretinf.o)
    0x08004594   0x08004594   0x000000c4   Code   RO         1078    x$fpl$fadd          fz_ws.l(faddsub_clz.o)
    0x08004658   0x08004658   0x00000054   Code   RO         1084    x$fpl$fcmp          fz_ws.l(fcmp.o)
    0x080046ac   0x080046ac   0x00000018   Code   RO         1156    x$fpl$fcmpinf       fz_ws.l(fcmpi.o)
    0x080046c4   0x080046c4   0x00000184   Code   RO         1087    x$fpl$fdiv          fz_ws.l(fdiv.o)
    0x08004848   0x08004848   0x00000068   Code   RO         1121    x$fpl$feqf          fz_ws.l(feqf.o)
    0x080048b0   0x080048b0   0x00000036   Code   RO         1090    x$fpl$ffix          fz_ws.l(ffix.o)
    0x080048e6   0x080048e6   0x00000002   PAD
    0x080048e8   0x080048e8   0x00000030   Code   RO         1095    x$fpl$fflt          fz_ws.l(fflt_clz.o)
    0x08004918   0x08004918   0x00000068   Code   RO         1123    x$fpl$fgeqf         fz_ws.l(fgeqf.o)
    0x08004980   0x08004980   0x00000068   Code   RO         1125    x$fpl$fleqf         fz_ws.l(fleqf.o)
    0x080049e8   0x080049e8   0x00000102   Code   RO         1100    x$fpl$fmul          fz_ws.l(fmul.o)
    0x08004aea   0x08004aea   0x0000008c   Code   RO         1127    x$fpl$fnaninf       fz_ws.l(fnaninf.o)
    0x08004b76   0x08004b76   0x0000000a   Code   RO         1129    x$fpl$fretinf       fz_ws.l(fretinf.o)
    0x08004b80   0x08004b80   0x000000ea   Code   RO         1080    x$fpl$fsub          fz_ws.l(faddsub_clz.o)
    0x08004c6a   0x08004c6a   0x00000000   Code   RO         1131    x$fpl$usenofp       fz_ws.l(usenofp.o)
    0x08004c6a   0x08004c6a   0x00000010   Data   RO          883    .rodata.AHBPrescTable  system_stm32f1xx.o
    0x08004c7a   0x08004c7a   0x00000008   Data   RO          884    .rodata.APBPrescTable  system_stm32f1xx.o
    0x08004c82   0x08004c82   0x00000002   Data   RO          514    .rodata.HAL_RCC_GetSysClockFreq.aPredivFactorTable  stm32f1xx_hal_rcc.o
    0x08004c84   0x08004c84   0x00000010   Data   RO          513    .rodata.cst16       stm32f1xx_hal_rcc.o
    0x08004c94   0x08004c94   0x0000000f   Data   RO         1013    .rodata.str1.1      message.o
    0x08004ca3   0x08004ca3   0x00000001   PAD
    0x08004ca4   0x08004ca4   0x00000020   Data   RO         1313    Region$$Table       anon$$obj.o
    0x08004cc4   0x08004cc4   0x00000110   Data   RO         1167    locale$$data        c_w.l(lc_ctype_c.o)


    Execution Region RW_IRAM1 (Exec base: 0x20000000, Load base: 0x08004dd8, Size: 0x000009f8, Max: 0x00005000, ABSOLUTE)

    Exec Addr    Load Addr    Size         Type   Attr      Idx    E Section Name        Object

    0x20000000   0x08004dd8   0x00000008   Data   RW          476    .data..L_MergedGlobals  stm32f1xx_hal.o
    0x20000008   0x08004de0   0x00000004   Data   RW          882    .data.SystemCoreClock  system_stm32f1xx.o
    0x2000000c   0x08004de4   0x00000004   Data   RW         1012    .data.speed         message.o
    0x20000010        -       0x00000060   Zero   RW         1133    .bss                c_w.l(libspace.o)
    0x20000070        -       0x00000050   Zero   RW           22    .bss..L_MergedGlobals  main.o
    0x200000c0        -       0x00000008   Zero   RW          929    .bss..L_MergedGlobals  line_sensor.o
    0x200000c8        -       0x00000004   Zero   RW          974    .bss..L_MergedGlobals  uart.o
    0x200000cc        -       0x0000000c   Zero   RW          989    .bss..L_MergedGlobals  robot_control.o
    0x200000d8        -       0x00000004   Zero   RW         1014    .bss.MSG_SendRobotState.last_send_time  message.o
    0x200000dc        -       0x00000044   Zero   RW           19    .bss.hdma_usart1_rx  main.o
    0x20000120        -       0x00000044   Zero   RW           20    .bss.hdma_usart1_tx  main.o
    0x20000164        -       0x00000048   Zero   RW           17    .bss.htim3          main.o
    0x200001ac        -       0x00000048   Zero   RW           18    .bss.huart1         main.o
    0x200001f4        -       0x00000100   Zero   RW          973    .bss.main_buffer    uart.o
    0x200002f4        -       0x00000100   Zero   RW          972    .bss.rx_buffer      uart.o
    0x200003f4        -       0x00000004   Zero   RW          475    .bss.uwTick         stm32f1xx_hal.o
    0x200003f8        -       0x00000200   Zero   RW            2    HEAP                startup_stm32f103xb.o
    0x200005f8        -       0x00000400   Zero   RW            1    STACK               startup_stm32f103xb.o


==============================================================================

Image component sizes


      Code (inc. data)   RO Data    RW Data    ZI Data      Debug   Object Name

      1782          0          0          0          0       3792   fuzzy.o
       348          0          0          0          8       3497   line_sensor.o
       832          0          0          0        360      10538   main.o
       724        196         15          4          4       3238   message.o
       286          0          0          0          0       5078   motor.o
      1044          6          0          0         12       3899   robot_control.o
        64         26        236          0       1536        784   startup_stm32f103xb.o
       188          0          0          8          4       5770   stm32f1xx_hal.o
       196          0          0          0          0       8425   stm32f1xx_hal_cortex.o
       960          0          0          0          0       8573   stm32f1xx_hal_dma.o
       568         22          0          0          0       4767   stm32f1xx_hal_gpio.o
       498          0          0          0          0       8312   stm32f1xx_hal_msp.o
      1542          0         18          0          0       8078   stm32f1xx_hal_rcc.o
      1752          6          0          0          0      58582   stm32f1xx_hal_tim.o
       126          0          0          0          0      21223   stm32f1xx_hal_tim_ex.o
      3530          0          0          0          0      33163   stm32f1xx_hal_uart.o
        90          0          0          0          0       4477   stm32f1xx_it.o
         2          0         24          4          0       1589   system_stm32f1xx.o
       262          0          0          0        516       4312   uart.o
       286          0          0          0          0       5044   ultrasonic.o

    ----------------------------------------------------------------------
     15184        256        326         16       2440     203141   Object Totals
         0          0         32          0          0          0   (incl. Generated)
       104          0          1          0          0          0   (incl. Padding)

    ----------------------------------------------------------------------

      Code (inc. data)   RO Data    RW Data    ZI Data      Debug   Library Member Name

         8          0          0          0          0         68   __main.o
       104          0          0          0          0         84   __printf.o
         0          0          0          0          0          0   __rtentry.o
        12          0          0          0          0          0   __rtentry2.o
         6          0          0          0          0          0   __rtentry4.o
        94          8          0          0          0          0   __scatter.o
        26          0          0          0          0          0   __scatter_copy.o
        28          0          0          0          0          0   __scatter_zi.o
        28          0          0          0          0         68   _chval.o
        48          6          0          0          0         96   _printf_char_common.o
         6          0          0          0          0          0   _printf_d.o
       120         16          0          0          0         92   _printf_dec.o
       178          0          0          0          0         88   _printf_intcommon.o
         0          0          0          0          0          0   _printf_percent.o
         4          0          0          0          0          0   _printf_percent_end.o
        16          0          0          0          0         68   _snputc.o
       158          0          0          0          0         92   _strtoul.o
        26          0          0          0          0         80   atoi.o
        18          0          0          0          0         80   exit.o
         6          0          0          0          0        152   heapauxi.o
         0          0          0          0          0          0   indicate_semi.o
        44         10        272          0          0         76   lc_ctype_c.o
         2          0          0          0          0          0   libinit.o
        20          0          0          0          0          0   libinit2.o
         2          0          0          0          0          0   libshutdown.o
         2          0          0          0          0          0   libshutdown2.o
         8          4          0          0         96         68   libspace.o
        64          6          0          0          0         84   noretval__2snprintf.o
        16          4          0          0          0         76   rt_ctype_table.o
         8          4          0          0          0         68   rt_errno_addr_intlibspace.o
         8          4          0          0          0         68   rt_locale_intlibspace.o
       138          0          0          0          0         68   rt_memcpy_v6.o
       100          0          0          0          0         80   rt_memcpy_w.o
         2          0          0          0          0          0   rtexit.o
        10          0          0          0          0          0   rtexit2.o
       128          0          0          0          0         68   strcmpv7m.o
        62          0          0          0          0         76   strlen.o
        36          0          0          0          0         80   strstr.o
       112          0          0          0          0         88   strtol.o
        12          4          0          0          0         68   sys_exit.o
        74          0          0          0          0         80   sys_stackheap_outer.o
         2          0          0          0          0         68   use_no_semi.o
        98          4          0          0          0         92   d2f.o
        38          0          0          0          0         68   dflt_clz.o
       340         12          0          0          0        104   dmul.o
       156          4          0          0          0         92   dnaninf.o
        12          0          0          0          0         68   dretinf.o
       430          8          0          0          0        168   faddsub_clz.o
        84          0          0          0          0        196   fcmp.o
        24          0          0          0          0         68   fcmpi.o
       388         76          0          0          0         96   fdiv.o
       104          4          0          0          0         84   feqf.o
        54          4          0          0          0         84   ffix.o
        48          0          0          0          0         68   fflt_clz.o
       104          4          0          0          0         84   fgeqf.o
       104          4          0          0          0         84   fleqf.o
       258          4          0          0          0         84   fmul.o
       140          4          0          0          0         84   fnaninf.o
        10          0          0          0          0         68   fretinf.o
         0          0          0          0          0          0   usenofp.o

    ----------------------------------------------------------------------
      4142        194        272          0         96       3676   Library Totals
        14          0          0          0          0          0   (incl. Padding)

    ----------------------------------------------------------------------

      Code (inc. data)   RO Data    RW Data    ZI Data      Debug   Library Name

      1736         66        272          0         96       2084   c_w.l
      2392        128          0          0          0       1592   fz_ws.l

    ----------------------------------------------------------------------
      4142        194        272          0         96       3676   Library Totals

    ----------------------------------------------------------------------

==============================================================================


      Code (inc. data)   RO Data    RW Data    ZI Data      Debug   

     19326        450        598         16       2536     204493   Grand Totals
     19326        450        598         16       2536     204493   ELF Image Totals
     19326        450        598         16          0          0   ROM Totals

==============================================================================

    Total RO  Size (Code + RO Data)                19924 (  19.46kB)
    Total RW  Size (RW Data + ZI Data)              2552 (   2.49kB)
    Total ROM Size (Code + RO Data + RW Data)      19940 (  19.47kB)

==============================================================================

