Component: Arm Compiler for Embedded 6.24 Tool: armlink [5f371500]

==============================================================================

Section Cross References

    startup_stm32f103xb.o(STACK) refers (Special) to heapauxi.o(.text) for __use_two_region_memory
    startup_stm32f103xb.o(HEAP) refers (Special) to heapauxi.o(.text) for __use_two_region_memory
    startup_stm32f103xb.o(RESET) refers (Special) to heapauxi.o(.text) for __use_two_region_memory
    startup_stm32f103xb.o(RESET) refers to startup_stm32f103xb.o(STACK) for __initial_sp
    startup_stm32f103xb.o(RESET) refers to startup_stm32f103xb.o(.text) for Reset_Handler
    startup_stm32f103xb.o(RESET) refers to stm32f1xx_it.o(.text.NMI_Handler) for NMI_Handler
    startup_stm32f103xb.o(RESET) refers to stm32f1xx_it.o(.text.HardFault_Handler) for HardFault_Handler
    startup_stm32f103xb.o(RESET) refers to stm32f1xx_it.o(.text.MemManage_Handler) for MemManage_Handler
    startup_stm32f103xb.o(RESET) refers to stm32f1xx_it.o(.text.BusFault_Handler) for BusFault_Handler
    startup_stm32f103xb.o(RESET) refers to stm32f1xx_it.o(.text.UsageFault_Handler) for UsageFault_Handler
    startup_stm32f103xb.o(RESET) refers to stm32f1xx_it.o(.text.SVC_Handler) for SVC_Handler
    startup_stm32f103xb.o(RESET) refers to stm32f1xx_it.o(.text.DebugMon_Handler) for DebugMon_Handler
    startup_stm32f103xb.o(RESET) refers to stm32f1xx_it.o(.text.PendSV_Handler) for PendSV_Handler
    startup_stm32f103xb.o(RESET) refers to stm32f1xx_it.o(.text.SysTick_Handler) for SysTick_Handler
    startup_stm32f103xb.o(RESET) refers to stm32f1xx_it.o(.text.EXTI0_IRQHandler) for EXTI0_IRQHandler
    startup_stm32f103xb.o(RESET) refers to stm32f1xx_it.o(.text.EXTI1_IRQHandler) for EXTI1_IRQHandler
    startup_stm32f103xb.o(RESET) refers to stm32f1xx_it.o(.text.DMA1_Channel4_IRQHandler) for DMA1_Channel4_IRQHandler
    startup_stm32f103xb.o(RESET) refers to stm32f1xx_it.o(.text.DMA1_Channel5_IRQHandler) for DMA1_Channel5_IRQHandler
    startup_stm32f103xb.o(RESET) refers to stm32f1xx_it.o(.text.USART1_IRQHandler) for USART1_IRQHandler
    startup_stm32f103xb.o(RESET) refers to stm32f1xx_it.o(.text.EXTI15_10_IRQHandler) for EXTI15_10_IRQHandler
    startup_stm32f103xb.o(.text) refers (Special) to heapauxi.o(.text) for __use_two_region_memory
    startup_stm32f103xb.o(.text) refers to system_stm32f1xx.o(.text.SystemInit) for SystemInit
    startup_stm32f103xb.o(.text) refers to __main.o(!!!main) for __main
    startup_stm32f103xb.o(.text) refers to startup_stm32f103xb.o(HEAP) for Heap_Mem
    startup_stm32f103xb.o(.text) refers to startup_stm32f103xb.o(STACK) for Stack_Mem
    main.o(.text.main) refers to stm32f1xx_hal.o(.text.HAL_Init) for HAL_Init
    main.o(.text.main) refers to stm32f1xx_hal_rcc.o(.text.HAL_RCC_OscConfig) for HAL_RCC_OscConfig
    main.o(.text.main) refers to stm32f1xx_hal_rcc.o(.text.HAL_RCC_ClockConfig) for HAL_RCC_ClockConfig
    main.o(.text.main) refers to stm32f1xx_hal_gpio.o(.text.HAL_GPIO_WritePin) for HAL_GPIO_WritePin
    main.o(.text.main) refers to stm32f1xx_hal_gpio.o(.text.HAL_GPIO_Init) for HAL_GPIO_Init
    main.o(.text.main) refers to stm32f1xx_hal_cortex.o(.text.HAL_NVIC_SetPriority) for HAL_NVIC_SetPriority
    main.o(.text.main) refers to stm32f1xx_hal_cortex.o(.text.HAL_NVIC_EnableIRQ) for HAL_NVIC_EnableIRQ
    main.o(.text.main) refers to main.o(.bss.htim3) for htim3
    main.o(.text.main) refers to stm32f1xx_hal_tim.o(.text.HAL_TIM_PWM_Init) for HAL_TIM_PWM_Init
    main.o(.text.main) refers to stm32f1xx_hal_tim_ex.o(.text.HAL_TIMEx_MasterConfigSynchronization) for HAL_TIMEx_MasterConfigSynchronization
    main.o(.text.main) refers to stm32f1xx_hal_tim.o(.text.HAL_TIM_PWM_ConfigChannel) for HAL_TIM_PWM_ConfigChannel
    main.o(.text.main) refers to stm32f1xx_hal_msp.o(.text.HAL_TIM_MspPostInit) for HAL_TIM_MspPostInit
    main.o(.text.main) refers to main.o(.bss..L_MergedGlobals) for .L_MergedGlobals
    main.o(.text.main) refers to stm32f1xx_hal_tim.o(.text.HAL_TIM_Base_Init) for HAL_TIM_Base_Init
    main.o(.text.main) refers to stm32f1xx_hal_tim.o(.text.HAL_TIM_ConfigClockSource) for HAL_TIM_ConfigClockSource
    main.o(.text.main) refers to main.o(.bss.huart1) for huart1
    main.o(.text.main) refers to stm32f1xx_hal_uart.o(.text.HAL_UART_Init) for HAL_UART_Init
    main.o(.text.main) refers to motor.o(.text.Motor_Init) for Motor_Init
    main.o(.text.main) refers to line_sensor.o(.text.Line_Init) for Line_Init
    main.o(.text.main) refers to ultrasonic.o(.text.Ultra_Init) for Ultra_Init
    main.o(.text.main) refers to uart.o(.text.UART_DMA_Init) for UART_DMA_Init
    main.o(.text.main) refers to uart.o(.bss..L_MergedGlobals) for data_ready_flag
    main.o(.text.main) refers to uart.o(.bss.main_buffer) for main_buffer
    main.o(.text.main) refers to motor.o(.text.Motor_Stop) for Motor_Stop
    main.o(.text.main) refers to message.o(.text.CMD_Process) for CMD_Process
[...]
    .ARM.Collect$$_printf_percent$$00000017  0x08000192   Section        4  _printf_percent_end.o(.ARM.Collect$$_printf_percent$$00000017)
    .ARM.Collect$$libinit$$00000000          0x08000196   Section        2  libinit.o(.ARM.Collect$$libinit$$00000000)
    .ARM.Collect$$libinit$$00000002          0x08000198   Section        0  libinit2.o(.ARM.Collect$$libinit$$00000002)
    .ARM.Collect$$libinit$$00000004          0x08000198   Section        0  libinit2.o(.ARM.Collect$$libinit$$00000004)
    .ARM.Collect$$libinit$$00000006          0x08000198   Section        0  libinit2.o(.ARM.Collect$$libinit$$00000006)
    .ARM.Collect$$libinit$$0000000C          0x08000198   Section        0  libinit2.o(.ARM.Collect$$libinit$$0000000C)
    .ARM.Collect$$libinit$$0000000E          0x08000198   Section        0  libinit2.o(.ARM.Collect$$libinit$$0000000E)
    .ARM.Collect$$libinit$$00000010          0x08000198   Section        0  libinit2.o(.ARM.Collect$$libinit$$00000010)
    .ARM.Collect$$libinit$$00000011          0x08000198   Section        6  libinit2.o(.ARM.Collect$$libinit$$00000011)
    .ARM.Collect$$libinit$$00000013          0x0800019e   Section        0  libinit2.o(.ARM.Collect$$libinit$$00000013)
    .ARM.Collect$$libinit$$00000014          0x0800019e   Section       12  libinit2.o(.ARM.Collect$$libinit$$00000014)
    .ARM.Collect$$libinit$$00000015          0x080001aa   Section        0  libinit2.o(.ARM.Collect$$libinit$$00000015)
    .ARM.Collect$$libinit$$00000017          0x080001aa   Section        0  libinit2.o(.ARM.Collect$$libinit$$00000017)
    .ARM.Collect$$libinit$$00000019          0x080001aa   Section        0  libinit2.o(.ARM.Collect$$libinit$$00000019)
    .ARM.Collect$$libinit$$0000001B          0x080001aa   Section        0  libinit2.o(.ARM.Collect$$libinit$$0000001B)
    .ARM.Collect$$libinit$$0000001D          0x080001aa   Section        0  libinit2.o(.ARM.Collect$$libinit$$0000001D)
    .ARM.Collect$$libinit$$0000001F          0x080001aa   Section        0  libinit2.o(.ARM.Collect$$libinit$$0000001F)
    .ARM.Collect$$libinit$$00000021          0x080001aa   Section        0  libinit2.o(.ARM.Collect$$libinit$$00000021)
    .ARM.Collect$$libinit$$00000023          0x080001aa   Section        0  libinit2.o(.ARM.Collect$$libinit$$00000023)
    .ARM.Collect$$libinit$$00000025          0x080001aa   Section        0  libinit2.o(.ARM.Collect$$libinit$$00000025)
    .ARM.Collect$$libinit$$00000027          0x080001aa   Section        0  libinit2.o(.ARM.Collect$$libinit$$00000027)
    .ARM.Collect$$libinit$$0000002E          0x080001aa   Section        0  libinit2.o(.ARM.Collect$$libinit$$0000002E)
    .ARM.Collect$$libinit$$00000030          0x080001aa   Section        0  libinit2.o(.ARM.Collect$$libinit$$00000030)
    .ARM.Collect$$libinit$$00000032          0x080001aa   Section        0  libinit2.o(.ARM.Collect$$libinit$$00000032)
    .ARM.Collect$$libinit$$00000034          0x080001aa   Section        0  libinit2.o(.ARM.Collect$$libinit$$00000034)
    .ARM.Collect$$libinit$$00000035          0x080001aa   Section        2  libinit2.o(.ARM.Collect$$libinit$$00000035)
    .ARM.Collect$$libshutdown$$00000000      0x080001ac   Section        2  libshutdown.o(.ARM.Collect$$libshutdown$$00000000)
    .ARM.Collect$$libshutdown$$00000002      0x080001ae   Section        0  libshutdown2.o(.ARM.Collect$$libshutdown$$00000002)
    .ARM.Collect$$libshutdown$$00000004      0x080001ae   Section        0  libshutdown2.o(.ARM.Collect$$libshutdown$$00000004)
    .ARM.Collect$$libshutdown$$00000007      0x080001ae   Section        0  libshutdown2.o(.ARM.Collect$$libshutdown$$00000007)
    .ARM.Collect$$libshutdown$$0000000A      0x080001ae   Section        0  libshutdown2.o(.ARM.Collect$$libshutdown$$0000000A)
    .ARM.Collect$$libshutdown$$0000000C      0x080001ae   Section        0  libshutdown2.o(.ARM.Collect$$libshutdown$$0000000C)
    .ARM.Collect$$libshutdown$$0000000F      0x080001ae   Section        0  libshutdown2.o(.ARM.Collect$$libshutdown$$0000000F)
    .ARM.Collect$$libshutdown$$00000010      0x080001ae   Section        2  libshutdown2.o(.ARM.Collect$$libshutdown$$00000010)
    .ARM.Collect$$rtentry$$00000000          0x080001b0   Section        0  __rtentry.o(.ARM.Collect$$rtentry$$00000000)
    .ARM.Collect$$rtentry$$00000002          0x080001b0   Section        0  __rtentry2.o(.ARM.Collect$$rtentry$$00000002)
    .ARM.Collect$$rtentry$$00000004          0x080001b0   Section        6  __rtentry4.o(.ARM.Collect$$rtentry$$00000004)
    .ARM.Collect$$rtentry$$00000009          0x080001b6   Section        0  __rtentry2.o(.ARM.Collect$$rtentry$$00000009)
    .ARM.Collect$$rtentry$$0000000A          0x080001b6   Section        4  __rtentry2.o(.ARM.Collect$$rtentry$$0000000A)
    .ARM.Collect$$rtentry$$0000000C          0x080001ba   Section        0  __rtentry2.o(.ARM.Collect$$rtentry$$0000000C)
    .ARM.Collect$$rtentry$$0000000D          0x080001ba   Section        8  __rtentry2.o(.ARM.Collect$$rtentry$$0000000D)
    .ARM.Collect$$rtexit$$00000000           0x080001c2   Section        2  rtexit.o(.ARM.Collect$$rtexit$$00000000)
    .ARM.Collect$$rtexit$$00000002           0x080001c4   Section        0  rtexit2.o(.ARM.Collect$$rtexit$$00000002)
    .ARM.Collect$$rtexit$$00000003           0x080001c4   Section        4  rtexit2.o(.ARM.Collect$$rtexit$$00000003)
    .ARM.Collect$$rtexit$$00000004           0x080001c8   Section        6  rtexit2.o(.ARM.Collect$$rtexit$$00000004)
    .text                                    0x080001d0   Section       64  startup_stm32f103xb.o(.text)
    .text                                    0x08000210   Section        0  noretval__2snprintf.o(.text)
    .text                                    0x08000250   Section        0  __printf.o(.text)
    .text                                    0x080002b8   Section        0  _printf_dec.o(.text)
    .text                                    0x08000330   Section        0  atoi.o(.text)
    .text                                    0x0800034a   Section        0  strstr.o(.text)
    .text                                    0x0800036e   Section        0  strlen.o(.text)
    .text                                    0x080003ac   Section      138  rt_memcpy_v6.o(.text)
    .text                                    0x08000436   Section      100  rt_memcpy_w.o(.text)
    .text                                    0x0800049a   Section        0  heapauxi.o(.text)
    .text                                    0x080004a0   Section        8  rt_errno_addr_intlibspace.o(.text)
    .text                                    0x080004a8   Section        0  _printf_intcommon.o(.text)
    _printf_input_char                       0x0800055d   Thumb Code    10  _printf_char_common.o(.text)
    .text                                    0x0800055c   Section        0  _printf_char_common.o(.text)
    .text                                    0x0800058c   Section        0  _snputc.o(.text)
    .text                                    0x0800059c   Section        0  strtol.o(.text)
    .text                                    0x0800060c   Section        8  libspace.o(.text)
    .text                                    0x08000614   Section       16  rt_ctype_table.o(.text)
    .text                                    0x08000624   Section        0  _strtoul.o(.text)
    .text                                    0x080006c2   Section       74  sys_stackheap_outer.o(.text)
    .text                                    0x0800070c   Section        8  rt_locale_intlibspace.o(.text)
    .text                                    0x08000714   Section        0  _chval.o(.text)
    .text                                    0x08000730   Section        0  exit.o(.text)
    .text                                    0x08000744   Section      128  strcmpv7m.o(.text)
    .text                                    0x080007c4   Section        0  sys_exit.o(.text)
    .text                                    0x080007d0   Section        2  use_no_semi.o(.text)
    .text                                    0x080007d2   Section        0  indicate_semi.o(.text)
    [Anonymous Symbol]                       0x080007d4   Section        0  stm32f1xx_it.o(.text.BusFault_Handler)
    [Anonymous Symbol]                       0x080007d8   Section        0  message.o(.text.CMD_Process)
    [Anonymous Symbol]                       0x08000a00   Section        0  stm32f1xx_it.o(.text.DMA1_Channel4_IRQHandler)
    [Anonymous Symbol]                       0x08000a0c   Section        0  stm32f1xx_it.o(.text.DMA1_Channel5_IRQHandler)
    [Anonymous Symbol]                       0x08000a18   Section        0  stm32f1xx_it.o(.text.DebugMon_Handler)
    [Anonymous Symbol]                       0x08000a1c   Section        0  stm32f1xx_it.o(.text.EXTI0_IRQHandler)
    [Anonymous Symbol]                       0x08000a24   Section        0  stm32f1xx_it.o(.text.EXTI15_10_IRQHandler)
    [Anonymous Symbol]                       0x08000a3c   Section        0  stm32f1xx_it.o(.text.EXTI1_IRQHandler)
    [Anonymous Symbol]                       0x08000a44   Section        0  main.o(.text.Error_Handler)
    [Anonymous Symbol]                       0x08000a50   Section        0  fuzzy.o(.text.Fuzzy_Control)
    [Anonymous Symbol]                       0x080011b8   Section        0  stm32f1xx_hal_dma.o(.text.HAL_DMA_Abort)
    [Anonymous Symbol]                       0x08001200   Section        0  stm32f1xx_hal_dma.o(.text.HAL_DMA_Abort_IT)
    [Anonymous Symbol]                       0x080012b8   Section        0  stm32f1xx_hal_dma.o(.text.HAL_DMA_GetError)
    [Anonymous Symbol]                       0x080012bc   Section        0  stm32f1xx_hal_dma.o(.text.HAL_DMA_IRQHandler)
    [Anonymous Symbol]                       0x0800145c   Section        0  stm32f1xx_hal_dma.o(.text.HAL_DMA_Init)
    [Anonymous Symbol]                       0x080014e0   Section        0  stm32f1xx_hal_dma.o(.text.HAL_DMA_Start_IT)
    [Anonymous Symbol]                       0x08001580   Section        0  stm32f1xx_hal.o(.text.HAL_Delay)
    [Anonymous Symbol]                       0x080015a8   Section        0  line_sensor.o(.text.HAL_GPIO_EXTI_Callback)
    [Anonymous Symbol]                       0x0800161c   Section        0  stm32f1xx_hal_gpio.o(.text.HAL_GPIO_EXTI_IRQHandler)
    [Anonymous Symbol]                       0x08001634   Section        0  stm32f1xx_hal_gpio.o(.text.HAL_GPIO_Init)
    [Anonymous Symbol]                       0x08001844   Section        0  stm32f1xx_hal_gpio.o(.text.HAL_GPIO_ReadPin)
    [Anonymous Symbol]                       0x08001850   Section        0  stm32f1xx_hal_gpio.o(.text.HAL_GPIO_WritePin)
    [Anonymous Symbol]                       0x0800185c   Section        0  stm32f1xx_hal.o(.text.HAL_GetTick)
    [Anonymous Symbol]                       0x08001868   Section        0  stm32f1xx_hal.o(.text.HAL_IncTick)
    [Anonymous Symbol]                       0x08001884   Section        0  stm32f1xx_hal.o(.text.HAL_Init)
    [Anonymous Symbol]                       0x080018ac   Section        0  stm32f1xx_hal.o(.text.HAL_InitTick)
    [Anonymous Symbol]                       0x080018f4   Section        0  stm32f1xx_hal_msp.o(.text.HAL_MspInit)
    [Anonymous Symbol]                       0x08001938   Section        0  stm32f1xx_hal_cortex.o(.text.HAL_NVIC_EnableIRQ)
    [Anonymous Symbol]                       0x0800195c   Section        0  stm32f1xx_hal_cortex.o(.text.HAL_NVIC_SetPriority)
    [Anonymous Symbol]                       0x080019b4   Section        0  stm32f1xx_hal_cortex.o(.text.HAL_NVIC_SetPriorityGrouping)
    [Anonymous Symbol]                       0x080019d4   Section        0  stm32f1xx_hal_rcc.o(.text.HAL_RCC_ClockConfig)
    [Anonymous Symbol]                       0x08001b90   Section        0  stm32f1xx_hal_rcc.o(.text.HAL_RCC_GetPCLK1Freq)
    [Anonymous Symbol]                       0x08001bb8   Section        0  stm32f1xx_hal_rcc.o(.text.HAL_RCC_GetPCLK2Freq)
    [Anonymous Symbol]                       0x08001be0   Section        0  stm32f1xx_hal_rcc.o(.text.HAL_RCC_OscConfig)
    [Anonymous Symbol]                       0x08001fe0   Section        0  stm32f1xx_hal_cortex.o(.text.HAL_SYSTICK_Config)
    [Anonymous Symbol]                       0x0800200c   Section        0  stm32f1xx_hal_tim_ex.o(.text.HAL_TIMEx_MasterConfigSynchronization)
    [Anonymous Symbol]                       0x0800208c   Section        0  stm32f1xx_hal_tim.o(.text.HAL_TIM_Base_Init)
    [Anonymous Symbol]                       0x08002188   Section        0  stm32f1xx_hal_msp.o(.text.HAL_TIM_Base_MspInit)
    [Anonymous Symbol]                       0x080021b4   Section        0  stm32f1xx_hal_tim.o(.text.HAL_TIM_Base_Start)
    [Anonymous Symbol]                       0x0800221c   Section        0  stm32f1xx_hal_tim.o(.text.HAL_TIM_ConfigClockSource)
    [Anonymous Symbol]                       0x080023bc   Section        0  stm32f1xx_hal_msp.o(.text.HAL_TIM_MspPostInit)
    [Anonymous Symbol]                       0x08002414   Section        0  stm32f1xx_hal_tim.o(.text.HAL_TIM_PWM_ConfigChannel)
    [Anonymous Symbol]                       0x08002618   Section        0  stm32f1xx_hal_tim.o(.text.HAL_TIM_PWM_Init)
    [Anonymous Symbol]                       0x08002714   Section        0  stm32f1xx_hal_msp.o(.text.HAL_TIM_PWM_MspInit)
    [Anonymous Symbol]                       0x08002744   Section        0  stm32f1xx_hal_tim.o(.text.HAL_TIM_PWM_Start)
    [Anonymous Symbol]                       0x08002820   Section        0  stm32f1xx_hal_uart.o(.text.HAL_UARTEx_ReceiveToIdle_DMA)
    [Anonymous Symbol]                       0x08002a04   Section        0  uart.o(.text.HAL_UARTEx_RxEventCallback)
    [Anonymous Symbol]                       0x08002a78   Section        0  stm32f1xx_hal_uart.o(.text.HAL_UART_AbortReceive)
    [Anonymous Symbol]                       0x08002be8   Section        0  uart.o(.text.HAL_UART_ErrorCallback)
    [Anonymous Symbol]                       0x08002c28   Section        0  stm32f1xx_hal_uart.o(.text.HAL_UART_IRQHandler)
    [Anonymous Symbol]                       0x08003198   Section        0  stm32f1xx_hal_uart.o(.text.HAL_UART_Init)
    [Anonymous Symbol]                       0x0800327c   Section        0  stm32f1xx_hal_msp.o(.text.HAL_UART_MspInit)
    [Anonymous Symbol]                       0x0800337c   Section        0  stm32f1xx_hal_uart.o(.text.HAL_UART_RxCpltCallback)
    [Anonymous Symbol]                       0x08003380   Section        0  stm32f1xx_hal_uart.o(.text.HAL_UART_RxHalfCpltCallback)
    [Anonymous Symbol]                       0x08003384   Section        0  stm32f1xx_hal_uart.o(.text.HAL_UART_Transmit)
    [Anonymous Symbol]                       0x08003518   Section        0  stm32f1xx_hal_uart.o(.text.HAL_UART_TxCpltCallback)
    [Anonymous Symbol]                       0x0800351c   Section        0  stm32f1xx_it.o(.text.HardFault_Handler)
    [Anonymous Symbol]                       0x08003520   Section        0  line_sensor.o(.text.Line_Init)
    [Anonymous Symbol]                       0x080035a0   Section        0  line_sensor.o(.text.Line_Read)
    [Anonymous Symbol]                       0x0800360c   Section        0  message.o(.text.MSG_SendRobotState)
    [Anonymous Symbol]                       0x08003668   Section        0  stm32f1xx_it.o(.text.MemManage_Handler)
    [Anonymous Symbol]                       0x0800366c   Section        0  motor.o(.text.Motor_Init)
    [Anonymous Symbol]                       0x080036c4   Section        0  motor.o(.text.Motor_Set)
    [Anonymous Symbol]                       0x08003748   Section        0  motor.o(.text.Motor_Stop)
    [Anonymous Symbol]                       0x08003790   Section        0  stm32f1xx_it.o(.text.NMI_Handler)
    [Anonymous Symbol]                       0x08003794   Section        0  stm32f1xx_it.o(.text.PendSV_Handler)
    [Anonymous Symbol]                       0x08003798   Section        0  robot_control.o(.text.Robot_ResetState)
    [Anonymous Symbol]                       0x080037d0   Section        0  robot_control.o(.text.Robot_Run)
    [Anonymous Symbol]                       0x08003d94   Section        0  stm32f1xx_it.o(.text.SVC_Handler)
    [Anonymous Symbol]                       0x08003d98   Section        0  stm32f1xx_it.o(.text.SysTick_Handler)
    [Anonymous Symbol]                       0x08003d9c   Section        0  system_stm32f1xx.o(.text.SystemInit)
    UART_DMAAbortOnError                     0x08003da1   Thumb Code    12  stm32f1xx_hal_uart.o(.text.UART_DMAAbortOnError)
    [Anonymous Symbol]                       0x08003da0   Section        0  stm32f1xx_hal_uart.o(.text.UART_DMAAbortOnError)
    UART_DMAError                            0x08003dad   Thumb Code   380  stm32f1xx_hal_uart.o(.text.UART_DMAError)
    [Anonymous Symbol]                       0x08003dac   Section        0  stm32f1xx_hal_uart.o(.text.UART_DMAError)
    UART_DMAReceiveCplt                      0x08003f29   Thumb Code   350  stm32f1xx_hal_uart.o(.text.UART_DMAReceiveCplt)
    [Anonymous Symbol]                       0x08003f28   Section        0  stm32f1xx_hal_uart.o(.text.UART_DMAReceiveCplt)
    UART_DMARxHalfCplt                       0x08004089   Thumb Code    24  stm32f1xx_hal_uart.o(.text.UART_DMARxHalfCplt)
    [Anonymous Symbol]                       0x08004088   Section        0  stm32f1xx_hal_uart.o(.text.UART_DMARxHalfCplt)
    [Anonymous Symbol]                       0x080040a0   Section        0  uart.o(.text.UART_DMA_Init)
    [Anonymous Symbol]                       0x080040e0   Section        0  uart.o(.text.UART_DMA_SendString)
    UART_Receive_IT                          0x08004101   Thumb Code   254  stm32f1xx_hal_uart.o(.text.UART_Receive_IT)
    [Anonymous Symbol]                       0x08004100   Section        0  stm32f1xx_hal_uart.o(.text.UART_Receive_IT)
    [Anonymous Symbol]                       0x08004200   Section        0  stm32f1xx_it.o(.text.USART1_IRQHandler)
    [Anonymous Symbol]                       0x0800420c   Section        0  ultrasonic.o(.text.Ultra_Init)
    [Anonymous Symbol]                       0x08004218   Section        0  ultrasonic.o(.text.Ultra_Read)
    [Anonymous Symbol]                       0x080042e0   Section        0  ultrasonic.o(.text.Ultra_ReadAll)
    [Anonymous Symbol]                       0x0800432c   Section        0  stm32f1xx_it.o(.text.UsageFault_Handler)
    [Anonymous Symbol]                       0x08004330   Section        0  main.o(.text.main)
    locale$$code                             0x08004668   Section       44  lc_ctype_c.o(locale$$code)
    x$fpl$d2f                                0x08004694   Section       98  d2f.o(x$fpl$d2f)
    x$fpl$dfltu                              0x080046f6   Section       38  dflt_clz.o(x$fpl$dfltu)
    x$fpl$dmul                               0x0800471c   Section      340  dmul.o(x$fpl$dmul)
    x$fpl$dnaninf                            0x08004870   Section      156  dnaninf.o(x$fpl$dnaninf)
    x$fpl$dretinf                            0x0800490c   Section       12  dretinf.o(x$fpl$dretinf)
    x$fpl$fadd                               0x08004918   Section      196  faddsub_clz.o(x$fpl$fadd)
    _fadd1                                   0x08004927   Thumb Code     0  faddsub_clz.o(x$fpl$fadd)
    x$fpl$fcmp                               0x080049dc   Section       84  fcmp.o(x$fpl$fcmp)
    x$fpl$fcmpinf                            0x08004a30   Section       24  fcmpi.o(x$fpl$fcmpinf)
    _fdiv1                                   0x08004a49   Thumb Code     0  fdiv.o(x$fpl$fdiv)
    x$fpl$fdiv                               0x08004a48   Section      388  fdiv.o(x$fpl$fdiv)
    x$fpl$feqf                               0x08004bcc   Section      104  feqf.o(x$fpl$feqf)
    x$fpl$ffix                               0x08004c34   Section       54  ffix.o(x$fpl$ffix)
    x$fpl$fflt                               0x08004c6c   Section       48  fflt_clz.o(x$fpl$fflt)
    x$fpl$fgeqf                              0x08004c9c   Section      104  fgeqf.o(x$fpl$fgeqf)
    x$fpl$fleqf                              0x08004d04   Section      104  fleqf.o(x$fpl$fleqf)
    x$fpl$fmul                               0x08004d6c   Section      258  fmul.o(x$fpl$fmul)
    x$fpl$fnaninf                            0x08004e6e   Section      140  fnaninf.o(x$fpl$fnaninf)
    x$fpl$fretinf                            0x08004efa   Section       10  fretinf.o(x$fpl$fretinf)
    x$fpl$fsub                               0x08004f04   Section      234  faddsub_clz.o(x$fpl$fsub)
    _fsub1                                   0x08004f13   Thumb Code     0  faddsub_clz.o(x$fpl$fsub)
    x$fpl$usenofp                            0x08004fee   Section        0  usenofp.o(x$fpl$usenofp)
    HAL_RCC_GetSysClockFreq.aPredivFactorTable 0x08005006   Data           2  stm32f1xx_hal_rcc.o(.rodata.HAL_RCC_GetSysClockFreq.aPredivFactorTable)
    [Anonymous Symbol]                       0x08005006   Section        0  stm32f1xx_hal_rcc.o(.rodata.HAL_RCC_GetSysClockFreq.aPredivFactorTable)
    HAL_RCC_GetSysClockFreq.aPLLMULFactorTable 0x08005008   Data          16  stm32f1xx_hal_rcc.o(.rodata.cst16)
    [Anonymous Symbol]                       0x08005008   Section        0  stm32f1xx_hal_rcc.o(.rodata.cst16)
    .L.str.15                                0x08005018   Data          26  message.o(.rodata.str1.1)
    [Anonymous Symbol]                       0x08005018   Section        0  message.o(.rodata.str1.1)
    locale$$data                             0x08005054   Section      272  lc_ctype_c.o(locale$$data)
    __lcctype_c_name                         0x08005058   Data           2  lc_ctype_c.o(locale$$data)
    __lcctype_c_start                        0x08005060   Data           0  lc_ctype_c.o(locale$$data)
    __lcctype_c_end                          0x08005164   Data           0  lc_ctype_c.o(locale$$data)
    .L_MergedGlobals                         0x20000000   Data           8  stm32f1xx_hal.o(.data..L_MergedGlobals)
    [Anonymous Symbol]                       0x20000000   Section        0  stm32f1xx_hal.o(.data..L_MergedGlobals)
    .L_MergedGlobals                         0x20000008   Data          12  robot_control.o(.data..L_MergedGlobals)
    last_ok_l                                0x20000008   Data           4  robot_control.o(.data..L_MergedGlobals)
    [Anonymous Symbol]                       0x20000008   Section        0  robot_control.o(.data..L_MergedGlobals)
    last_ok_m                                0x2000000c   Data           4  robot_control.o(.data..L_MergedGlobals)
    last_ok_r                                0x20000010   Data           4  robot_control.o(.data..L_MergedGlobals)
    speed                                    0x20000018   Data           4  message.o(.data.speed)
    [Anonymous Symbol]                       0x20000018   Section        0  message.o(.data.speed)
    .bss                                     0x20000020   Section       96  libspace.o(.bss)
    .L_MergedGlobals                         0x20000080   Data          80  main.o(.bss..L_MergedGlobals)
    [Anonymous Symbol]                       0x20000080   Section        0  main.o(.bss..L_MergedGlobals)
    .L_MergedGlobals                         0x200000d0   Data           8  line_sensor.o(.bss..L_MergedGlobals)
    [Anonymous Symbol]                       0x200000d0   Section        0  line_sensor.o(.bss..L_MergedGlobals)
    .L_MergedGlobals                         0x200000d8   Data           4  uart.o(.bss..L_MergedGlobals)
    [Anonymous Symbol]                       0x200000d8   Section        0  uart.o(.bss..L_MergedGlobals)
    .L_MergedGlobals.1                       0x200000dc   Data          20  robot_control.o(.bss..L_MergedGlobals.1)
    current_state                            0x200000dc   Data           1  robot_control.o(.bss..L_MergedGlobals.1)
    [Anonymous Symbol]                       0x200000dc   Section        0  robot_control.o(.bss..L_MergedGlobals.1)
    escape_mask                              0x200000dd   Data           1  robot_control.o(.bss..L_MergedGlobals.1)
    charge_locked                            0x200000de   Data           1  robot_control.o(.bss..L_MergedGlobals.1)
    locked_ls                                0x200000e0   Data           2  robot_control.o(.bss..L_MergedGlobals.1)
    locked_rs                                0x200000e2   Data           2  robot_control.o(.bss..L_MergedGlobals.1)
    state_start_time                         0x200000e4   Data           4  robot_control.o(.bss..L_MergedGlobals.1)
    last_seen_time                           0x200000e8   Data           4  robot_control.o(.bss..L_MergedGlobals.1)
    charge_lock_time                         0x200000ec   Data           4  robot_control.o(.bss..L_MergedGlobals.1)
    MSG_SendRobotState.last_send_time        0x200000f0   Data           4  message.o(.bss.MSG_SendRobotState.last_send_time)
    [Anonymous Symbol]                       0x200000f0   Section        0  message.o(.bss.MSG_SendRobotState.last_send_time)
    Heap_Mem                                 0x20000410   Data         512  startup_stm32f103xb.o(HEAP)
    HEAP                                     0x20000410   Section      512  startup_stm32f103xb.o(HEAP)
    Stack_Mem                                0x20000610   Data        1024  startup_stm32f103xb.o(STACK)
    STACK                                    0x20000610   Section     1024  startup_stm32f103xb.o(STACK)
    __initial_sp                             0x20000a10   Data           0  startup_stm32f103xb.o(STACK)

    Global Symbols

    Symbol Name                              Value     Ov Type        Size  Object(Section)

    BuildAttributes$$THM_ISAv4$P$D$K$B$S$PE$A:L22UL41UL21$X:L11$S22US41US21$IEEE1$IW$~IW$USESV6$~STKCKD$USESV7$~SHL$OTIME$ROPI$EBA8$UX$STANDARDLIB$REQ8$PRES8$EABIv2 0x00000000   Number         0  anon$$obj.o ABSOLUTE
    __fp_init_empty                          0x00000000   Number         0  fpinit_empty.o ABSOLUTE
    __ARM_exceptions_init                     - Undefined Weak Reference
    __alloca_initialize                       - Undefined Weak Reference
    __arm_preinit_                            - Undefined Weak Reference
    __arm_relocate_pie_                       - Undefined Weak Reference
    __cpp_initialize__aeabi_                  - Undefined Weak Reference
    __cxa_finalize                            - Undefined Weak Reference
    __sigvec_lookup                           - Undefined Weak Reference
    _atexit_init                              - Undefined Weak Reference
    _call_atexit_fns                          - Undefined Weak Reference
    _clock_init                               - Undefined Weak Reference
    _fp_trap_init                             - Undefined Weak Reference
    _fp_trap_shutdown                         - Undefined Weak Reference
    _get_lc_collate                           - Undefined Weak Reference
    _get_lc_monetary                          - Undefined Weak Reference
    _get_lc_numeric                           - Undefined Weak Reference
    _get_lc_time                              - Undefined Weak Reference
    _getenv_init                              - Undefined Weak Reference
    _handle_redirection                       - Undefined Weak Reference
    _init_alloc                               - Undefined Weak Reference
    _init_user_alloc                          - Undefined Weak Reference
    _initio                                   - Undefined Weak Reference
    _printf_post_padding                      - Undefined Weak Reference
    _printf_pre_padding                       - Undefined Weak Reference
    _printf_truncate_signed                   - Undefined Weak Reference
    _printf_truncate_unsigned                 - Undefined Weak Reference
    _rand_init                                - Undefined Weak Reference
    _signal_finish                            - Undefined Weak Reference
    _signal_init                              - Undefined Weak Reference
    _terminate_alloc                          - Undefined Weak Reference
    _terminate_user_alloc                     - Undefined Weak Reference
    _terminateio                              - Undefined Weak Reference
    __Vectors_Size                           0x000000ec   Number         0  startup_stm32f103xb.o ABSOLUTE
    __Vectors                                0x08000000   Data           4  startup_stm32f103xb.o(RESET)
    __Vectors_End                            0x080000ec   Data           0  startup_stm32f103xb.o(RESET)
    __main                                   0x080000ed   Thumb Code     8  __main.o(!!!main)
    __scatterload                            0x080000f5   Thumb Code     0  __scatter.o(!!!scatter)
    __scatterload_rt2                        0x080000f5   Thumb Code    84  __scatter.o(!!!scatter)
    __scatterload_rt2_thumb_only             0x080000f5   Thumb Code     0  __scatter.o(!!!scatter)
    __scatterload_loop                       0x080000ff   Thumb Code     0  __scatter.o(!!!scatter)
    __scatterload_copy                       0x08000151   Thumb Code    26  __scatter_copy.o(!!handler_copy)
    __scatterload_null                       0x0800016d   Thumb Code     2  __scatter.o(!!handler_null)
    __scatterload_zeroinit                   0x08000171   Thumb Code    28  __scatter_zi.o(!!handler_zi)
    _printf_d                                0x0800018d   Thumb Code     0  _printf_d.o(.ARM.Collect$$_printf_percent$$00000009)
    _printf_percent                          0x0800018d   Thumb Code     0  _printf_percent.o(.ARM.Collect$$_printf_percent$$00000000)
    _printf_percent_end                      0x08000193   Thumb Code     0  _printf_percent_end.o(.ARM.Collect$$_printf_percent$$00000017)
    __rt_lib_init                            0x08000197   Thumb Code     0  libinit.o(.ARM.Collect$$libinit$$00000000)
    __rt_lib_init_fp_1                       0x08000199   Thumb Code     0  libinit2.o(.ARM.Collect$$libinit$$00000002)
    __rt_lib_init_heap_1                     0x08000199   Thumb Code     0  libinit2.o(.ARM.Collect$$libinit$$0000000C)
    __rt_lib_init_lc_common                  0x08000199   Thumb Code     0  libinit2.o(.ARM.Collect$$libinit$$00000011)
    __rt_lib_init_preinit_1                  0x08000199   Thumb Code     0  libinit2.o(.ARM.Collect$$libinit$$00000006)
    __rt_lib_init_rand_1                     0x08000199   Thumb Code     0  libinit2.o(.ARM.Collect$$libinit$$00000010)
    __rt_lib_init_relocate_pie_1             0x08000199   Thumb Code     0  libinit2.o(.ARM.Collect$$libinit$$00000004)
    __rt_lib_init_user_alloc_1               0x08000199   Thumb Code     0  libinit2.o(.ARM.Collect$$libinit$$0000000E)
    __rt_lib_init_lc_collate_1               0x0800019f   Thumb Code     0  libinit2.o(.ARM.Collect$$libinit$$00000013)
    __rt_lib_init_lc_ctype_2                 0x0800019f   Thumb Code     0  libinit2.o(.ARM.Collect$$libinit$$00000014)
    __rt_lib_init_alloca_1                   0x080001ab   Thumb Code     0  libinit2.o(.ARM.Collect$$libinit$$00000030)
    __rt_lib_init_argv_1                     0x080001ab   Thumb Code     0  libinit2.o(.ARM.Collect$$libinit$$0000002E)
    __rt_lib_init_atexit_1                   0x080001ab   Thumb Code     0  libinit2.o(.ARM.Collect$$libinit$$0000001D)
    __rt_lib_init_clock_1                    0x080001ab   Thumb Code     0  libinit2.o(.ARM.Collect$$libinit$$00000023)
    __rt_lib_init_cpp_1                      0x080001ab   Thumb Code     0  libinit2.o(.ARM.Collect$$libinit$$00000034)
    __rt_lib_init_exceptions_1               0x080001ab   Thumb Code     0  libinit2.o(.ARM.Collect$$libinit$$00000032)
    __rt_lib_init_fp_trap_1                  0x080001ab   Thumb Code     0  libinit2.o(.ARM.Collect$$libinit$$00000021)
    __rt_lib_init_getenv_1                   0x080001ab   Thumb Code     0  libinit2.o(.ARM.Collect$$libinit$$00000025)
    __rt_lib_init_lc_ctype_1                 0x080001ab   Thumb Code     0  libinit2.o(.ARM.Collect$$libinit$$00000015)
    __rt_lib_init_lc_monetary_1              0x080001ab   Thumb Code     0  libinit2.o(.ARM.Collect$$libinit$$00000017)
    __rt_lib_init_lc_numeric_1               0x080001ab   Thumb Code     0  libinit2.o(.ARM.Collect$$libinit$$00000019)
    __rt_lib_init_lc_time_1                  0x080001ab   Thumb Code     0  libinit2.o(.ARM.Collect$$libinit$$0000001B)
    __rt_lib_init_return                     0x080001ab   Thumb Code     0  libinit2.o(.ARM.Collect$$libinit$$00000035)
    __rt_lib_init_signal_1                   0x080001ab   Thumb Code     0  libinit2.o(.ARM.Collect$$libinit$$0000001F)
    __rt_lib_init_stdio_1                    0x080001ab   Thumb Code     0  libinit2.o(.ARM.Collect$$libinit$$00000027)
    __rt_lib_shutdown                        0x080001ad   Thumb Code     0  libshutdown.o(.ARM.Collect$$libshutdown$$00000000)
    __rt_lib_shutdown_cpp_1                  0x080001af   Thumb Code     0  libshutdown2.o(.ARM.Collect$$libshutdown$$00000002)
    __rt_lib_shutdown_fp_trap_1              0x080001af   Thumb Code     0  libshutdown2.o(.ARM.Collect$$libshutdown$$00000007)
    __rt_lib_shutdown_heap_1                 0x080001af   Thumb Code     0  libshutdown2.o(.ARM.Collect$$libshutdown$$0000000F)
    __rt_lib_shutdown_return                 0x080001af   Thumb Code     0  libshutdown2.o(.ARM.Collect$$libshutdown$$00000010)
    __rt_lib_shutdown_signal_1               0x080001af   Thumb Code     0  libshutdown2.o(.ARM.Collect$$libshutdown$$0000000A)
    __rt_lib_shutdown_stdio_1                0x080001af   Thumb Code     0  libshutdown2.o(.ARM.Collect$$libshutdown$$00000004)
    __rt_lib_shutdown_user_alloc_1           0x080001af   Thumb Code     0  libshutdown2.o(.ARM.Collect$$libshutdown$$0000000C)
    __rt_entry                               0x080001b1   Thumb Code     0  __rtentry.o(.ARM.Collect$$rtentry$$00000000)
    __rt_entry_presh_1                       0x080001b1   Thumb Code     0  __rtentry2.o(.ARM.Collect$$rtentry$$00000002)
    __rt_entry_sh                            0x080001b1   Thumb Code     0  __rtentry4.o(.ARM.Collect$$rtentry$$00000004)
    __rt_entry_li                            0x080001b7   Thumb Code     0  __rtentry2.o(.ARM.Collect$$rtentry$$0000000A)
    __rt_entry_postsh_1                      0x080001b7   Thumb Code     0  __rtentry2.o(.ARM.Collect$$rtentry$$00000009)
    __rt_entry_main                          0x080001bb   Thumb Code     0  __rtentry2.o(.ARM.Collect$$rtentry$$0000000D)
    __rt_entry_postli_1                      0x080001bb   Thumb Code     0  __rtentry2.o(.ARM.Collect$$rtentry$$0000000C)
    __rt_exit                                0x080001c3   Thumb Code     0  rtexit.o(.ARM.Collect$$rtexit$$00000000)
    __rt_exit_ls                             0x080001c5   Thumb Code     0  rtexit2.o(.ARM.Collect$$rtexit$$00000003)
    __rt_exit_prels_1                        0x080001c5   Thumb Code     0  rtexit2.o(.ARM.Collect$$rtexit$$00000002)
    __rt_exit_exit                           0x080001c9   Thumb Code     0  rtexit2.o(.ARM.Collect$$rtexit$$00000004)
    Reset_Handler                            0x080001d1   Thumb Code     8  startup_stm32f103xb.o(.text)
    ADC1_2_IRQHandler                        0x080001eb   Thumb Code     0  startup_stm32f103xb.o(.text)
    CAN1_RX1_IRQHandler                      0x080001eb   Thumb Code     0  startup_stm32f103xb.o(.text)
    CAN1_SCE_IRQHandler                      0x080001eb   Thumb Code     0  startup_stm32f103xb.o(.text)
    DMA1_Channel1_IRQHandler                 0x080001eb   Thumb Code     0  startup_stm32f103xb.o(.text)
    DMA1_Channel2_IRQHandler                 0x080001eb   Thumb Code     0  startup_stm32f103xb.o(.text)
    DMA1_Channel3_IRQHandler                 0x080001eb   Thumb Code     0  startup_stm32f103xb.o(.text)
    DMA1_Channel6_IRQHandler                 0x080001eb   Thumb Code     0  startup_stm32f103xb.o(.text)
    DMA1_Channel7_IRQHandler                 0x080001eb   Thumb Code     0  startup_stm32f103xb.o(.text)
    EXTI2_IRQHandler                         0x080001eb   Thumb Code     0  startup_stm32f103xb.o(.text)
    EXTI3_IRQHandler                         0x080001eb   Thumb Code     0  startup_stm32f103xb.o(.text)
    EXTI4_IRQHandler                         0x080001eb   Thumb Code     0  startup_stm32f103xb.o(.text)
    EXTI9_5_IRQHandler                       0x080001eb   Thumb Code     0  startup_stm32f103xb.o(.text)
    FLASH_IRQHandler                         0x080001eb   Thumb Code     0  startup_stm32f103xb.o(.text)
    I2C1_ER_IRQHandler                       0x080001eb   Thumb Code     0  startup_stm32f103xb.o(.text)
    I2C1_EV_IRQHandler                       0x080001eb   Thumb Code     0  startup_stm32f103xb.o(.text)
    I2C2_ER_IRQHandler                       0x080001eb   Thumb Code     0  startup_stm32f103xb.o(.text)
    I2C2_EV_IRQHandler                       0x080001eb   Thumb Code     0  startup_stm32f103xb.o(.text)
    PVD_IRQHandler                           0x080001eb   Thumb Code     0  startup_stm32f103xb.o(.text)
    RCC_IRQHandler                           0x080001eb   Thumb Code     0  startup_stm32f103xb.o(.text)
    RTC_Alarm_IRQHandler                     0x080001eb   Thumb Code     0  startup_stm32f103xb.o(.text)
    RTC_IRQHandler                           0x080001eb   Thumb Code     0  startup_stm32f103xb.o(.text)
    SPI1_IRQHandler                          0x080001eb   Thumb Code     0  startup_stm32f103xb.o(.text)
    SPI2_IRQHandler                          0x080001eb   Thumb Code     0  startup_stm32f103xb.o(.text)
    TAMPER_IRQHandler                        0x080001eb   Thumb Code     0  startup_stm32f103xb.o(.text)
    TIM1_BRK_IRQHandler                      0x080001eb   Thumb Code     0  startup_stm32f103xb.o(.text)
    TIM1_CC_IRQHandler                       0x080001eb   Thumb Code     0  startup_stm32f103xb.o(.text)
    TIM1_TRG_COM_IRQHandler                  0x080001eb   Thumb Code     0  startup_stm32f103xb.o(.text)
    TIM1_UP_IRQHandler                       0x080001eb   Thumb Code     0  startup_stm32f103xb.o(.text)
    TIM2_IRQHandler                          0x080001eb   Thumb Code     0  startup_stm32f103xb.o(.text)
    TIM3_IRQHandler                          0x080001eb   Thumb Code     0  startup_stm32f103xb.o(.text)
    TIM4_IRQHandler                          0x080001eb   Thumb Code     0  startup_stm32f103xb.o(.text)
    USART2_IRQHandler                        0x080001eb   Thumb Code     0  startup_stm32f103xb.o(.text)
    USART3_IRQHandler                        0x080001eb   Thumb Code     0  startup_stm32f103xb.o(.text)
    USBWakeUp_IRQHandler                     0x080001eb   Thumb Code     0  startup_stm32f103xb.o(.text)
    USB_HP_CAN1_TX_IRQHandler                0x080001eb   Thumb Code     0  startup_stm32f103xb.o(.text)
    USB_LP_CAN1_RX0_IRQHandler               0x080001eb   Thumb Code     0  startup_stm32f103xb.o(.text)
    WWDG_IRQHandler                          0x080001eb   Thumb Code     0  startup_stm32f103xb.o(.text)
    __user_initial_stackheap                 0x080001ed   Thumb Code     0  startup_stm32f103xb.o(.text)
    __2snprintf                              0x08000211   Thumb Code    58  noretval__2snprintf.o(.text)
    __printf                                 0x08000251   Thumb Code   104  __printf.o(.text)
    _printf_int_dec                          0x080002b9   Thumb Code   104  _printf_dec.o(.text)
    atoi                                     0x08000331   Thumb Code    26  atoi.o(.text)
    strstr                                   0x0800034b   Thumb Code    36  strstr.o(.text)
    strlen                                   0x0800036f   Thumb Code    62  strlen.o(.text)
    __aeabi_memcpy                           0x080003ad   Thumb Code     0  rt_memcpy_v6.o(.text)
    __rt_memcpy                              0x080003ad   Thumb Code   138  rt_memcpy_v6.o(.text)
    _memcpy_lastbytes                        0x08000413   Thumb Code     0  rt_memcpy_v6.o(.text)
    __aeabi_memcpy4                          0x08000437   Thumb Code     0  rt_memcpy_w.o(.text)
    __aeabi_memcpy8                          0x08000437   Thumb Code     0  rt_memcpy_w.o(.text)
    __rt_memcpy_w                            0x08000437   Thumb Code   100  rt_memcpy_w.o(.text)
    _memcpy_lastbytes_aligned                0x0800047f   Thumb Code     0  rt_memcpy_w.o(.text)
    __use_two_region_memory                  0x0800049b   Thumb Code     2  heapauxi.o(.text)
    __rt_heap_escrow$2region                 0x0800049d   Thumb Code     2  heapauxi.o(.text)
    __rt_heap_expand$2region                 0x0800049f   Thumb Code     2  heapauxi.o(.text)
    __aeabi_errno_addr                       0x080004a1   Thumb Code     8  rt_errno_addr_intlibspace.o(.text)
    __errno$intlibspace                      0x080004a1   Thumb Code     0  rt_errno_addr_intlibspace.o(.text)
    __rt_errno_addr$intlibspace              0x080004a1   Thumb Code     0  rt_errno_addr_intlibspace.o(.text)
    _printf_int_common                       0x080004a9   Thumb Code   178  _printf_intcommon.o(.text)
    _printf_char_common                      0x08000567   Thumb Code    32  _printf_char_common.o(.text)
    _snputc                                  0x0800058d   Thumb Code    16  _snputc.o(.text)
    strtol                                   0x0800059d   Thumb Code   112  strtol.o(.text)
    __user_libspace                          0x0800060d   Thumb Code     8  libspace.o(.text)
    __user_perproc_libspace                  0x0800060d   Thumb Code     0  libspace.o(.text)
    __user_perthread_libspace                0x0800060d   Thumb Code     0  libspace.o(.text)
    __rt_ctype_table                         0x08000615   Thumb Code    16  rt_ctype_table.o(.text)
    _strtoul                                 0x08000625   Thumb Code   158  _strtoul.o(.text)
    __user_setup_stackheap                   0x080006c3   Thumb Code    74  sys_stackheap_outer.o(.text)
    __rt_locale                              0x0800070d   Thumb Code     8  rt_locale_intlibspace.o(.text)
    _chval                                   0x08000715   Thumb Code    28  _chval.o(.text)
    exit                                     0x08000731   Thumb Code    18  exit.o(.text)
    strcmp                                   0x08000745   Thumb Code   128  strcmpv7m.o(.text)
    _sys_exit                                0x080007c5   Thumb Code     8  sys_exit.o(.text)
    __I$use$semihosting                      0x080007d1   Thumb Code     0  use_no_semi.o(.text)
    __use_no_semihosting_swi                 0x080007d1   Thumb Code     2  use_no_semi.o(.text)
    __semihosting_library_function           0x080007d3   Thumb Code     0  indicate_semi.o(.text)
    BusFault_Handler                         0x080007d5   Thumb Code     2  stm32f1xx_it.o(.text.BusFault_Handler)
    CMD_Process                              0x080007d9   Thumb Code   380  message.o(.text.CMD_Process)
    DMA1_Channel4_IRQHandler                 0x08000a01   Thumb Code    12  stm32f1xx_it.o(.text.DMA1_Channel4_IRQHandler)
    DMA1_Channel5_IRQHandler                 0x08000a0d   Thumb Code    12  stm32f1xx_it.o(.text.DMA1_Channel5_IRQHandler)
    DebugMon_Handler                         0x08000a19   Thumb Code     2  stm32f1xx_it.o(.text.DebugMon_Handler)
    EXTI0_IRQHandler                         0x08000a1d   Thumb Code     6  stm32f1xx_it.o(.text.EXTI0_IRQHandler)
    EXTI15_10_IRQHandler                     0x08000a25   Thumb Code    22  stm32f1xx_it.o(.text.EXTI15_10_IRQHandler)
    EXTI1_IRQHandler                         0x08000a3d   Thumb Code     6  stm32f1xx_it.o(.text.EXTI1_IRQHandler)
    Error_Handler                            0x08000a45   Thumb Code    10  main.o(.text.Error_Handler)
    Fuzzy_Control                            0x08000a51   Thumb Code  1894  fuzzy.o(.text.Fuzzy_Control)
    HAL_DMA_Abort                            0x080011b9   Thumb Code    70  stm32f1xx_hal_dma.o(.text.HAL_DMA_Abort)
    HAL_DMA_Abort_IT                         0x08001201   Thumb Code   182  stm32f1xx_hal_dma.o(.text.HAL_DMA_Abort_IT)
    HAL_DMA_GetError                         0x080012b9   Thumb Code     4  stm32f1xx_hal_dma.o(.text.HAL_DMA_GetError)
    HAL_DMA_IRQHandler                       0x080012bd   Thumb Code   416  stm32f1xx_hal_dma.o(.text.HAL_DMA_IRQHandler)
    HAL_DMA_Init                             0x0800145d   Thumb Code   132  stm32f1xx_hal_dma.o(.text.HAL_DMA_Init)
    HAL_DMA_Start_IT                         0x080014e1   Thumb Code   160  stm32f1xx_hal_dma.o(.text.HAL_DMA_Start_IT)
    HAL_Delay                                0x08001581   Thumb Code    40  stm32f1xx_hal.o(.text.HAL_Delay)
    HAL_GPIO_EXTI_Callback                   0x080015a9   Thumb Code   114  line_sensor.o(.text.HAL_GPIO_EXTI_Callback)
    HAL_GPIO_EXTI_IRQHandler                 0x0800161d   Thumb Code    22  stm32f1xx_hal_gpio.o(.text.HAL_GPIO_EXTI_IRQHandler)
    HAL_GPIO_Init                            0x08001635   Thumb Code   526  stm32f1xx_hal_gpio.o(.text.HAL_GPIO_Init)
    HAL_GPIO_ReadPin                         0x08001845   Thumb Code    10  stm32f1xx_hal_gpio.o(.text.HAL_GPIO_ReadPin)
    HAL_GPIO_WritePin                        0x08001851   Thumb Code    10  stm32f1xx_hal_gpio.o(.text.HAL_GPIO_WritePin)
    HAL_GetTick                              0x0800185d   Thumb Code    12  stm32f1xx_hal.o(.text.HAL_GetTick)
    HAL_IncTick                              0x08001869   Thumb Code    26  stm32f1xx_hal.o(.text.HAL_IncTick)
    HAL_Init                                 0x08001885   Thumb Code    38  stm32f1xx_hal.o(.text.HAL_Init)
    HAL_InitTick                             0x080018ad   Thumb Code    72  stm32f1xx_hal.o(.text.HAL_InitTick)
    HAL_MspInit                              0x080018f5   Thumb Code    66  stm32f1xx_hal_msp.o(.text.HAL_MspInit)
    HAL_NVIC_EnableIRQ                       0x08001939   Thumb Code    34  stm32f1xx_hal_cortex.o(.text.HAL_NVIC_EnableIRQ)
    HAL_NVIC_SetPriority                     0x0800195d   Thumb Code    86  stm32f1xx_hal_cortex.o(.text.HAL_NVIC_SetPriority)
    HAL_NVIC_SetPriorityGrouping             0x080019b5   Thumb Code    32  stm32f1xx_hal_cortex.o(.text.HAL_NVIC_SetPriorityGrouping)
    HAL_RCC_ClockConfig                      0x080019d5   Thumb Code   442  stm32f1xx_hal_rcc.o(.text.HAL_RCC_ClockConfig)
    HAL_RCC_GetPCLK1Freq                     0x08001b91   Thumb Code    38  stm32f1xx_hal_rcc.o(.text.HAL_RCC_GetPCLK1Freq)
    HAL_RCC_GetPCLK2Freq                     0x08001bb9   Thumb Code    38  stm32f1xx_hal_rcc.o(.text.HAL_RCC_GetPCLK2Freq)
    HAL_RCC_OscConfig                        0x08001be1   Thumb Code  1024  stm32f1xx_hal_rcc.o(.text.HAL_RCC_OscConfig)
    HAL_SYSTICK_Config                       0x08001fe1   Thumb Code    44  stm32f1xx_hal_cortex.o(.text.HAL_SYSTICK_Config)
    HAL_TIMEx_MasterConfigSynchronization    0x0800200d   Thumb Code   126  stm32f1xx_hal_tim_ex.o(.text.HAL_TIMEx_MasterConfigSynchronization)
    HAL_TIM_Base_Init                        0x0800208d   Thumb Code   250  stm32f1xx_hal_tim.o(.text.HAL_TIM_Base_Init)
    HAL_TIM_Base_MspInit                     0x08002189   Thumb Code    42  stm32f1xx_hal_msp.o(.text.HAL_TIM_Base_MspInit)
    HAL_TIM_Base_Start                       0x080021b5   Thumb Code   102  stm32f1xx_hal_tim.o(.text.HAL_TIM_Base_Start)
    HAL_TIM_ConfigClockSource                0x0800221d   Thumb Code   416  stm32f1xx_hal_tim.o(.text.HAL_TIM_ConfigClockSource)
    HAL_TIM_MspPostInit                      0x080023bd   Thumb Code    86  stm32f1xx_hal_msp.o(.text.HAL_TIM_MspPostInit)
    HAL_TIM_PWM_ConfigChannel                0x08002415   Thumb Code   516  stm32f1xx_hal_tim.o(.text.HAL_TIM_PWM_ConfigChannel)
    HAL_TIM_PWM_Init                         0x08002619   Thumb Code   250  stm32f1xx_hal_tim.o(.text.HAL_TIM_PWM_Init)
    HAL_TIM_PWM_MspInit                      0x08002715   Thumb Code    48  stm32f1xx_hal_msp.o(.text.HAL_TIM_PWM_MspInit)
    HAL_TIM_PWM_Start                        0x08002745   Thumb Code   218  stm32f1xx_hal_tim.o(.text.HAL_TIM_PWM_Start)
    HAL_UARTEx_ReceiveToIdle_DMA             0x08002821   Thumb Code   484  stm32f1xx_hal_uart.o(.text.HAL_UARTEx_ReceiveToIdle_DMA)
    HAL_UARTEx_RxEventCallback               0x08002a05   Thumb Code   114  uart.o(.text.HAL_UARTEx_RxEventCallback)
    HAL_UART_AbortReceive                    0x08002a79   Thumb Code   366  stm32f1xx_hal_uart.o(.text.HAL_UART_AbortReceive)
    HAL_UART_ErrorCallback                   0x08002be9   Thumb Code    62  uart.o(.text.HAL_UART_ErrorCallback)
    HAL_UART_IRQHandler                      0x08002c29   Thumb Code  1392  stm32f1xx_hal_uart.o(.text.HAL_UART_IRQHandler)
    HAL_UART_Init                            0x08003199   Thumb Code   226  stm32f1xx_hal_uart.o(.text.HAL_UART_Init)
    HAL_UART_MspInit                         0x0800327d   Thumb Code   256  stm32f1xx_hal_msp.o(.text.HAL_UART_MspInit)
    HAL_UART_RxCpltCallback                  0x0800337d   Thumb Code     2  stm32f1xx_hal_uart.o(.text.HAL_UART_RxCpltCallback)
    HAL_UART_RxHalfCpltCallback              0x08003381   Thumb Code     2  stm32f1xx_hal_uart.o(.text.HAL_UART_RxHalfCpltCallback)
    HAL_UART_Transmit                        0x08003385   Thumb Code   402  stm32f1xx_hal_uart.o(.text.HAL_UART_Transmit)
    HAL_UART_TxCpltCallback                  0x08003519   Thumb Code     2  stm32f1xx_hal_uart.o(.text.HAL_UART_TxCpltCallback)
    HardFault_Handler                        0x0800351d   Thumb Code     2  stm32f1xx_it.o(.text.HardFault_Handler)
    Line_Init                                0x08003521   Thumb Code   128  line_sensor.o(.text.Line_Init)
    Line_Read                                0x080035a1   Thumb Code   106  line_sensor.o(.text.Line_Read)
    MSG_SendRobotState                       0x0800360d   Thumb Code    72  message.o(.text.MSG_SendRobotState)
    MemManage_Handler                        0x08003669   Thumb Code     2  stm32f1xx_it.o(.text.MemManage_Handler)
    Motor_Init                               0x0800366d   Thumb Code    86  motor.o(.text.Motor_Init)
    Motor_Set                                0x080036c5   Thumb Code   130  motor.o(.text.Motor_Set)
    Motor_Stop                               0x08003749   Thumb Code    70  motor.o(.text.Motor_Stop)
    NMI_Handler                              0x08003791   Thumb Code     2  stm32f1xx_it.o(.text.NMI_Handler)
    PendSV_Handler                           0x08003795   Thumb Code     2  stm32f1xx_it.o(.text.PendSV_Handler)
    Robot_ResetState                         0x08003799   Thumb Code    54  robot_control.o(.text.Robot_ResetState)
    Robot_Run                                0x080037d1   Thumb Code  1474  robot_control.o(.text.Robot_Run)
    SVC_Handler                              0x08003d95   Thumb Code     2  stm32f1xx_it.o(.text.SVC_Handler)
    SysTick_Handler                          0x08003d99   Thumb Code     4  stm32f1xx_it.o(.text.SysTick_Handler)
    SystemInit                               0x08003d9d   Thumb Code     2  system_stm32f1xx.o(.text.SystemInit)
    UART_DMA_Init                            0x080040a1   Thumb Code    62  uart.o(.text.UART_DMA_Init)
    UART_DMA_SendString                      0x080040e1   Thumb Code    30  uart.o(.text.UART_DMA_SendString)
    USART1_IRQHandler                        0x08004201   Thumb Code    12  stm32f1xx_it.o(.text.USART1_IRQHandler)
    Ultra_Init                               0x0800420d   Thumb Code    12  ultrasonic.o(.text.Ultra_Init)
    Ultra_Read                               0x08004219   Thumb Code   200  ultrasonic.o(.text.Ultra_Read)
    Ultra_ReadAll                            0x080042e1   Thumb Code    74  ultrasonic.o(.text.Ultra_ReadAll)
    UsageFault_Handler                       0x0800432d   Thumb Code     2  stm32f1xx_it.o(.text.UsageFault_Handler)
    main                                     0x08004331   Thumb Code   822  main.o(.text.main)
    _get_lc_ctype                            0x08004669   Thumb Code    44  lc_ctype_c.o(locale$$code)
    __aeabi_d2f                              0x08004695   Thumb Code     0  d2f.o(x$fpl$d2f)
    _d2f                                     0x08004695   Thumb Code    98  d2f.o(x$fpl$d2f)
    __aeabi_ui2d                             0x080046f7   Thumb Code     0  dflt_clz.o(x$fpl$dfltu)
    _dfltu                                   0x080046f7   Thumb Code    38  dflt_clz.o(x$fpl$dfltu)
    __aeabi_dmul                             0x0800471d   Thumb Code     0  dmul.o(x$fpl$dmul)
    _dmul                                    0x0800471d   Thumb Code   332  dmul.o(x$fpl$dmul)
    __fpl_dnaninf                            0x08004871   Thumb Code   156  dnaninf.o(x$fpl$dnaninf)
    __fpl_dretinf                            0x0800490d   Thumb Code    12  dretinf.o(x$fpl$dretinf)
    __aeabi_fadd                             0x08004919   Thumb Code     0  faddsub_clz.o(x$fpl$fadd)
    _fadd                                    0x08004919   Thumb Code   196  faddsub_clz.o(x$fpl$fadd)
    __aeabi_fcmpeq                           0x080049dd   Thumb Code     0  fcmp.o(x$fpl$fcmp)
    _feq                                     0x080049dd   Thumb Code    14  fcmp.o(x$fpl$fcmp)
    _fneq                                    0x080049eb   Thumb Code    14  fcmp.o(x$fpl$fcmp)
    __aeabi_fcmpgt                           0x080049f9   Thumb Code     0  fcmp.o(x$fpl$fcmp)
    _fgr                                     0x080049f9   Thumb Code    14  fcmp.o(x$fpl$fcmp)
    __aeabi_fcmpge                           0x08004a07   Thumb Code     0  fcmp.o(x$fpl$fcmp)
    _fgeq                                    0x08004a07   Thumb Code    14  fcmp.o(x$fpl$fcmp)
    __aeabi_fcmple                           0x08004a15   Thumb Code     0  fcmp.o(x$fpl$fcmp)
    _fleq                                    0x08004a15   Thumb Code    14  fcmp.o(x$fpl$fcmp)
    __aeabi_fcmplt                           0x08004a23   Thumb Code     0  fcmp.o(x$fpl$fcmp)
    _fls                                     0x08004a23   Thumb Code    14  fcmp.o(x$fpl$fcmp)
    __fpl_fcmp_Inf                           0x08004a31   Thumb Code    24  fcmpi.o(x$fpl$fcmpinf)
    __aeabi_fdiv                             0x08004a49   Thumb Code     0  fdiv.o(x$fpl$fdiv)
    _fdiv                                    0x08004a49   Thumb Code   384  fdiv.o(x$fpl$fdiv)
    __aeabi_cfcmpeq                          0x08004bcd   Thumb Code     0  feqf.o(x$fpl$feqf)
    _fcmpeq                                  0x08004bcd   Thumb Code   104  feqf.o(x$fpl$feqf)
    __aeabi_f2iz                             0x08004c35   Thumb Code     0  ffix.o(x$fpl$ffix)
    _ffix                                    0x08004c35   Thumb Code    54  ffix.o(x$fpl$ffix)
    __aeabi_i2f                              0x08004c6d   Thumb Code     0  fflt_clz.o(x$fpl$fflt)
    _fflt                                    0x08004c6d   Thumb Code    48  fflt_clz.o(x$fpl$fflt)
    _fcmpge                                  0x08004c9d   Thumb Code   104  fgeqf.o(x$fpl$fgeqf)
    __aeabi_cfcmple                          0x08004d05   Thumb Code     0  fleqf.o(x$fpl$fleqf)
    _fcmple                                  0x08004d05   Thumb Code   104  fleqf.o(x$fpl$fleqf)
    __fpl_fcmple_InfNaN                      0x08004d57   Thumb Code     0  fleqf.o(x$fpl$fleqf)
    __aeabi_fmul                             0x08004d6d   Thumb Code     0  fmul.o(x$fpl$fmul)
    _fmul                                    0x08004d6d   Thumb Code   258  fmul.o(x$fpl$fmul)
    __fpl_fnaninf                            0x08004e6f   Thumb Code   140  fnaninf.o(x$fpl$fnaninf)
    __fpl_fretinf                            0x08004efb   Thumb Code    10  fretinf.o(x$fpl$fretinf)
    __aeabi_fsub                             0x08004f05   Thumb Code     0  faddsub_clz.o(x$fpl$fsub)
    _fsub                                    0x08004f05   Thumb Code   234  faddsub_clz.o(x$fpl$fsub)
    AHBPrescTable                            0x08004fee   Data          16  system_stm32f1xx.o(.rodata.AHBPrescTable)
    __I$use$fp                               0x08004fee   Number         0  usenofp.o(x$fpl$usenofp)
    APBPrescTable                            0x08004ffe   Data           8  system_stm32f1xx.o(.rodata.APBPrescTable)
    Region$$Table$$Base                      0x08005034   Number         0  anon$$obj.o(Region$$Table)
    Region$$Table$$Limit                     0x08005054   Number         0  anon$$obj.o(Region$$Table)
    __ctype                                  0x08005061   Data           0  lc_ctype_c.o(locale$$data)
    uwTickFreq                               0x20000000   Data           1  stm32f1xx_hal.o(.data..L_MergedGlobals)
    uwTickPrio                               0x20000004   Data           4  stm32f1xx_hal.o(.data..L_MergedGlobals)
    SystemCoreClock                          0x20000014   Data           4  system_stm32f1xx.o(.data.SystemCoreClock)
    __libspace_start                         0x20000020   Data          96  libspace.o(.bss)
    __temporary_stack_top$libspace           0x20000080   Data           0  libspace.o(.bss)
    robot_mode                               0x20000080   Data           1  main.o(.bss..L_MergedGlobals)
    speed_multiplier                         0x20000084   Data           4  main.o(.bss..L_MergedGlobals)
    htim2                                    0x20000088   Data          72  main.o(.bss..L_MergedGlobals)
    line_flag                                0x200000d0   Data           1  line_sensor.o(.bss..L_MergedGlobals)
    line_dir                                 0x200000d1   Data           1  line_sensor.o(.bss..L_MergedGlobals)
    line_time                                0x200000d4   Data           4  line_sensor.o(.bss..L_MergedGlobals)
    data_ready_flag                          0x200000d8   Data           1  uart.o(.bss..L_MergedGlobals)
    rx_data_len                              0x200000da   Data           2  uart.o(.bss..L_MergedGlobals)
    hdma_usart1_rx                           0x200000f4   Data          68  main.o(.bss.hdma_usart1_rx)
    hdma_usart1_tx                           0x20000138   Data          68  main.o(.bss.hdma_usart1_tx)
    htim3                                    0x2000017c   Data          72  main.o(.bss.htim3)
    huart1                                   0x200001c4   Data          72  main.o(.bss.huart1)
    main_buffer                              0x2000020c   Data         256  uart.o(.bss.main_buffer)
    rx_buffer                                0x2000030c   Data         256  uart.o(.bss.rx_buffer)
    uwTick                                   0x2000040c   Data           4  stm32f1xx_hal.o(.bss.uwTick)



==============================================================================

Memory Map of the image

  Image Entry point : 0x080000ed

  Load Region LR_IROM1 (Base: 0x08000000, Size: 0x00005188, Max: 0x00010000, ABSOLUTE)

    Execution Region ER_IROM1 (Exec base: 0x08000000, Load base: 0x08000000, Size: 0x00005164, Max: 0x00010000, ABSOLUTE)

    Exec Addr    Load Addr    Size         Type   Attr      Idx    E Section Name        Object

    0x08000000   0x08000000   0x000000ec   Data   RO            3    RESET               startup_stm32f103xb.o
    0x080000ec   0x080000ec   0x00000008   Code   RO         1065  * !!!main             c_w.l(__main.o)
    0x080000f4   0x080000f4   0x0000005c   Code   RO         1313    !!!scatter          c_w.l(__scatter.o)
    0x08000150   0x08000150   0x0000001a   Code   RO         1317    !!handler_copy      c_w.l(__scatter_copy.o)
    0x0800016a   0x0800016a   0x00000002   PAD
    0x0800016c   0x0800016c   0x00000002   Code   RO         1314    !!handler_null      c_w.l(__scatter.o)
    0x0800016e   0x0800016e   0x00000002   PAD
    0x08000170   0x08000170   0x0000001c   Code   RO         1319    !!handler_zi        c_w.l(__scatter_zi.o)
    0x0800018c   0x0800018c   0x00000000   Code   RO         1052    .ARM.Collect$$_printf_percent$$00000000  c_w.l(_printf_percent.o)
    0x0800018c   0x0800018c   0x00000006   Code   RO         1051    .ARM.Collect$$_printf_percent$$00000009  c_w.l(_printf_d.o)
    0x08000192   0x08000192   0x00000004   Code   RO         1113    .ARM.Collect$$_printf_percent$$00000017  c_w.l(_printf_percent_end.o)
    0x08000196   0x08000196   0x00000002   Code   RO         1176    .ARM.Collect$$libinit$$00000000  c_w.l(libinit.o)
    0x08000198   0x08000198   0x00000000   Code   RO         1182    .ARM.Collect$$libinit$$00000002  c_w.l(libinit2.o)
    0x08000198   0x08000198   0x00000000   Code   RO         1184    .ARM.Collect$$libinit$$00000004  c_w.l(libinit2.o)
    0x08000198   0x08000198   0x00000000   Code   RO         1186    .ARM.Collect$$libinit$$00000006  c_w.l(libinit2.o)
    0x08000198   0x08000198   0x00000000   Code   RO         1189    .ARM.Collect$$libinit$$0000000C  c_w.l(libinit2.o)
    0x08000198   0x08000198   0x00000000   Code   RO         1191    .ARM.Collect$$libinit$$0000000E  c_w.l(libinit2.o)
    0x08000198   0x08000198   0x00000000   Code   RO         1193    .ARM.Collect$$libinit$$00000010  c_w.l(libinit2.o)
    0x08000198   0x08000198   0x00000006   Code   RO         1194    .ARM.Collect$$libinit$$00000011  c_w.l(libinit2.o)
    0x0800019e   0x0800019e   0x00000000   Code   RO         1196    .ARM.Collect$$libinit$$00000013  c_w.l(libinit2.o)
    0x0800019e   0x0800019e   0x0000000c   Code   RO         1197    .ARM.Collect$$libinit$$00000014  c_w.l(libinit2.o)
    0x080001aa   0x080001aa   0x00000000   Code   RO         1198    .ARM.Collect$$libinit$$00000015  c_w.l(libinit2.o)
    0x080001aa   0x080001aa   0x00000000   Code   RO         1200    .ARM.Collect$$libinit$$00000017  c_w.l(libinit2.o)
    0x080001aa   0x080001aa   0x00000000   Code   RO         1202    .ARM.Collect$$libinit$$00000019  c_w.l(libinit2.o)
    0x080001aa   0x080001aa   0x00000000   Code   RO         1204    .ARM.Collect$$libinit$$0000001B  c_w.l(libinit2.o)
    0x080001aa   0x080001aa   0x00000000   Code   RO         1206    .ARM.Collect$$libinit$$0000001D  c_w.l(libinit2.o)
    0x080001aa   0x080001aa   0x00000000   Code   RO         1208    .ARM.Collect$$libinit$$0000001F  c_w.l(libinit2.o)
    0x080001aa   0x080001aa   0x00000000   Code   RO         1210    .ARM.Collect$$libinit$$00000021  c_w.l(libinit2.o)
    0x080001aa   0x080001aa   0x00000000   Code   RO         1212    .ARM.Collect$$libinit$$00000023  c_w.l(libinit2.o)
    0x080001aa   0x080001aa   0x00000000   Code   RO         1214    .ARM.Collect$$libinit$$00000025  c_w.l(libinit2.o)
    0x080001aa   0x080001aa   0x00000000   Code   RO         1216    .ARM.Collect$$libinit$$00000027  c_w.l(libinit2.o)
    0x080001aa   0x080001aa   0x00000000   Code   RO         1220    .ARM.Collect$$libinit$$0000002E  c_w.l(libinit2.o)
    0x080001aa   0x080001aa   0x00000000   Code   RO         1222    .ARM.Collect$$libinit$$00000030  c_w.l(libinit2.o)
    0x080001aa   0x080001aa   0x00000000   Code   RO         1224    .ARM.Collect$$libinit$$00000032  c_w.l(libinit2.o)
    0x080001aa   0x080001aa   0x00000000   Code   RO         1226    .ARM.Collect$$libinit$$00000034  c_w.l(libinit2.o)
    0x080001aa   0x080001aa   0x00000002   Code   RO         1227    .ARM.Collect$$libinit$$00000035  c_w.l(libinit2.o)
    0x080001ac   0x080001ac   0x00000002   Code   RO         1249    .ARM.Collect$$libshutdown$$00000000  c_w.l(libshutdown.o)
    0x080001ae   0x080001ae   0x00000000   Code   RO         1264    .ARM.Collect$$libshutdown$$00000002  c_w.l(libshutdown2.o)
    0x080001ae   0x080001ae   0x00000000   Code   RO         1266    .ARM.Collect$$libshutdown$$00000004  c_w.l(libshutdown2.o)
    0x080001ae   0x080001ae   0x00000000   Code   RO         1269    .ARM.Collect$$libshutdown$$00000007  c_w.l(libshutdown2.o)
    0x080001ae   0x080001ae   0x00000000   Code   RO         1272    .ARM.Collect$$libshutdown$$0000000A  c_w.l(libshutdown2.o)
    0x080001ae   0x080001ae   0x00000000   Code   RO         1274    .ARM.Collect$$libshutdown$$0000000C  c_w.l(libshutdown2.o)
    0x080001ae   0x080001ae   0x00000000   Code   RO         1277    .ARM.Collect$$libshutdown$$0000000F  c_w.l(libshutdown2.o)
    0x080001ae   0x080001ae   0x00000002   Code   RO         1278    .ARM.Collect$$libshutdown$$00000010  c_w.l(libshutdown2.o)
    0x080001b0   0x080001b0   0x00000000   Code   RO         1101    .ARM.Collect$$rtentry$$00000000  c_w.l(__rtentry.o)
    0x080001b0   0x080001b0   0x00000000   Code   RO         1135    .ARM.Collect$$rtentry$$00000002  c_w.l(__rtentry2.o)
    0x080001b0   0x080001b0   0x00000006   Code   RO         1147    .ARM.Collect$$rtentry$$00000004  c_w.l(__rtentry4.o)
    0x080001b6   0x080001b6   0x00000000   Code   RO         1137    .ARM.Collect$$rtentry$$00000009  c_w.l(__rtentry2.o)
    0x080001b6   0x080001b6   0x00000004   Code   RO         1138    .ARM.Collect$$rtentry$$0000000A  c_w.l(__rtentry2.o)
    0x080001ba   0x080001ba   0x00000000   Code   RO         1140    .ARM.Collect$$rtentry$$0000000C  c_w.l(__rtentry2.o)
    0x080001ba   0x080001ba   0x00000008   Code   RO         1141    .ARM.Collect$$rtentry$$0000000D  c_w.l(__rtentry2.o)
    0x080001c2   0x080001c2   0x00000002   Code   RO         1177    .ARM.Collect$$rtexit$$00000000  c_w.l(rtexit.o)
    0x080001c4   0x080001c4   0x00000000   Code   RO         1229    .ARM.Collect$$rtexit$$00000002  c_w.l(rtexit2.o)
    0x080001c4   0x080001c4   0x00000004   Code   RO         1230    .ARM.Collect$$rtexit$$00000003  c_w.l(rtexit2.o)
    0x080001c8   0x080001c8   0x00000006   Code   RO         1231    .ARM.Collect$$rtexit$$00000004  c_w.l(rtexit2.o)
    0x080001ce   0x080001ce   0x00000002   PAD
    0x080001d0   0x080001d0   0x00000040   Code   RO            4    .text               startup_stm32f103xb.o
    0x08000210   0x08000210   0x00000040   Code   RO         1025    .text               c_w.l(noretval__2snprintf.o)
    0x08000250   0x08000250   0x00000068   Code   RO         1027    .text               c_w.l(__printf.o)
    0x080002b8   0x080002b8   0x00000078   Code   RO         1029    .text               c_w.l(_printf_dec.o)
    0x08000330   0x08000330   0x0000001a   Code   RO         1053    .text               c_w.l(atoi.o)
    0x0800034a   0x0800034a   0x00000024   Code   RO         1055    .text               c_w.l(strstr.o)
    0x0800036e   0x0800036e   0x0000003e   Code   RO         1057    .text               c_w.l(strlen.o)
    0x080003ac   0x080003ac   0x0000008a   Code   RO         1059    .text               c_w.l(rt_memcpy_v6.o)
    0x08000436   0x08000436   0x00000064   Code   RO         1061    .text               c_w.l(rt_memcpy_w.o)
    0x0800049a   0x0800049a   0x00000006   Code   RO         1063    .text               c_w.l(heapauxi.o)
    0x080004a0   0x080004a0   0x00000008   Code   RO         1105    .text               c_w.l(rt_errno_addr_intlibspace.o)
    0x080004a8   0x080004a8   0x000000b2   Code   RO         1107    .text               c_w.l(_printf_intcommon.o)
    0x0800055a   0x0800055a   0x00000002   PAD
    0x0800055c   0x0800055c   0x00000030   Code   RO         1109    .text               c_w.l(_printf_char_common.o)
    0x0800058c   0x0800058c   0x00000010   Code   RO         1111    .text               c_w.l(_snputc.o)
    0x0800059c   0x0800059c   0x00000070   Code   RO         1114    .text               c_w.l(strtol.o)
    0x0800060c   0x0800060c   0x00000008   Code   RO         1131    .text               c_w.l(libspace.o)
    0x08000614   0x08000614   0x00000010   Code   RO         1149    .text               c_w.l(rt_ctype_table.o)
    0x08000624   0x08000624   0x0000009e   Code   RO         1153    .text               c_w.l(_strtoul.o)
    0x080006c2   0x080006c2   0x0000004a   Code   RO         1157    .text               c_w.l(sys_stackheap_outer.o)
    0x0800070c   0x0800070c   0x00000008   Code   RO         1162    .text               c_w.l(rt_locale_intlibspace.o)
    0x08000714   0x08000714   0x0000001c   Code   RO         1164    .text               c_w.l(_chval.o)
    0x08000730   0x08000730   0x00000012   Code   RO         1169    .text               c_w.l(exit.o)
    0x08000742   0x08000742   0x00000002   PAD
    0x08000744   0x08000744   0x00000080   Code   RO         1179    .text               c_w.l(strcmpv7m.o)
    0x080007c4   0x080007c4   0x0000000c   Code   RO         1239    .text               c_w.l(sys_exit.o)
    0x080007d0   0x080007d0   0x00000002   Code   RO         1254    .text               c_w.l(use_no_semi.o)
    0x080007d2   0x080007d2   0x00000000   Code   RO         1256    .text               c_w.l(indicate_semi.o)
    0x080007d2   0x080007d2   0x00000002   PAD
    0x080007d4   0x080007d4   0x00000002   Code   RO           37    .text.BusFault_Handler  stm32f1xx_it.o
    0x080007d6   0x080007d6   0x00000002   PAD
    0x080007d8   0x080007d8   0x00000228   Code   RO          997    .text.CMD_Process   message.o
    0x08000a00   0x08000a00   0x0000000c   Code   RO           53    .text.DMA1_Channel4_IRQHandler  stm32f1xx_it.o
    0x08000a0c   0x08000a0c   0x0000000c   Code   RO           55    .text.DMA1_Channel5_IRQHandler  stm32f1xx_it.o
    0x08000a18   0x08000a18   0x00000002   Code   RO           43    .text.DebugMon_Handler  stm32f1xx_it.o
    0x08000a1a   0x08000a1a   0x00000002   PAD
    0x08000a1c   0x08000a1c   0x00000006   Code   RO           49    .text.EXTI0_IRQHandler  stm32f1xx_it.o
    0x08000a22   0x08000a22   0x00000002   PAD
    0x08000a24   0x08000a24   0x00000016   Code   RO           59    .text.EXTI15_10_IRQHandler  stm32f1xx_it.o
    0x08000a3a   0x08000a3a   0x00000002   PAD
    0x08000a3c   0x08000a3c   0x00000006   Code   RO           51    .text.EXTI1_IRQHandler  stm32f1xx_it.o
    0x08000a42   0x08000a42   0x00000002   PAD
    0x08000a44   0x08000a44   0x0000000a   Code   RO           15    .text.Error_Handler  main.o
    0x08000a4e   0x08000a4e   0x00000002   PAD
    0x08000a50   0x08000a50   0x00000766   Code   RO          952    .text.Fuzzy_Control  fuzzy.o
    0x080011b6   0x080011b6   0x00000002   PAD
    0x080011b8   0x080011b8   0x00000046   Code   RO          569    .text.HAL_DMA_Abort  stm32f1xx_hal_dma.o
    0x080011fe   0x080011fe   0x00000002   PAD
    0x08001200   0x08001200   0x000000b6   Code   RO          571    .text.HAL_DMA_Abort_IT  stm32f1xx_hal_dma.o
    0x080012b6   0x080012b6   0x00000002   PAD
    0x080012b8   0x080012b8   0x00000004   Code   RO          583    .text.HAL_DMA_GetError  stm32f1xx_hal_dma.o
    0x080012bc   0x080012bc   0x000001a0   Code   RO          575    .text.HAL_DMA_IRQHandler  stm32f1xx_hal_dma.o
    0x0800145c   0x0800145c   0x00000084   Code   RO          561    .text.HAL_DMA_Init  stm32f1xx_hal_dma.o
    0x080014e0   0x080014e0   0x000000a0   Code   RO          567    .text.HAL_DMA_Start_IT  stm32f1xx_hal_dma.o
    0x08001580   0x08001580   0x00000028   Code   RO          445    .text.HAL_Delay     stm32f1xx_hal.o
    0x080015a8   0x080015a8   0x00000072   Code   RO          925    .text.HAL_GPIO_EXTI_Callback  line_sensor.o
    0x0800161a   0x0800161a   0x00000002   PAD
    0x0800161c   0x0800161c   0x00000016   Code   RO          549    .text.HAL_GPIO_EXTI_IRQHandler  stm32f1xx_hal_gpio.o
    0x08001632   0x08001632   0x00000002   PAD
    0x08001634   0x08001634   0x0000020e   Code   RO          537    .text.HAL_GPIO_Init  stm32f1xx_hal_gpio.o
    0x08001842   0x08001842   0x00000002   PAD
    0x08001844   0x08001844   0x0000000a   Code   RO          541    .text.HAL_GPIO_ReadPin  stm32f1xx_hal_gpio.o
    0x0800184e   0x0800184e   0x00000002   PAD
    0x08001850   0x08001850   0x0000000a   Code   RO          543    .text.HAL_GPIO_WritePin  stm32f1xx_hal_gpio.o
    0x0800185a   0x0800185a   0x00000002   PAD
    0x0800185c   0x0800185c   0x0000000c   Code   RO          437    .text.HAL_GetTick   stm32f1xx_hal.o
    0x08001868   0x08001868   0x0000001a   Code   RO          435    .text.HAL_IncTick   stm32f1xx_hal.o
    0x08001882   0x08001882   0x00000002   PAD
    0x08001884   0x08001884   0x00000026   Code   RO          425    .text.HAL_Init      stm32f1xx_hal.o
    0x080018aa   0x080018aa   0x00000002   PAD
    0x080018ac   0x080018ac   0x00000048   Code   RO          427    .text.HAL_InitTick  stm32f1xx_hal.o
    0x080018f4   0x080018f4   0x00000042   Code   RO           68    .text.HAL_MspInit   stm32f1xx_hal_msp.o
    0x08001936   0x08001936   0x00000002   PAD
    0x08001938   0x08001938   0x00000022   Code   RO          597    .text.HAL_NVIC_EnableIRQ  stm32f1xx_hal_cortex.o
    0x0800195a   0x0800195a   0x00000002   PAD
    0x0800195c   0x0800195c   0x00000056   Code   RO          595    .text.HAL_NVIC_SetPriority  stm32f1xx_hal_cortex.o
    0x080019b2   0x080019b2   0x00000002   PAD
    0x080019b4   0x080019b4   0x00000020   Code   RO          593    .text.HAL_NVIC_SetPriorityGrouping  stm32f1xx_hal_cortex.o
    0x080019d4   0x080019d4   0x000001ba   Code   RO          489    .text.HAL_RCC_ClockConfig  stm32f1xx_hal_rcc.o
    0x08001b8e   0x08001b8e   0x00000002   PAD
    0x08001b90   0x08001b90   0x00000026   Code   RO          501    .text.HAL_RCC_GetPCLK1Freq  stm32f1xx_hal_rcc.o
    0x08001bb6   0x08001bb6   0x00000002   PAD
    0x08001bb8   0x08001bb8   0x00000026   Code   RO          503    .text.HAL_RCC_GetPCLK2Freq  stm32f1xx_hal_rcc.o
    0x08001bde   0x08001bde   0x00000002   PAD
    0x08001be0   0x08001be0   0x00000400   Code   RO          487    .text.HAL_RCC_OscConfig  stm32f1xx_hal_rcc.o
    0x08001fe0   0x08001fe0   0x0000002c   Code   RO          605    .text.HAL_SYSTICK_Config  stm32f1xx_hal_cortex.o
    0x0800200c   0x0800200c   0x0000007e   Code   RO          401    .text.HAL_TIMEx_MasterConfigSynchronization  stm32f1xx_hal_tim_ex.o
    0x0800208a   0x0800208a   0x00000002   PAD
    0x0800208c   0x0800208c   0x000000fa   Code   RO          106    .text.HAL_TIM_Base_Init  stm32f1xx_hal_tim.o
    0x08002186   0x08002186   0x00000002   PAD
    0x08002188   0x08002188   0x0000002a   Code   RO           70    .text.HAL_TIM_Base_MspInit  stm32f1xx_hal_msp.o
    0x080021b2   0x080021b2   0x00000002   PAD
    0x080021b4   0x080021b4   0x00000066   Code   RO          116    .text.HAL_TIM_Base_Start  stm32f1xx_hal_tim.o
    0x0800221a   0x0800221a   0x00000002   PAD
    0x0800221c   0x0800221c   0x000001a0   Code   RO          286    .text.HAL_TIM_ConfigClockSource  stm32f1xx_hal_tim.o
    0x080023bc   0x080023bc   0x00000056   Code   RO           74    .text.HAL_TIM_MspPostInit  stm32f1xx_hal_msp.o
    0x08002412   0x08002412   0x00000002   PAD
    0x08002414   0x08002414   0x00000204   Code   RO          260    .text.HAL_TIM_PWM_ConfigChannel  stm32f1xx_hal_tim.o
    0x08002618   0x08002618   0x000000fa   Code   RO          160    .text.HAL_TIM_PWM_Init  stm32f1xx_hal_tim.o
    0x08002712   0x08002712   0x00000002   PAD
    0x08002714   0x08002714   0x00000030   Code   RO           72    .text.HAL_TIM_PWM_MspInit  stm32f1xx_hal_msp.o
    0x08002744   0x08002744   0x000000da   Code   RO          168    .text.HAL_TIM_PWM_Start  stm32f1xx_hal_tim.o
    0x0800281e   0x0800281e   0x00000002   PAD
    0x08002820   0x08002820   0x000001e4   Code   RO          804    .text.HAL_UARTEx_ReceiveToIdle_DMA  stm32f1xx_hal_uart.o
    0x08002a04   0x08002a04   0x00000072   Code   RO          964    .text.HAL_UARTEx_RxEventCallback  uart.o
    0x08002a76   0x08002a76   0x00000002   PAD
    0x08002a78   0x08002a78   0x0000016e   Code   RO          812    .text.HAL_UART_AbortReceive  stm32f1xx_hal_uart.o
    0x08002be6   0x08002be6   0x00000002   PAD
    0x08002be8   0x08002be8   0x0000003e   Code   RO          970    .text.HAL_UART_ErrorCallback  uart.o
    0x08002c26   0x08002c26   0x00000002   PAD
    0x08002c28   0x08002c28   0x00000570   Code   RO          834    .text.HAL_UART_IRQHandler  stm32f1xx_hal_uart.o
    0x08003198   0x08003198   0x000000e2   Code   RO          758    .text.HAL_UART_Init  stm32f1xx_hal_uart.o
    0x0800327a   0x0800327a   0x00000002   PAD
    0x0800327c   0x0800327c   0x00000100   Code   RO           80    .text.HAL_UART_MspInit  stm32f1xx_hal_msp.o
    0x0800337c   0x0800337c   0x00000002   Code   RO          848    .text.HAL_UART_RxCpltCallback  stm32f1xx_hal_uart.o
    0x0800337e   0x0800337e   0x00000002   PAD
    0x08003380   0x08003380   0x00000002   Code   RO          850    .text.HAL_UART_RxHalfCpltCallback  stm32f1xx_hal_uart.o
    0x08003382   0x08003382   0x00000002   PAD
    0x08003384   0x08003384   0x00000192   Code   RO          772    .text.HAL_UART_Transmit  stm32f1xx_hal_uart.o
    0x08003516   0x08003516   0x00000002   PAD
    0x08003518   0x08003518   0x00000002   Code   RO          844    .text.HAL_UART_TxCpltCallback  stm32f1xx_hal_uart.o
    0x0800351a   0x0800351a   0x00000002   PAD
    0x0800351c   0x0800351c   0x00000002   Code   RO           33    .text.HardFault_Handler  stm32f1xx_it.o
    0x0800351e   0x0800351e   0x00000002   PAD
    0x08003520   0x08003520   0x00000080   Code   RO          923    .text.Line_Init     line_sensor.o
    0x080035a0   0x080035a0   0x0000006a   Code   RO          927    .text.Line_Read     line_sensor.o
    0x0800360a   0x0800360a   0x00000002   PAD
    0x0800360c   0x0800360c   0x0000005c   Code   RO         1009    .text.MSG_SendRobotState  message.o
    0x08003668   0x08003668   0x00000002   Code   RO           35    .text.MemManage_Handler  stm32f1xx_it.o
    0x0800366a   0x0800366a   0x00000002   PAD
    0x0800366c   0x0800366c   0x00000056   Code   RO          893    .text.Motor_Init    motor.o
    0x080036c2   0x080036c2   0x00000002   PAD
    0x080036c4   0x080036c4   0x00000082   Code   RO          913    .text.Motor_Set     motor.o
    0x08003746   0x08003746   0x00000002   PAD
    0x08003748   0x08003748   0x00000046   Code   RO          895    .text.Motor_Stop    motor.o
    0x0800378e   0x0800378e   0x00000002   PAD
    0x08003790   0x08003790   0x00000002   Code   RO           31    .text.NMI_Handler   stm32f1xx_it.o
    0x08003792   0x08003792   0x00000002   PAD
    0x08003794   0x08003794   0x00000002   Code   RO           45    .text.PendSV_Handler  stm32f1xx_it.o
    0x08003796   0x08003796   0x00000002   PAD
    0x08003798   0x08003798   0x00000036   Code   RO          983    .text.Robot_ResetState  robot_control.o
    0x080037ce   0x080037ce   0x00000002   PAD
    0x080037d0   0x080037d0   0x000005c2   Code   RO          985    .text.Robot_Run     robot_control.o
    0x08003d92   0x08003d92   0x00000002   PAD
    0x08003d94   0x08003d94   0x00000002   Code   RO           41    .text.SVC_Handler   stm32f1xx_it.o
    0x08003d96   0x08003d96   0x00000002   PAD
    0x08003d98   0x08003d98   0x00000004   Code   RO           47    .text.SysTick_Handler  stm32f1xx_it.o
    0x08003d9c   0x08003d9c   0x00000002   Code   RO          878    .text.SystemInit    system_stm32f1xx.o
    0x08003d9e   0x08003d9e   0x00000002   PAD
    0x08003da0   0x08003da0   0x0000000c   Code   RO          838    .text.UART_DMAAbortOnError  stm32f1xx_hal_uart.o
    0x08003dac   0x08003dac   0x0000017c   Code   RO          788    .text.UART_DMAError  stm32f1xx_hal_uart.o
    0x08003f28   0x08003f28   0x0000015e   Code   RO          866    .text.UART_DMAReceiveCplt  stm32f1xx_hal_uart.o
    0x08004086   0x08004086   0x00000002   PAD
    0x08004088   0x08004088   0x00000018   Code   RO          868    .text.UART_DMARxHalfCplt  stm32f1xx_hal_uart.o
    0x080040a0   0x080040a0   0x0000003e   Code   RO          962    .text.UART_DMA_Init  uart.o
    0x080040de   0x080040de   0x00000002   PAD
    0x080040e0   0x080040e0   0x0000001e   Code   RO          966    .text.UART_DMA_SendString  uart.o
    0x080040fe   0x080040fe   0x00000002   PAD
    0x08004100   0x08004100   0x000000fe   Code   RO          836    .text.UART_Receive_IT  stm32f1xx_hal_uart.o
    0x080041fe   0x080041fe   0x00000002   PAD
    0x08004200   0x08004200   0x0000000c   Code   RO           57    .text.USART1_IRQHandler  stm32f1xx_it.o
    0x0800420c   0x0800420c   0x0000000c   Code   RO          938    .text.Ultra_Init    ultrasonic.o
    0x08004218   0x08004218   0x000000c8   Code   RO          940    .text.Ultra_Read    ultrasonic.o
    0x080042e0   0x080042e0   0x0000004a   Code   RO          942    .text.Ultra_ReadAll  ultrasonic.o
    0x0800432a   0x0800432a   0x00000002   PAD
    0x0800432c   0x0800432c   0x00000002   Code   RO           39    .text.UsageFault_Handler  stm32f1xx_it.o
    0x0800432e   0x0800432e   0x00000002   PAD
    0x08004330   0x08004330   0x00000336   Code   RO           11    .text.main          main.o
    0x08004666   0x08004666   0x00000002   PAD
    0x08004668   0x08004668   0x0000002c   Code   RO         1167    locale$$code        c_w.l(lc_ctype_c.o)
    0x08004694   0x08004694   0x00000062   Code   RO         1067    x$fpl$d2f           fz_ws.l(d2f.o)
    0x080046f6   0x080046f6   0x00000026   Code   RO         1069    x$fpl$dfltu         fz_ws.l(dflt_clz.o)
    0x0800471c   0x0800471c   0x00000154   Code   RO         1075    x$fpl$dmul          fz_ws.l(dmul.o)
    0x08004870   0x08004870   0x0000009c   Code   RO         1116    x$fpl$dnaninf       fz_ws.l(dnaninf.o)
    0x0800490c   0x0800490c   0x0000000c   Code   RO         1118    x$fpl$dretinf       fz_ws.l(dretinf.o)
    0x08004918   0x08004918   0x000000c4   Code   RO         1077    x$fpl$fadd          fz_ws.l(faddsub_clz.o)
    0x080049dc   0x080049dc   0x00000054   Code   RO         1083    x$fpl$fcmp          fz_ws.l(fcmp.o)
    0x08004a30   0x08004a30   0x00000018   Code   RO         1155    x$fpl$fcmpinf       fz_ws.l(fcmpi.o)
    0x08004a48   0x08004a48   0x00000184   Code   RO         1086    x$fpl$fdiv          fz_ws.l(fdiv.o)
    0x08004bcc   0x08004bcc   0x00000068   Code   RO         1120    x$fpl$feqf          fz_ws.l(feqf.o)
    0x08004c34   0x08004c34   0x00000036   Code   RO         1089    x$fpl$ffix          fz_ws.l(ffix.o)
    0x08004c6a   0x08004c6a   0x00000002   PAD
    0x08004c6c   0x08004c6c   0x00000030   Code   RO         1094    x$fpl$fflt          fz_ws.l(fflt_clz.o)
    0x08004c9c   0x08004c9c   0x00000068   Code   RO         1122    x$fpl$fgeqf         fz_ws.l(fgeqf.o)
    0x08004d04   0x08004d04   0x00000068   Code   RO         1124    x$fpl$fleqf         fz_ws.l(fleqf.o)
    0x08004d6c   0x08004d6c   0x00000102   Code   RO         1099    x$fpl$fmul          fz_ws.l(fmul.o)
    0x08004e6e   0x08004e6e   0x0000008c   Code   RO         1126    x$fpl$fnaninf       fz_ws.l(fnaninf.o)
    0x08004efa   0x08004efa   0x0000000a   Code   RO         1128    x$fpl$fretinf       fz_ws.l(fretinf.o)
    0x08004f04   0x08004f04   0x000000ea   Code   RO         1079    x$fpl$fsub          fz_ws.l(faddsub_clz.o)
    0x08004fee   0x08004fee   0x00000000   Code   RO         1130    x$fpl$usenofp       fz_ws.l(usenofp.o)
    0x08004fee   0x08004fee   0x00000010   Data   RO          883    .rodata.AHBPrescTable  system_stm32f1xx.o
    0x08004ffe   0x08004ffe   0x00000008   Data   RO          884    .rodata.APBPrescTable  system_stm32f1xx.o
    0x08005006   0x08005006   0x00000002   Data   RO          514    .rodata.HAL_RCC_GetSysClockFreq.aPredivFactorTable  stm32f1xx_hal_rcc.o
    0x08005008   0x08005008   0x00000010   Data   RO          513    .rodata.cst16       stm32f1xx_hal_rcc.o
    0x08005018   0x08005018   0x0000001a   Data   RO         1012    .rodata.str1.1      message.o
    0x08005032   0x08005032   0x00000002   PAD
    0x08005034   0x08005034   0x00000020   Data   RO         1312    Region$$Table       anon$$obj.o
    0x08005054   0x08005054   0x00000110   Data   RO         1166    locale$$data        c_w.l(lc_ctype_c.o)


    Execution Region RW_IRAM1 (Exec base: 0x20000000, Load base: 0x08005168, Size: 0x00000a10, Max: 0x00005000, ABSOLUTE)

    Exec Addr    Load Addr    Size         Type   Attr      Idx    E Section Name        Object

    0x20000000   0x08005168   0x00000008   Data   RW          476    .data..L_MergedGlobals  stm32f1xx_hal.o
    0x20000008   0x08005170   0x0000000c   Data   RW          987    .data..L_MergedGlobals  robot_control.o
    0x20000014   0x0800517c   0x00000004   Data   RW          882    .data.SystemCoreClock  system_stm32f1xx.o
    0x20000018   0x08005180   0x00000004   Data   RW         1011    .data.speed         message.o
    0x2000001c   0x08005184   0x00000004   PAD
    0x20000020        -       0x00000060   Zero   RW         1132    .bss                c_w.l(libspace.o)
    0x20000080        -       0x00000050   Zero   RW           22    .bss..L_MergedGlobals  main.o
    0x200000d0        -       0x00000008   Zero   RW          929    .bss..L_MergedGlobals  line_sensor.o
    0x200000d8        -       0x00000004   Zero   RW          974    .bss..L_MergedGlobals  uart.o
    0x200000dc        -       0x00000014   Zero   RW          988    .bss..L_MergedGlobals.1  robot_control.o
    0x200000f0        -       0x00000004   Zero   RW         1013    .bss.MSG_SendRobotState.last_send_time  message.o
    0x200000f4        -       0x00000044   Zero   RW           19    .bss.hdma_usart1_rx  main.o
    0x20000138        -       0x00000044   Zero   RW           20    .bss.hdma_usart1_tx  main.o
    0x2000017c        -       0x00000048   Zero   RW           17    .bss.htim3          main.o
    0x200001c4        -       0x00000048   Zero   RW           18    .bss.huart1         main.o
    0x2000020c        -       0x00000100   Zero   RW          973    .bss.main_buffer    uart.o
    0x2000030c        -       0x00000100   Zero   RW          972    .bss.rx_buffer      uart.o
    0x2000040c        -       0x00000004   Zero   RW          475    .bss.uwTick         stm32f1xx_hal.o
    0x20000410        -       0x00000200   Zero   RW            2    HEAP                startup_stm32f103xb.o
    0x20000610        -       0x00000400   Zero   RW            1    STACK               startup_stm32f103xb.o


==============================================================================

Image component sizes


      Code (inc. data)   RO Data    RW Data    ZI Data      Debug   Object Name

      1894          0          0          0          0       4036   fuzzy.o
       348          0          0          0          8       3497   line_sensor.o
       832          0          0          0        360      10538   main.o
       644        192         26          4          4       2993   message.o
       286          0          0          0          0       5078   motor.o
      1528         10          0         12         20       5401   robot_control.o
        64         26        236          0       1536        784   startup_stm32f103xb.o
       188          0          0          8          4       5770   stm32f1xx_hal.o
       196          0          0          0          0       8425   stm32f1xx_hal_cortex.o
       964          0          0          0          0       8573   stm32f1xx_hal_dma.o
       568         22          0          0          0       4767   stm32f1xx_hal_gpio.o
       498          0          0          0          0       8312   stm32f1xx_hal_msp.o
      1542          0         18          0          0       8078   stm32f1xx_hal_rcc.o
      1752          6          0          0          0      58582   stm32f1xx_hal_tim.o
       126          0          0          0          0      21223   stm32f1xx_hal_tim_ex.o
      3896          0          0          0          0      33163   stm32f1xx_hal_uart.o
        90          0          0          0          0       4477   stm32f1xx_it.o
         2          0         24          4          0       1589   system_stm32f1xx.o
       268          0          0          0        516       4317   uart.o
       286          0          0          0          0       5044   ultrasonic.o

    ----------------------------------------------------------------------
     16084        256        338         28       2452     204647   Object Totals
         0          0         32          0          0          0   (incl. Generated)
       112          0          2          0          4          0   (incl. Padding)

    ----------------------------------------------------------------------

      Code (inc. data)   RO Data    RW Data    ZI Data      Debug   Library Member Name

         8          0          0          0          0         68   __main.o
       104          0          0          0          0         84   __printf.o
         0          0          0          0          0          0   __rtentry.o
        12          0          0          0          0          0   __rtentry2.o
         6          0          0          0          0          0   __rtentry4.o
        94          8          0          0          0          0   __scatter.o
        26          0          0          0          0          0   __scatter_copy.o
        28          0          0          0          0          0   __scatter_zi.o
        28          0          0          0          0         68   _chval.o
        48          6          0          0          0         96   _printf_char_common.o
         6          0          0          0          0          0   _printf_d.o
       120         16          0          0          0         92   _printf_dec.o
       178          0          0          0          0         88   _printf_intcommon.o
         0          0          0          0          0          0   _printf_percent.o
         4          0          0          0          0          0   _printf_percent_end.o
        16          0          0          0          0         68   _snputc.o
       158          0          0          0          0         92   _strtoul.o
        26          0          0          0          0         80   atoi.o
        18          0          0          0          0         80   exit.o
         6          0          0          0          0        152   heapauxi.o
         0          0          0          0          0          0   indicate_semi.o
        44         10        272          0          0         76   lc_ctype_c.o
         2          0          0          0          0          0   libinit.o
        20          0          0          0          0          0   libinit2.o
         2          0          0          0          0          0   libshutdown.o
         2          0          0          0          0          0   libshutdown2.o
         8          4          0          0         96         68   libspace.o
        64          6          0          0          0         84   noretval__2snprintf.o
        16          4          0          0          0         76   rt_ctype_table.o
         8          4          0          0          0         68   rt_errno_addr_intlibspace.o
         8          4          0          0          0         68   rt_locale_intlibspace.o
       138          0          0          0          0         68   rt_memcpy_v6.o
       100          0          0          0          0         80   rt_memcpy_w.o
         2          0          0          0          0          0   rtexit.o
        10          0          0          0          0          0   rtexit2.o
       128          0          0          0          0         68   strcmpv7m.o
        62          0          0          0          0         76   strlen.o
        36          0          0          0          0         80   strstr.o
       112          0          0          0          0         88   strtol.o
        12          4          0          0          0         68   sys_exit.o
        74          0          0          0          0         80   sys_stackheap_outer.o
         2          0          0          0          0         68   use_no_semi.o
        98          4          0          0          0         92   d2f.o
        38          0          0          0          0         68   dflt_clz.o
       340         12          0          0          0        104   dmul.o
       156          4          0          0          0         92   dnaninf.o
        12          0          0          0          0         68   dretinf.o
       430          8          0          0          0        168   faddsub_clz.o
        84          0          0          0          0        196   fcmp.o
        24          0          0          0          0         68   fcmpi.o
       388         76          0          0          0         96   fdiv.o
       104          4          0          0          0         84   feqf.o
        54          4          0          0          0         84   ffix.o
        48          0          0          0          0         68   fflt_clz.o
       104          4          0          0          0         84   fgeqf.o
       104          4          0          0          0         84   fleqf.o
       258          4          0          0          0         84   fmul.o
       140          4          0          0          0         84   fnaninf.o
        10          0          0          0          0         68   fretinf.o
         0          0          0          0          0          0   usenofp.o

    ----------------------------------------------------------------------
      4142        194        272          0         96       3676   Library Totals
        14          0          0          0          0          0   (incl. Padding)

    ----------------------------------------------------------------------

      Code (inc. data)   RO Data    RW Data    ZI Data      Debug   Library Name

      1736         66        272          0         96       2084   c_w.l
      2392        128          0          0          0       1592   fz_ws.l

    ----------------------------------------------------------------------
      4142        194        272          0         96       3676   Library Totals

    ----------------------------------------------------------------------

==============================================================================


      Code (inc. data)   RO Data    RW Data    ZI Data      Debug   

     20226        450        610         28       2548     205999   Grand Totals
     20226        450        610         28       2548     205999   ELF Image Totals
     20226        450        610         28          0          0   ROM Totals

==============================================================================

    Total RO  Size (Code + RO Data)                20836 (  20.35kB)
    Total RW  Size (RW Data + ZI Data)              2576 (   2.52kB)
    Total ROM Size (Code + RO Data + RW Data)      20864 (  20.38kB)

==============================================================================

